07-23 03:35:59.272 W/SessionManager( 1569): SessionManager.endSession():96 Child session [IME_SESSION] is not ended while ending session [{IME_SESSION=1784777752707, INPUT_SESSION=1784777752692, INPUT_VIEW_SESSION=1784777752702}], ending it now.
07-23 03:35:59.272 I/AndroidIME( 1569): AbstractIme.onDeactivate():207 PasswordIme.onDeactivate()
07-23 03:35:59.273 W/SessionManager( 1569): SessionManager.endSession():88 Try to end a not begun session [IME_SESSION].
07-23 03:35:59.273 E/SessionManager( 1569): SessionManager.beginSession():60 Try to begin a session [IME_SESSION] whose parent [INPUT_VIEW_SESSION] hasn't begun.
07-23 03:35:59.273 I/AssistStructure( 6535): Flattened final assist data: 2740 bytes, containing 1 windows, 6 views
07-23 03:35:59.273 D/AutofillSession(  546): createPendingIntent for request 13
07-23 03:35:59.273 D/ContentCapturePerUserService(  546): Notified activity assist data for activity: Token{47473fd ActivityRecord{5262ba7 u0 com.roteiroapp.app/.MainActivity t13}} without a session Id
07-23 03:35:59.274 I/KeyboardViewUtil( 1569): KeyboardViewUtil.calculateMaxKeyboardBodyHeight():40 leave 354 height for app when screen height:2274, header height:116 and isFullscreenMode:false, so the max keyboard body height is:1804
07-23 03:35:59.274 W/Keyboard( 1569): Keyboard.getKeyboardViewHelper():619 null helper is returned: keyboardDef=iia{className=.latin.keyboard.LatinNumberKeyboard, id=#0x7f0b063e, initialStates=0, keyboardViewDefs=[iit{direction=LOCALE, id=#0x7f0b0132, isScalable=false, layoutId=#0x7f0e0403, type=HEADER, touchable=true}, iit{direction=null, id=#0x7f0b0132, isScalable=true, layoutId=#0x7f0e044c, type=BODY, touchable=true}], keyTextSizeRatio=1.0, persistentStates=0, persistentStatesPrefKey=null, popupBubbleLayoutId=#0x7f0e04dd, recentKeyLayoutId=0, recentKeyPopupLayoutId=0, recentKeyType=null, rememberRecentKey=NONE, sessionStates=0}, type=FLOATING_CANDIDATES, helpersCreated=[hzo@5d41398, hzo@8d4d7f1, null], 
07-23 03:35:59.274 D/OomAdjuster(  546): Not killing cached processes
07-23 03:35:59.274 I/GoogleInputMethodService( 1569): GoogleInputMethodService.setKeyboardViewShown():3483 setKeyboardViewShown() : type = HEADER, shownType = HIDE
07-23 03:35:59.274 I/GoogleInputMethodService( 1569): GoogleInputMethodService.setKeyboardViewShown():3530 setKeyboardViewShown() : shouldShow = false
07-23 03:35:59.275 I/GoogleInputMethodService( 1569): GoogleInputMethodService.setKeyboardViewShown():3483 setKeyboardViewShown() : type = BODY, shownType = SHOW_MANDATORY
07-23 03:35:59.275 I/GoogleInputMethodService( 1569): GoogleInputMethodService.setKeyboardViewShown():3530 setKeyboardViewShown() : shouldShow = true
07-23 03:35:59.275 W/Keyboard( 1569): Keyboard.getKeyboardViewHelper():619 null helper is returned: keyboardDef=iia{className=.latin.keyboard.LatinNumberKeyboard, id=#0x7f0b063e, initialStates=0, keyboardViewDefs=[iit{direction=LOCALE, id=#0x7f0b0132, isScalable=false, layoutId=#0x7f0e0403, type=HEADER, touchable=true}, iit{direction=null, id=#0x7f0b0132, isScalable=true, layoutId=#0x7f0e044c, type=BODY, touchable=true}], keyTextSizeRatio=1.0, persistentStates=0, persistentStatesPrefKey=null, popupBubbleLayoutId=#0x7f0e04dd, recentKeyLayoutId=0, recentKeyPopupLayoutId=0, recentKeyType=null, rememberRecentKey=NONE, sessionStates=0}, type=FLOATING_CANDIDATES, helpersCreated=[hzo@5d41398, hzo@8d4d7f1, null], 
07-23 03:35:59.275 I/GoogleInputMethodService( 1569): GoogleInputMethodService.setKeyboardViewShown():3483 setKeyboardViewShown() : type = FLOATING_CANDIDATES, shownType = HIDE
07-23 03:35:59.276 I/GoogleInputMethodService( 1569): GoogleInputMethodService.setKeyboardViewShown():3530 setKeyboardViewShown() : shouldShow = false
07-23 03:35:59.276 I/DeviceModeUtil( 1569): DeviceModeUtil.getDeviceMode():122 Get device mode phone by ui mode:1 and smallestScreenWidthDp:411
07-23 03:35:59.276 I/GoogleInputMethodService( 1569): GoogleInputMethodService.onStartInputView():1995 onStartInputView(EditorInfo{inputType=0x4002(Number) imeOptions=0x12000002 privateImeOptions=null actionName=GO actionLabel=null actionId=0 initialSelStart=0 initialSelEnd=0 initialCapsMode=0x0 hintText=null label=null packageName=com.roteiroapp.app fieldId=2131230921 fieldName=null extras=null}, true)
07-23 03:35:59.277 I/GoogleInputMethodService( 1569): GoogleInputMethodService.updateDeviceLockedStatus():2087 repeatCheckTimes = 2, unlocked = true
07-23 03:35:59.277 W/ModuleManager( 1569): ModuleManager.loadModule():450 Module erj is not available
07-23 03:35:59.278 W/AutofillChimeraService( 5478): Pending fill request while another request in the same session was triggered. [CONTEXT service_id=177 ]
07-23 03:35:59.279 I/DeviceModeUtil( 1569): DeviceModeUtil.getDeviceMode():122 Get device mode phone by ui mode:1 and smallestScreenWidthDp:411
07-23 03:35:59.279 W/FillRequestEventLogger(  546): Shouldn't be logging AutofillFillRequestReported again for same event
07-23 03:35:59.280 W/FillResponseEventLogger(  546): Shouldn't be logging AutofillFillRequestReported again for same event
07-23 03:35:59.280 D/AutofillSession(  546): clearPendingIntentLocked
07-23 03:35:59.280 D/AutofillInlineSuggestionsRequestSession(  546): onInlineSuggestionsResponseLocked called for:1073741824:131072@339410495
07-23 03:35:59.281 D/AutofillInlineSuggestionsRequestSession(  546): maybeNotifyFillUiEventLoked(): hasSuggestionToShow=false, mPreviousHasNonPinSuggestionShow=false
07-23 03:35:59.281 D/AutofillInlineSuggestionsRequestSession(  546): Send inline response: 0
07-23 03:35:59.281 D/AutofillUI(  546): destroySaveUiUiThread(): already destroyed
07-23 03:35:59.281 V/InlineSuggestionRenderService( 1626): handleDestroySuggestionViews called for 0:339410495
07-23 03:35:59.282 I/KeyboardViewUtil( 1569): KeyboardViewUtil.getKeyboardHeightRatio():189 systemKeyboardHeightRatio:1.000000; userKeyboardHeightRatio:1.000000.
07-23 03:35:59.283 I/KeyboardViewUtil( 1569): KeyboardViewUtil.calculateMaxKeyboardBodyHeight():40 leave 354 height for app when screen height:2274, header height:116 and isFullscreenMode:false, so the max keyboard body height is:1804
07-23 03:35:59.283 W/Keyboard( 1569): Keyboard.getKeyboardViewHelper():619 null helper is returned: keyboardDef=iia{className=.latin.keyboard.LatinNumberKeyboard, id=#0x7f0b063e, initialStates=0, keyboardViewDefs=[iit{direction=LOCALE, id=#0x7f0b0132, isScalable=false, layoutId=#0x7f0e0403, type=HEADER, touchable=true}, iit{direction=null, id=#0x7f0b0132, isScalable=true, layoutId=#0x7f0e044c, type=BODY, touchable=true}], keyTextSizeRatio=1.0, persistentStates=0, persistentStatesPrefKey=null, popupBubbleLayoutId=#0x7f0e04dd, recentKeyLayoutId=0, recentKeyPopupLayoutId=0, recentKeyType=null, rememberRecentKey=NONE, sessionStates=0}, type=FLOATING_CANDIDATES, helpersCreated=[hzo@5d41398, hzo@8d4d7f1, null], 
07-23 03:35:59.283 I/GoogleInputMethodService( 1569): GoogleInputMethodService.setKeyboardViewShown():3483 setKeyboardViewShown() : type = HEADER, shownType = HIDE
07-23 03:35:59.284 I/GoogleInputMethodService( 1569): GoogleInputMethodService.setKeyboardViewShown():3530 setKeyboardViewShown() : shouldShow = false
07-23 03:35:59.284 I/GoogleInputMethodService( 1569): GoogleInputMethodService.setKeyboardViewShown():3483 setKeyboardViewShown() : type = BODY, shownType = SHOW_MANDATORY
07-23 03:35:59.284 I/GoogleInputMethodService( 1569): GoogleInputMethodService.setKeyboardViewShown():3530 setKeyboardViewShown() : shouldShow = true
07-23 03:35:59.284 W/Keyboard( 1569): Keyboard.getKeyboardViewHelper():619 null helper is returned: keyboardDef=iia{className=.latin.keyboard.LatinNumberKeyboard, id=#0x7f0b063e, initialStates=0, keyboardViewDefs=[iit{direction=LOCALE, id=#0x7f0b0132, isScalable=false, layoutId=#0x7f0e0403, type=HEADER, touchable=true}, iit{direction=null, id=#0x7f0b0132, isScalable=true, layoutId=#0x7f0e044c, type=BODY, touchable=true}], keyTextSizeRatio=1.0, persistentStates=0, persistentStatesPrefKey=null, popupBubbleLayoutId=#0x7f0e04dd, recentKeyLayoutId=0, recentKeyPopupLayoutId=0, recentKeyType=null, rememberRecentKey=NONE, sessionStates=0}, type=FLOATING_CANDIDATES, helpersCreated=[hzo@5d41398, hzo@8d4d7f1, null], 
07-23 03:35:59.285 I/GoogleInputMethodService( 1569): GoogleInputMethodService.setKeyboardViewShown():3483 setKeyboardViewShown() : type = FLOATING_CANDIDATES, shownType = HIDE
07-23 03:35:59.285 I/GoogleInputMethodService( 1569): GoogleInputMethodService.setKeyboardViewShown():3530 setKeyboardViewShown() : shouldShow = false
07-23 03:35:59.285 I/DeviceModeUtil( 1569): DeviceModeUtil.getDeviceMode():122 Get device mode phone by ui mode:1 and smallestScreenWidthDp:411
07-23 03:35:59.285 I/DeviceModeUtil( 1569): DeviceModeUtil.getDeviceMode():122 Get device mode phone by ui mode:1 and smallestScreenWidthDp:411
07-23 03:35:59.286 I/KeyboardModeManager( 1569): KeyboardModeManager.setInputView():364 setInputView() : supportsOneHandedMode=true
07-23 03:35:59.286 I/NormalModeController( 1569): NormalModeController.getKeyboardBodyViewHolderPaddingBottom():116 currentPrimeKeyboardType:SOFT systemPaddingBottom:-1
07-23 03:35:59.286 I/AndroidIME( 1569): KeyboardViewManager.updateKeyboardBodyViewHolderPaddingBottom():604 Set finalPaddingBottom = 0 while keyboardBottomGapFromScreen = 0; navigationHeight = 126
07-23 03:35:59.287 I/NormalModeController( 1569): NormalModeController.getKeyboardBodyViewHolderPaddingBottom():116 currentPrimeKeyboardType:SOFT systemPaddingBottom:-1
07-23 03:35:59.287 I/IPCThreadState( 5478): oneway function results for code 1 on binder at 0x71cc2ac53700 will be dropped but finished with status UNKNOWN_TRANSACTION and reply parcel size 80
07-23 03:35:59.287 I/AndroidIME( 1569): KeyboardViewManager.updateKeyboardBodyViewHolderPaddingBottom():604 Set finalPaddingBottom = 0 while keyboardBottomGapFromScreen = 0; navigationHeight = 126
07-23 03:35:59.288 I/KeyboardModeManager( 1569): KeyboardModeManager.setInputView():356 setInputView() : entry=hwn{languageTag=en-US, variant=qwerty, hasLocalizedResources=true, conditionCacheKey=_device=phone_device_size=default_enable_adaptive_text_editing=true_enable_inline_suggestions_on_client_side=false_enable_large_tablet_batch_1=false_enable_large_tablet_batch_2=false_enable_more_candidates_view_for_multilingual=false_enable_nav_redesign=false_enable_number_row=false_enable_preemptive_decode=true_enable_secondary_symbols=false_expressions=normal_four_or_more_letter_rows=false_keyboard_mode=normal_language=en-US_orientation=portrait_physical_keyboard=qwerty_show_secondary_digits=true_show_suggestions=true_split_with_duplicate_keys=true_variant=qwerty, imeDef.stringId=ime_english_united_states, imeDef.className=com.google.android.apps.inputmethod.libs.latin5.LatinIme, imeDef.languageTag=en-US}
07-23 03:35:59.289 I/CurrentMicStatusHolder( 1569): CurrentMicStatusHolder.onStartInputView():79 Current Mic status = {MicIconHidden-SettingOff,MicIconHidden-PasswordOrNumberOrDateInputType,}
07-23 03:35:59.289 I/VoiceImeExtension( 1569): VoiceImeExtension.shouldStartVoiceInputAutomatically():383 No private IME option set to start voice input.
07-23 03:35:59.293 D/EGL_emulation( 1569): app_time_stats: avg=1245.65ms min=67.98ms max=2423.33ms count=2
07-23 03:35:59.294 D/BoundBrokerSvc( 5521): onBind: Intent { act=com.google.android.gms.common.BIND_SHARED_PREFS pkg=com.google.android.gms }
07-23 03:35:59.294 D/BoundBrokerSvc( 5521): Loading bound service for intent: Intent { act=com.google.android.gms.common.BIND_SHARED_PREFS pkg=com.google.android.gms }
07-23 03:35:59.296 D/BoundBrokerSvc( 5521): onUnbind: Intent { act=com.google.android.gms.common.BIND_SHARED_PREFS pkg=com.google.android.gms }
07-23 03:35:59.297 D/InsetsController( 6535): show(ime(), fromIme=true)
07-23 03:35:59.298 I/ImeTracker( 6535): com.roteiroapp.app:4da0a532: onCancelled at PHASE_CLIENT_APPLY_ANIMATION
07-23 03:35:59.298 D/BoundBrokerSvc( 5521): onBind: Intent { act=com.google.android.gms.common.BIND_SHARED_PREFS pkg=com.google.android.gms }
07-23 03:35:59.298 D/BoundBrokerSvc( 5521): Loading bound service for intent: Intent { act=com.google.android.gms.common.BIND_SHARED_PREFS pkg=com.google.android.gms }
07-23 03:35:59.299 D/InsetsController( 6535): show(ime(), fromIme=true)
07-23 03:35:59.300 I/ImeTracker( 6535): com.roteiroapp.app:9549edbd: onCancelled at PHASE_CLIENT_APPLY_ANIMATION
07-23 03:35:59.300 D/BoundBrokerSvc( 5521): onUnbind: Intent { act=com.google.android.gms.common.BIND_SHARED_PREFS pkg=com.google.android.gms }
07-23 03:35:59.371 D/EGL_emulation( 6535): app_time_stats: avg=164.83ms min=2.76ms max=500.02ms count=6
07-23 03:35:59.882 D/StatusBarIconController(  886): ignoring old pipeline callbacks, because the new mobile icons are enabled
07-23 03:36:00.002 I/AiAiEcho( 1771): Predicting[0]: 
07-23 03:36:00.002 I/AiAiEcho( 1771): EchoTargets: 
07-23 03:36:00.002 I/AiAiEcho( 1771): Filtered by AiAi flag check: 
07-23 03:36:00.002 I/AiAiEcho( 1771): Ranked targets strategy: SORT, count: 0, ranking metadata: 
07-23 03:36:00.003 I/AiAiEcho( 1771): #postPredictionTargets: Sending updates to UISurface lockscreen with targets# 0 (types=[])
07-23 03:36:00.024 W/PageIndicator(  886): Total number of pages invalid: 0. Assuming 1 page.
07-23 03:36:00.025 D/EGL_emulation(  886): app_time_stats: avg=40139.43ms min=40139.43ms max=40139.43ms count=1
07-23 03:36:00.803 D/EGL_emulation( 6535): app_time_stats: avg=130.14ms min=15.26ms max=499.27ms count=11
07-23 03:36:01.803 D/EGL_emulation( 6535): app_time_stats: avg=333.30ms min=15.74ms max=499.32ms count=3
07-23 03:36:02.510 D/BoundBrokerSvc( 5478): onUnbind: Intent { act=com.google.android.gms.gmscompliance.service.START dat=chimera-action:/... cmp=com.google.android.gms/.chimera.PersistentBoundBrokerService }
07-23 03:36:02.672 I/wpa_supplicant(  874): wlan0: CTRL-EVENT-BEACON-LOSS 
07-23 03:36:03.287 D/EGL_emulation( 6535): app_time_stats: avg=370.91ms min=15.92ms max=499.25ms count=4
07-23 03:36:04.288 D/EGL_emulation( 6535): app_time_stats: avg=333.55ms min=17.22ms max=499.32ms count=3
07-23 03:36:05.303 D/EGL_emulation( 6535): app_time_stats: avg=253.91ms min=15.63ms max=499.56ms count=4
07-23 03:36:06.304 D/EGL_emulation( 6535): app_time_stats: avg=333.43ms min=16.66ms max=499.16ms count=3
07-23 03:36:06.495 D/androidtc(  546): Initializing SystemTextClassifier, type = System
07-23 03:36:06.495 I/AiAiTextClassifier( 1771): onCreateTextClassificationSession = TextClassificationSessionId {e4f316dc-2a8f-4c21-aa2c-67ba1ce26848}
07-23 03:36:06.496 I/AiAiTranslate( 1771): C2T - not in a conversation
07-23 03:36:06.496 I/ClipboardListener(  886): Clipboard overlay suppressed.
07-23 03:36:06.499 I/ClipboardListener(  886): Clipboard overlay suppressed.
07-23 03:36:06.500 W/AutoPasteSuggestionHelper( 1569): AutoPasteSuggestionHelper.createProactiveSuggestions():382 Failed to create item chips. Clip items are [ClipItem{ id = 1784777766494, timestamp = 1784777766495, clipItemContent = ClipItemContent{text=750615, htmlText=, itemType=0, entityType=3, uri=, groupId=-1, viewType=0}}, ClipItem{ id = 1784777766495, timestamp = 1784777766495, clipItemContent = ClipItemContent{text=750615, htmlText=, itemType=0, entityType=4, uri=, groupId=-1, viewType=0}}].
07-23 03:36:06.550 D/StatusBarIconController(  886): ignoring old pipeline callback because the new wifi icon is enabled
07-23 03:36:07.470 D/TaplEvents( 1171): TIS / TouchInteractionService.onInputEvent: MotionEvent { action=ACTION_DOWN, actionButton=0, id[0]=0, x[0]=647.97363, y[0]=1356.958, toolType[0]=TOOL_TYPE_FINGER, buttonState=0, classification=NONE, metaState=0, flags=0x0, edgeFlags=0x0, pointerCount=1, historySize=0, eventTime=426157, downTime=426157, deviceId=4, source=0x5002, displayId=0, eventId=1006717570 }
07-23 03:36:07.564 D/TaplEvents( 1171): TIS / TouchInteractionService.onInputEvent: MotionEvent { action=ACTION_UP, actionButton=0, id[0]=0, x[0]=647.97363, y[0]=1356.958, toolType[0]=TOOL_TYPE_FINGER, buttonState=0, classification=NONE, metaState=0, flags=0x0, edgeFlags=0x0, pointerCount=1, historySize=0, eventTime=426251, downTime=426157, deviceId=4, source=0x5002, displayId=0, eventId=250520806 }
07-23 03:36:07.568 I/ImeTracker( 6535): com.roteiroapp.app:cc757ed3: onRequestShow at ORIGIN_CLIENT_SHOW_SOFT_INPUT reason SHOW_SOFT_INPUT
07-23 03:36:07.568 D/InputMethodManager( 6535): showSoftInput() view=com.getcapacitor.CapacitorWebView{accc5be VFEDHVC.. .F...... 0,0-1080,2337 #7f0800c9 app:id/webview aid=1073741824} flags=0 reason=SHOW_SOFT_INPUT
07-23 03:36:07.569 D/InsetsController( 6535): show(ime(), fromIme=true)
07-23 03:36:07.570 I/ImeTracker( 6535): com.roteiroapp.app:cc757ed3: onCancelled at PHASE_CLIENT_APPLY_ANIMATION
07-23 03:36:07.733 D/OomAdjuster(  546): Not killing cached processes
07-23 03:36:07.803 D/EGL_emulation( 6535): app_time_stats: avg=374.65ms min=15.00ms max=500.18ms count=4
07-23 03:36:07.832 I/ClipboardService(  546): RoteiroApp pasted from your clipboard
07-23 03:36:07.838 D/CoreBackPreview(  546): Window{9a16d20 u0 Toast}: Setting back callback OnBackInvokedCallbackInfo{mCallback=android.window.IOnBackInvokedCallback$Stub$Proxy@f7189e, mPriority=0, mIsAnimationCallback=false}
07-23 03:36:07.842 E/OpenGLRenderer(  886): Unable to match the desired swap behavior.
07-23 03:36:08.427 D/TaplEvents( 1171): TIS / TouchInteractionService.onInputEvent: MotionEvent { action=ACTION_DOWN, actionButton=0, id[0]=0, x[0]=792.95996, y[0]=1542.9199, toolType[0]=TOOL_TYPE_FINGER, buttonState=0, classification=NONE, metaState=0, flags=0x0, edgeFlags=0x0, pointerCount=1, historySize=0, eventTime=427114, downTime=427114, deviceId=4, source=0x5002, displayId=0, eventId=778813502 }
07-23 03:36:08.470 D/TaplEvents( 1171): TIS / TouchInteractionService.onInputEvent: MotionEvent { action=ACTION_UP, actionButton=0, id[0]=0, x[0]=792.95996, y[0]=1136.9385, toolType[0]=TOOL_TYPE_FINGER, buttonState=0, classification=NONE, metaState=0, flags=0x0, edgeFlags=0x0, pointerCount=1, historySize=0, eventTime=427157, downTime=427114, deviceId=4, source=0x5002, displayId=0, eventId=152007356 }
07-23 03:36:08.470 D/TaplEvents( 1171): TIS / TouchInteractionService.onInputEvent: MotionEvent { action=ACTION_DOWN, actionButton=0, id[0]=0, x[0]=811.94434, y[0]=1559.9121, toolType[0]=TOOL_TYPE_FINGER, buttonState=0, classification=NONE, metaState=0, flags=0x0, edgeFlags=0x0, pointerCount=1, historySize=0, eventTime=427157, downTime=427157, deviceId=4, source=0x5002, displayId=0, eventId=943021526 }
07-23 03:36:08.506 D/TaplEvents( 1171): TIS / TouchInteractionService.onInputEvent: MotionEvent { action=ACTION_UP, actionButton=0, id[0]=0, x[0]=811.94434, y[0]=485.9619, toolType[0]=TOOL_TYPE_FINGER, buttonState=0, classification=NONE, metaState=0, flags=0x0, edgeFlags=0x0, pointerCount=1, historySize=0, eventTime=427193, downTime=427157, deviceId=4, source=0x5002, displayId=0, eventId=489181009 }
07-23 03:36:08.506 D/TaplEvents( 1171): TIS / TouchInteractionService.onInputEvent: MotionEvent { action=ACTION_DOWN, actionButton=0, id[0]=0, x[0]=845.958, y[0]=1611.9141, toolType[0]=TOOL_TYPE_FINGER, buttonState=0, classification=NONE, metaState=0, flags=0x0, edgeFlags=0x0, pointerCount=1, historySize=0, eventTime=427193, downTime=427193, deviceId=4, source=0x5002, displayId=0, eventId=476284376 }
07-23 03:36:08.802 D/TaplEvents( 1171): TIS / TouchInteractionService.onInputEvent: MotionEvent { action=ACTION_UP, actionButton=0, id[0]=0, x[0]=845.958, y[0]=0.0, toolType[0]=TOOL_TYPE_FINGER, buttonState=0, classification=NONE, metaState=0, flags=0x0, edgeFlags=0x0, pointerCount=1, historySize=0, eventTime=427489, downTime=427193, deviceId=4, source=0x5002, displayId=0, eventId=26498995 }
07-23 03:36:08.871 D/EGL_emulation( 6535): app_time_stats: avg=213.65ms min=20.06ms max=500.31ms count=5
07-23 03:36:08.919 D/TaplEvents( 1171): TIS / TouchInteractionService.onInputEvent: MotionEvent { action=ACTION_DOWN, actionButton=0, id[0]=0, x[0]=992.9551, y[0]=2176.9043, toolType[0]=TOOL_TYPE_FINGER, buttonState=0, classification=NONE, metaState=0, flags=0x0, edgeFlags=0x0, pointerCount=1, historySize=0, eventTime=427606, downTime=427606, deviceId=4, source=0x5002, displayId=0, eventId=562574013 }
07-23 03:36:08.938 D/EGL_emulation( 1569): app_time_stats: avg=4821.94ms min=7.87ms max=9636.01ms count=2
07-23 03:36:09.014 D/TaplEvents( 1171): TIS / TouchInteractionService.onInputEvent: MotionEvent { action=ACTION_UP, actionButton=0, id[0]=0, x[0]=992.9551, y[0]=2176.9043, toolType[0]=TOOL_TYPE_FINGER, buttonState=0, classification=NONE, metaState=0, flags=0x0, edgeFlags=0x0, pointerCount=1, historySize=0, eventTime=427702, downTime=427606, deviceId=4, source=0x5002, displayId=0, eventId=935142198 }
07-23 03:36:09.554 D/StatusBarIconController(  886): ignoring old pipeline callback because the new wifi icon is enabled
07-23 03:36:09.871 D/EGL_emulation( 6535): app_time_stats: avg=200.01ms min=16.14ms max=499.80ms count=5
07-23 03:36:09.882 D/StatusBarIconController(  886): ignoring old pipeline callbacks, because the new mobile icons are enabled
07-23 03:36:10.186 D/EGL_emulation(  886): app_time_stats: avg=110.81ms min=8.54ms max=2015.91ms count=21
07-23 03:36:10.434 W/WindowOnBackDispatcher(  886): sendCancelIfRunning: isInProgress=falsecallback=android.view.ViewRootImpl$$ExternalSyntheticLambda17@c127e9a
07-23 03:36:10.434 D/CoreBackPreview(  546): Window{9a16d20 u0 Toast}: Setting back callback null
07-23 03:36:10.435 W/InputManager-JNI(  546): Input channel object '9a16d20 Toast (client)' was disposed without first being removed with the input manager!
07-23 03:36:10.436 W/NotificationService(  546): Toast already killed. pkg=android token=android.os.Binder@f29795
07-23 03:36:10.609 I/wpa_supplicant(  874): wlan0: CTRL-EVENT-BEACON-LOSS 
07-23 03:36:10.872 D/EGL_emulation( 6535): app_time_stats: avg=250.03ms min=18.66ms max=481.86ms count=4
07-23 03:36:11.044 I/ImeTracker( 6535): com.roteiroapp.app:9a90a54: onRequestHide at ORIGIN_CLIENT_HIDE_SOFT_INPUT reason HIDE_SOFT_INPUT
07-23 03:36:11.048 I/GoogleInputMethodService( 1569): GoogleInputMethodService.onFinishInputView():2241 
07-23 03:36:11.049 W/TooltipLifecycleManager( 1569): TooltipLifecycleManager.dismissTooltips():159 Tooltip with id spell_check_add_to_dictionary not found in tooltipManager.
07-23 03:36:11.050 I/GoogleInputMethodService( 1569): GoogleInputMethodService.onStartInput():1877 onStartInput(EditorInfo{inputType=0x0(NULL) imeOptions=0x12000000 privateImeOptions=null actionName=UNSPECIFIED actionLabel=null actionId=0 initialSelStart=-1 initialSelEnd=-1 initialCapsMode=0x0 hintText=null label=null packageName=com.roteiroapp.app fieldId=0 fieldName=null extras=null}, true)
07-23 03:36:11.050 W/WindowOnBackDispatcher( 6535): sendCancelIfRunning: isInProgress=falsecallback=ImeCallback=ImeOnBackInvokedCallback@105288127 Callback=android.window.IOnBackInvokedCallback$Stub$Proxy@6557cd0
07-23 03:36:11.050 I/GoogleInputMethodService( 1569): GoogleInputMethodService.shouldHideHeaderOnInitialState():4008 ShouldHideHeaderOnInitialState = false
07-23 03:36:11.051 I/GoogleInputMethodService( 1569): GoogleInputMethodService.updateDeviceLockedStatus():2087 repeatCheckTimes = 2, unlocked = true
07-23 03:36:11.051 D/CoreBackPreview(  546): Window{276b0c u0 com.roteiroapp.app/com.roteiroapp.app.MainActivity}: Setting back callback OnBackInvokedCallbackInfo{mCallback=android.window.IOnBackInvokedCallback$Stub$Proxy@d9bc038, mPriority=0, mIsAnimationCallback=false}
07-23 03:36:11.051 W/SessionManager( 1569): SessionManager.beginSession():53 Try to begin an already begun session [INPUT_SESSION], end it first
07-23 03:36:11.052 I/HardKeyTracker( 1569): HardKeyTracker.registerKeySequence():62 Register key sequence hox{callback=eac@eaecd89, lastModifier=0, keyCodes=[57, 57], actions=[1, 0]}
07-23 03:36:11.052 I/HardKeyTracker( 1569): HardKeyTracker.registerKeySequence():62 Register key sequence hox{callback=eac@37115bc, lastModifier=0, keyCodes=[58, 58], actions=[1, 0]}
07-23 03:36:11.056 V/Capacitor/KeyboardPlugin( 6535): Notifying listeners for event keyboardWillHide
07-23 03:36:11.056 D/Capacitor/KeyboardPlugin( 6535): No listeners found for event keyboardWillHide
07-23 03:36:11.066 V/Capacitor/Plugin( 6535): To native (Capacitor plugin): callbackId: 124702789, pluginId: PushNotifications, methodName: checkPermissions
07-23 03:36:11.067 I/Capacitor/Console( 6535): File:  - Line 349 - Msg: [object Object]
07-23 03:36:11.067 V/Capacitor( 6535): callback: 124702789, pluginId: PushNotifications, methodName: checkPermissions, methodData: {}
07-23 03:36:11.095 I/Capacitor/Console( 6535): File:  - Line 333 - Msg: {"receive":"granted"}
07-23 03:36:11.095 V/Capacitor/Plugin( 6535): To native (Capacitor plugin): callbackId: 124702790, pluginId: PushNotifications, methodName: addListener
07-23 03:36:11.095 I/Capacitor/Console( 6535): File:  - Line 349 - Msg: [object Object]
07-23 03:36:11.096 V/Capacitor( 6535): callback: 124702790, pluginId: PushNotifications, methodName: addListener, methodData: {"eventName":"registration"}
07-23 03:36:11.097 I/Capacitor/Console( 6535): File:  - Line 349 - Msg: [object Object]
07-23 03:36:11.097 V/Capacitor/Plugin( 6535): To native (Capacitor plugin): callbackId: 124702791, pluginId: PushNotifications, methodName: addListener
07-23 03:36:11.098 V/Capacitor( 6535): callback: 124702791, pluginId: PushNotifications, methodName: addListener, methodData: {"eventName":"registrationError"}
07-23 03:36:11.099 I/Capacitor/Console( 6535): File:  - Line 349 - Msg: [object Object]
07-23 03:36:11.099 V/Capacitor/Plugin( 6535): To native (Capacitor plugin): callbackId: 124702792, pluginId: PushNotifications, methodName: addListener
07-23 03:36:11.099 V/Capacitor( 6535): callback: 124702792, pluginId: PushNotifications, methodName: addListener, methodData: {"eventName":"pushNotificationActionPerformed"}
07-23 03:36:11.100 I/Capacitor/Console( 6535): File:  - Line 349 - Msg: [object Object]
07-23 03:36:11.100 V/Capacitor/Plugin( 6535): To native (Capacitor plugin): callbackId: 124702793, pluginId: PushNotifications, methodName: register
07-23 03:36:11.100 V/Capacitor( 6535): callback: 124702793, pluginId: PushNotifications, methodName: register, methodData: {}
07-23 03:36:11.103 E/Capacitor( 6535): Serious error executing plugin
07-23 03:36:11.103 E/Capacitor( 6535): java.lang.reflect.InvocationTargetException
07-23 03:36:11.103 E/Capacitor( 6535): 	at java.lang.reflect.Method.invoke(Native Method)
07-23 03:36:11.103 E/Capacitor( 6535): 	at com.getcapacitor.PluginHandle.invoke(PluginHandle.java:138)
07-23 03:36:11.103 E/Capacitor( 6535): 	at com.getcapacitor.Bridge.lambda$callPluginMethod$0(Bridge.java:841)
07-23 03:36:11.103 E/Capacitor( 6535): 	at com.getcapacitor.Bridge.$r8$lambda$FNYM7cvgeBk0k8YXQH7M96Mrf-c(Unknown Source:0)
07-23 03:36:11.103 E/Capacitor( 6535): 	at com.getcapacitor.Bridge$$ExternalSyntheticLambda0.run(D8$$SyntheticClass:0)
07-23 03:36:11.103 E/Capacitor( 6535): 	at android.os.Handler.handleCallback(Handler.java:958)
07-23 03:36:11.103 E/Capacitor( 6535): 	at android.os.Handler.dispatchMessage(Handler.java:99)
07-23 03:36:11.103 E/Capacitor( 6535): 	at android.os.Looper.loopOnce(Looper.java:205)
07-23 03:36:11.103 E/Capacitor( 6535): 	at android.os.Looper.loop(Looper.java:294)
07-23 03:36:11.103 E/Capacitor( 6535): 	at android.os.HandlerThread.run(HandlerThread.java:67)
07-23 03:36:11.103 E/Capacitor( 6535): Caused by: java.lang.IllegalStateException: Default FirebaseApp is not initialized in this process com.roteiroapp.app. Make sure to call FirebaseApp.initializeApp(Context) first.
07-23 03:36:11.103 E/Capacitor( 6535): 	at com.google.firebase.FirebaseApp.getInstance(FirebaseApp.java:179)
07-23 03:36:11.103 E/Capacitor( 6535): 	at com.google.firebase.messaging.FirebaseMessaging.getInstance(FirebaseMessaging.java:120)
07-23 03:36:11.103 E/Capacitor( 6535): 	at com.capacitorjs.plugins.pushnotifications.PushNotificationsPlugin.register(PushNotificationsPlugin.java:103)
07-23 03:36:11.103 E/Capacitor( 6535): 	... 10 more
07-23 03:36:11.105 I/Capacitor/Console( 6535): File:  - Line 349 - Msg: [object Object]
07-23 03:36:11.105 V/Capacitor/Plugin( 6535): To native (Capacitor plugin): callbackId: 124702794, pluginId: PushNotifications, methodName: checkPermissions
07-23 03:36:11.105 V/Capacitor( 6535): callback: 124702794, pluginId: PushNotifications, methodName: checkPermissions, methodData: {}
--------- beginning of crash
07-23 03:36:11.105 E/AndroidRuntime( 6535): FATAL EXCEPTION: CapacitorPlugins
07-23 03:36:11.105 E/AndroidRuntime( 6535): Process: com.roteiroapp.app, PID: 6535
07-23 03:36:11.105 E/AndroidRuntime( 6535): java.lang.RuntimeException: java.lang.reflect.InvocationTargetException
07-23 03:36:11.105 E/AndroidRuntime( 6535): 	at com.getcapacitor.Bridge.lambda$callPluginMethod$0(Bridge.java:850)
07-23 03:36:11.105 E/AndroidRuntime( 6535): 	at com.getcapacitor.Bridge.$r8$lambda$FNYM7cvgeBk0k8YXQH7M96Mrf-c(Unknown Source:0)
07-23 03:36:11.105 E/AndroidRuntime( 6535): 	at com.getcapacitor.Bridge$$ExternalSyntheticLambda0.run(D8$$SyntheticClass:0)
07-23 03:36:11.105 E/AndroidRuntime( 6535): 	at android.os.Handler.handleCallback(Handler.java:958)
07-23 03:36:11.105 E/AndroidRuntime( 6535): 	at android.os.Handler.dispatchMessage(Handler.java:99)
07-23 03:36:11.105 E/AndroidRuntime( 6535): 	at android.os.Looper.loopOnce(Looper.java:205)
07-23 03:36:11.105 E/AndroidRuntime( 6535): 	at android.os.Looper.loop(Looper.java:294)
07-23 03:36:11.105 E/AndroidRuntime( 6535): 	at android.os.HandlerThread.run(HandlerThread.java:67)
07-23 03:36:11.105 E/AndroidRuntime( 6535): Caused by: java.lang.reflect.InvocationTargetException
07-23 03:36:11.105 E/AndroidRuntime( 6535): 	at java.lang.reflect.Method.invoke(Native Method)
07-23 03:36:11.105 E/AndroidRuntime( 6535): 	at com.getcapacitor.PluginHandle.invoke(PluginHandle.java:138)
07-23 03:36:11.105 E/AndroidRuntime( 6535): 	at com.getcapacitor.Bridge.lambda$callPluginMethod$0(Bridge.java:841)
07-23 03:36:11.105 E/AndroidRuntime( 6535): 	... 7 more
07-23 03:36:11.105 E/AndroidRuntime( 6535): Caused by: java.lang.IllegalStateException: Default FirebaseApp is not initialized in this process com.roteiroapp.app. Make sure to call FirebaseApp.initializeApp(Context) first.
07-23 03:36:11.105 E/AndroidRuntime( 6535): 	at com.google.firebase.FirebaseApp.getInstance(FirebaseApp.java:179)
07-23 03:36:11.105 E/AndroidRuntime( 6535): 	at com.google.firebase.messaging.FirebaseMessaging.getInstance(FirebaseMessaging.java:120)
07-23 03:36:11.105 E/AndroidRuntime( 6535): 	at com.capacitorjs.plugins.pushnotifications.PushNotificationsPlugin.register(PushNotificationsPlugin.java:103)
07-23 03:36:11.105 E/AndroidRuntime( 6535): 	... 10 more
07-23 03:36:11.108 W/.roteiroapp.app( 6535): Attempt to remove non-JNI local reference
07-23 03:36:11.110 I/DropBoxManagerService(  546): add tag=data_app_crash isTagEnabled=true flags=0x2
07-23 03:36:11.110 W/ActivityTaskManager(  546):   Force finishing activity com.roteiroapp.app/.MainActivity
07-23 03:36:11.111 V/WindowManagerShell(  886): Transition requested: android.os.BinderProxy@df7c9fd TransitionRequestInfo { type = CLOSE, triggerTask = null, remoteTransition = null, displayChange = null }
07-23 03:36:11.114 V/Capacitor/AppPlugin( 6535): Notifying listeners for event pause
07-23 03:36:11.114 D/Capacitor/AppPlugin( 6535): No listeners found for event pause
07-23 03:36:11.114 I/Process ( 6535): Sending signal. PID: 6535 SIG: 9
07-23 03:36:11.125 E/chromium( 6568): [ERROR:broker_posix.cc(111)] Error sending sync broker message: Broken pipe (32)
07-23 03:36:11.126 I/ActivityManager(  546): Process com.roteiroapp.app (pid 6535) has died: fg  TOP 
07-23 03:36:11.126 I/WindowManager(  546): WIN DEATH: Window{276b0c u0 com.roteiroapp.app/com.roteiroapp.app.MainActivity}
07-23 03:36:11.126 W/InputManager-JNI(  546): Input channel object '276b0c com.roteiroapp.app/com.roteiroapp.app.MainActivity (client)' was disposed without first being removed with the input manager!
07-23 03:36:11.126 I/ImeTracker(  546): com.roteiroapp.app:2ff370d: onRequestHide at ORIGIN_SERVER_HIDE_INPUT reason HIDE_REMOVE_CLIENT
07-23 03:36:11.126 I/ImeTracker(  546): com.roteiroapp.app:2ff370d: onCancelled at PHASE_SERVER_SHOULD_HIDE
07-23 03:36:11.126 I/libprocessgroup(  546): Successfully killed process cgroup uid 10192 pid 6535 in 0ms
07-23 03:36:11.126 D/ConnectivityService(  546): releasing NetworkRequest [ REQUEST id=175, [ Capabilities: INTERNET&NOT_RESTRICTED&TRUSTED&NOT_VCN_MANAGED Uid: 10192 RequestorUid: 10192 RequestorPkg: com.roteiroapp.app UnderlyingNetworks: Null] ] (release request)
07-23 03:36:11.127 D/ConnectivityService(  546): releasing NetworkRequest [ REQUEST id=178, [ Capabilities: INTERNET&NOT_RESTRICTED&TRUSTED&NOT_VCN_MANAGED Uid: 10192 RequestorUid: 10192 RequestorPkg: com.roteiroapp.app UnderlyingNetworks: Null] ] (release request)
07-23 03:36:11.127 D/CompatibilityChangeReporter(  546): Compat change id reported: 261072174; UID 10192; state: ENABLED
07-23 03:36:11.127 I/ActivityManager(  546): Killing 6568:com.google.android.webview:sandboxed_process0:org.chromium.content.app.SandboxedProcessService0:0/u0a192i3 (adj 0): isolated not needed
07-23 03:36:08.810 I/binder  (    0): undelivered transaction 670574, process died.
07-23 03:36:11.128 I/Zygote  (  357): Process 6535 exited due to signal 9 (Killed)
07-23 03:36:11.129 D/DisplayManagerService(  546): Drop pending events for gone uid 10192
07-23 03:36:11.135 W/AppSearchIcing(  546): icing-search-engine.cc:283: Error: 5, Message: Document (com.google.android.googlequicksearchbox$OneSearchZeroStateGoogleSuggestions/default, zp) not found.
07-23 03:36:11.136 D/OneSearchSuggestProvider( 1171): Created the binder channel successfully for end point service =com.google.android.apps.search.googleapp.search.suggest.plugins.onesearch.server.OneSearchSuggestService , mChannel=z1{delegate=s1{logId=29, target=directaddress:///AndroidComponentAddress%5BIntent%20%7B%20act=grpc.io.action.BIND%20cmp=com.google.android.googlequicksearchbox/com.google.android.apps.search.googleapp.search.suggest.plugins.onesearch.server.OneSearchSuggestService%20%7D%5D}} , mOneSearchConnection=X1.T@d23895c
07-23 03:36:11.138 I/AiAiEcho( 1771): Predicting[0]: 
07-23 03:36:11.138 I/AiAiEcho( 1771): EchoTargets: 
07-23 03:36:11.138 I/AiAiEcho( 1771): Filtered by AiAi flag check: 
07-23 03:36:11.138 I/AiAiEcho( 1771): Ranked targets strategy: SORT, count: 0, ranking metadata: 
07-23 03:36:11.138 D/StrictMode( 2006): StrictMode policy violation: android.os.strictmode.SqliteObjectLeakedViolation: Finalizing a Cursor that has not been deactivated or closed. database = /data/user/0/com.android.providers.contacts/databases/contacts2.db, table = raw_contacts, query = SELECT contacts_view._id AS _id, contacts_view.display_name AS display_name, contacts_view.photo_thumb_uri AS photo_thumb_uri, data1 AS number, data2 AS type, data3 AS label, contacts_view.lookup AS lookup FROM raw_contacts JOIN view_contacts as contacts_view ON (contacts_view._id = raw_contacts.contact_id) JOIN (SELECT data_id,normalized_number FROM phone_lookup WHERE (phone_lookup.min_match = '7654321')) AS lookup ON lookup.data_id=data._id JOIN data ON data.raw_contact_id=raw_contacts._id WHERE (PHONE_NUMBERS_EQUAL(data.data1, '+15551234567', 0, 7)) ORDER BY  length(lookup.normalized_number) DESC
07-23 03:36:11.138 D/StrictMode( 2006): 	at android.os.StrictMode.onSqliteObjectLeaked(StrictMode.java:2222)
07-23 03:36:11.138 D/StrictMode( 2006): 	at android.database.sqlite.SQLiteCursor.finalize(SQLiteCursor.java:282)
07-23 03:36:11.138 D/StrictMode( 2006): 	at java.lang.Daemons$FinalizerDaemon.doFinalize(Daemons.java:339)
07-23 03:36:11.138 D/StrictMode( 2006): 	at java.lang.Daemons$FinalizerDaemon.processReference(Daemons.java:324)
07-23 03:36:11.138 D/StrictMode( 2006): 	at java.lang.Daemons$FinalizerDaemon.runInternal(Daemons.java:300)
07-23 03:36:11.138 D/StrictMode( 2006): 	at java.lang.Daemons$Daemon.run(Daemons.java:145)
07-23 03:36:11.138 D/StrictMode( 2006): 	at java.lang.Thread.run(Thread.java:1012)
07-23 03:36:11.139 W/ProcessStats(  546): Tracking association SourceState{885494d com.google.android.googlequicksearchbox:search/10132 BTop #10994} whose proc state 2 is better than process ProcessState{a0e1551 com.google.android.googlequicksearchbox:interactor/10132 pkg=com.google.android.googlequicksearchbox} proc state 4 (85 skipped)
07-23 03:36:11.140 D/StrictMode( 2006): StrictMode policy violation: android.os.strictmode.LeakedClosableViolation: A resource was acquired at attached stack trace but never released. See java.io.Closeable for information on avoiding resource leaks.
07-23 03:36:11.140 D/StrictMode( 2006): 	at android.os.StrictMode$AndroidCloseGuardReporter.report(StrictMode.java:1994)
07-23 03:36:11.140 D/StrictMode( 2006): 	at dalvik.system.CloseGuard.warnIfOpen(CloseGuard.java:336)
07-23 03:36:11.140 D/StrictMode( 2006): 	at android.database.AbstractCursor.finalize(AbstractCursor.java:531)
07-23 03:36:11.140 D/StrictMode( 2006): 	at android.database.sqlite.SQLiteCursor.finalize(SQLiteCursor.java:291)
07-23 03:36:11.140 D/StrictMode( 2006): 	at java.lang.Daemons$FinalizerDaemon.doFinalize(Daemons.java:339)
07-23 03:36:11.140 D/StrictMode( 2006): 	at java.lang.Daemons$FinalizerDaemon.processReference(Daemons.java:324)
07-23 03:36:11.140 D/StrictMode( 2006): 	at java.lang.Daemons$FinalizerDaemon.runInternal(Daemons.java:300)
07-23 03:36:11.140 D/StrictMode( 2006): 	at java.lang.Daemons$Daemon.run(Daemons.java:145)
07-23 03:36:11.140 D/StrictMode( 2006): 	at java.lang.Thread.run(Thread.java:1012)
07-23 03:36:11.140 D/StrictMode( 2006): Caused by: java.lang.Throwable: Explicit termination method 'AbstractCursor.close' not called
07-23 03:36:11.140 D/StrictMode( 2006): 	at dalvik.system.CloseGuard.openWithCallSite(CloseGuard.java:288)
07-23 03:36:11.140 D/StrictMode( 2006): 	at dalvik.system.CloseGuard.open(CloseGuard.java:257)
07-23 03:36:11.140 D/StrictMode( 2006): 	at android.database.AbstractCursor.<init>(AbstractCursor.java:227)
07-23 03:36:11.140 D/StrictMode( 2006): 	at android.database.AbstractWindowedCursor.<init>(AbstractWindowedCursor.java:39)
07-23 03:36:11.140 D/StrictMode( 2006): 	at android.database.sqlite.SQLiteCursor.<init>(SQLiteCursor.java:98)
07-23 03:36:11.140 D/StrictMode( 2006): 	at android.database.sqlite.SQLiteDirectCursorDriver.query(SQLiteDirectCursorDriver.java:52)
07-23 03:36:11.140 D/StrictMode( 2006): 	at android.database.sqlite.SQLiteDatabase.rawQueryWithFactory(SQLiteDatabase.java:1714)
07-23 03:36:11.140 D/StrictMode( 2006): 	at android.database.sqlite.SQLiteQueryBuilder.query(SQLiteQueryBuilder.java:592)
07-23 03:36:11.140 D/StrictMode( 2006): 	at com.android.providers.contacts.ContactsProvider2.doQuery(ContactsProvider2.java:7543)
07-23 03:36:11.140 D/StrictMode( 2006): 	at com.android.providers.contacts.ContactsProvider2.queryLocal(ContactsProvider2.java:7249)
07-23 03:36:11.140 D/StrictMode( 2006): 	at com.android.providers.contacts.ContactsProvider2.queryCorpLookupIfNecessary(ContactsProvider2.java:7728)
07-23 03:36:11.140 D/StrictMode( 2006): 	at com.android.providers.contacts.ContactsProvider2.queryLookupEnterprise(ContactsProvider2.java:7867)
07-23 03:36:11.140 D/StrictMode( 2006): 	at com.android.providers.contacts.ContactsProvider2.queryPhoneLookupEnterprise(ContactsProvider2.java:7838)
07-23 03:36:11.140 D/StrictMode( 2006): 	at com.android.providers.contacts.ContactsProvider2.queryLocal(ContactsProvider2.java:7172)
07-23 03:36:11.140 D/StrictMode( 2006): 	at com.android.providers.contacts.ContactsProvider2.queryDirectoryIfNecessary(ContactsProvider2.java:5883)
07-23 03:36:11.140 D/StrictMode( 2006): 	at com.android.providers.contacts.ContactsProvider2.queryInternal(ContactsProvider2.java:5728)
07-23 03:36:11.140 D/StrictMode( 2006): 	at com.android.providers.contacts.ContactsProvider2.query(ContactsProvider2.java:5673)
07-23 03:36:11.140 D/StrictMode( 2006): 	at android.content.ContentProvider.query(ContentProvider.java:1692)
07-23 03:36:11.140 D/StrictMode( 2006): 	at android.content.ContentProvider$Transport.query(ContentProvider.java:292)
07-23 03:36:11.140 D/StrictMode( 2006): 	at android.content.ContentProviderNative.onTransact(ContentProviderNative.java:107)
07-23 03:36:11.140 D/StrictMode( 2006): 	at android.os.Binder.execTransactInternal(Binder.java:1339)
07-23 03:36:11.140 D/StrictMode( 2006): 	at android.os.Binder.execTransact(Binder.java:1275)
07-23 03:36:11.141 I/AiAiEcho( 1771): #postPredictionTargets: Sending updates to UISurface home with targets# 0 (types=[])
07-23 03:36:11.141 V/WindowManager(  546): Unknown focus tokens, dropping reportFocusChanged
07-23 03:36:08.827 I/binder  (    0): undelivered transaction 670581, process died.
07-23 03:36:08.827 I/binder  (    0): undelivered transaction 670582, process died.
07-23 03:36:08.828 I/binder  (    0): undelivered transaction 670580, process died.
07-23 03:36:11.146 D/DisplayManagerService(  546): Drop pending events for gone uid 99003
07-23 03:36:11.146 I/Zygote  ( 1053): Process 6568 exited cleanly (0)
07-23 03:36:11.148 D/KernelCpuUidUserSysTimeReader(  546): Removing uids 99000-99000
07-23 03:36:11.149 W/BcSmartspaceCard( 1171): No title view to update
07-23 03:36:11.149 I/BcSmartspaceCard( 1171): setFormattedContentDescription: text=null, iconDescription=null, contentDescription=null
07-23 03:36:11.161 E/OpenGLRenderer( 1828): Unable to match the desired swap behavior.
07-23 03:36:11.168 I/BpBinder(  422): onLastStrongRef automatically unlinking death recipients: 
07-23 03:36:11.169 I/libprocessgroup(  546): Successfully killed process cgroup uid 99003 pid 6568 in 0ms
07-23 03:36:11.170 D/ActivityManager(  546): sync unfroze 4045 com.google.android.projection.gearhead:shared for 6
07-23 03:36:11.179 E/OpenGLRenderer( 1171): Unable to match the desired swap behavior.
07-23 03:36:11.188 W/WindowManager(  546): Failed to deliver inset control state change to w=Window{276b0c u0 com.roteiroapp.app/com.roteiroapp.app.MainActivity EXITING}
07-23 03:36:11.188 W/WindowManager(  546): android.os.DeadObjectException
07-23 03:36:11.188 W/WindowManager(  546): 	at android.os.BinderProxy.transactNative(Native Method)
07-23 03:36:11.188 W/WindowManager(  546): 	at android.os.BinderProxy.transact(BinderProxy.java:584)
07-23 03:36:11.188 W/WindowManager(  546): 	at android.view.IWindow$Stub$Proxy.insetsControlChanged(IWindow.java:479)
07-23 03:36:11.188 W/WindowManager(  546): 	at com.android.server.wm.WindowState.notifyInsetsControlChanged(WindowState.java:3802)
07-23 03:36:11.188 W/WindowManager(  546): 	at com.android.server.wm.InsetsStateController.lambda$notifyPendingInsetsControlChanged$3(InsetsStateController.java:343)
07-23 03:36:11.188 W/WindowManager(  546): 	at com.android.server.wm.InsetsStateController.$r8$lambda$8yykPRG1GyNq_J17QvL9d5xANMc(InsetsStateController.java:0)
07-23 03:36:11.188 W/WindowManager(  546): 	at com.android.server.wm.InsetsStateController$$ExternalSyntheticLambda2.run(R8$$SyntheticClass:0)
07-23 03:36:11.188 W/WindowManager(  546): 	at com.android.server.wm.WindowAnimator.executeAfterPrepareSurfacesRunnables(WindowAnimator.java:294)
07-23 03:36:11.188 W/WindowManager(  546): 	at com.android.server.wm.RootWindowContainer.performSurfacePlacementNoTrace(RootWindowContainer.java:811)
07-23 03:36:11.188 W/WindowManager(  546): 	at com.android.server.wm.RootWindowContainer.performSurfacePlacement(RootWindowContainer.java:756)
07-23 03:36:11.188 W/WindowManager(  546): 	at com.android.server.wm.WindowSurfacePlacer.performSurfacePlacementLoop(WindowSurfacePlacer.java:177)
07-23 03:36:11.188 W/WindowManager(  546): 	at com.android.server.wm.WindowSurfacePlacer.performSurfacePlacement(WindowSurfacePlacer.java:126)
07-23 03:36:11.188 W/WindowManager(  546): 	at com.android.server.wm.WindowSurfacePlacer.performSurfacePlacement(WindowSurfacePlacer.java:115)
07-23 03:36:11.188 W/WindowManager(  546): 	at com.android.server.wm.WindowSurfacePlacer$Traverser.run(WindowSurfacePlacer.java:57)
07-23 03:36:11.188 W/WindowManager(  546): 	at android.os.Handler.handleCallback(Handler.java:958)
07-23 03:36:11.188 W/WindowManager(  546): 	at android.os.Handler.dispatchMessage(Handler.java:99)
07-23 03:36:11.188 W/WindowManager(  546): 	at android.os.Looper.loopOnce(Looper.java:205)
07-23 03:36:11.188 W/WindowManager(  546): 	at android.os.Looper.loop(Looper.java:294)
07-23 03:36:11.188 W/WindowManager(  546): 	at android.os.HandlerThread.run(HandlerThread.java:67)
07-23 03:36:11.188 W/WindowManager(  546): 	at com.android.server.ServiceThread.run(ServiceThread.java:46)
07-23 03:36:11.189 W/TextView( 1171): onProvideContentCaptureStructure(): calling assumeLayout()
07-23 03:36:11.194 W/GooglePlayServicesUtil( 4045): Google Play services out of date for com.google.android.projection.gearhead.  Requires 231902000 but found 231818047
07-23 03:36:11.198 I/A       ( 1828): Constructor was called
07-23 03:36:11.199 I/A       ( 1828): No savedInstanceState.
07-23 03:36:11.199 I/A       ( 1828): makeRequest: subscribing to new source
07-23 03:36:11.200 I/GH.IconVerifyService( 4045): triggerSource = BOOT_COMPLETE, componentState = 2
07-23 03:36:11.200 I/A       ( 1828): OnCreate Was Called
07-23 03:36:11.200 I/A       ( 1828): getMinusOnePromotion
07-23 03:36:11.207 V/WindowManagerShell(  886): onTransitionReady android.os.BinderProxy@df7c9fd: {id=23 t=CLOSE f=0x10 trk=0 r=[0@Point(0, 0)] c=[{WCT{android.window.IWindowContainerToken$Stub$Proxy@9a1e03e} m=TO_FRONT f=SHOW_WALLPAPER|MOVE_TO_TOP leash=Surface(name=Task=1)/@0x8ba46f2 sb=Rect(0, 0 - 1080, 2400) eb=Rect(0, 0 - 1080, 2400) d=0},{WCT{android.window.IWindowContainerToken$Stub$Proxy@a338e9f} m=CLOSE f=NONE leash=Surface(name=Task=13)/@0xa1a2143 sb=Rect(0, 0 - 1080, 2400) eb=Rect(0, 0 - 1080, 2400) d=0},{null m=TO_FRONT f=IS_WALLPAPER leash=Surface(name=WallpaperWindowToken{85c02d1 token=android.os.Binder@6639df8})/@0x14c3c0 sb=Rect(0, 0 - 1080, 2400) eb=Rect(0, 0 - 1080, 2400) d=0}]}
07-23 03:36:11.207 V/WindowManagerShell(  886): Playing animation for (#23)android.os.BinderProxy@df7c9fd@0
07-23 03:36:11.207 V/WindowManagerShell(  886):  try handler com.android.wm.shell.transition.DefaultMixedHandler@e19b8be
07-23 03:36:11.207 V/WindowManagerShell(  886):  try handler com.android.wm.shell.keyguard.KeyguardTransitionHandler@831bd1f
07-23 03:36:11.207 V/WindowManagerShell(  886):  try handler com.android.wm.shell.activityembedding.ActivityEmbeddingController@9c7286c
07-23 03:36:11.207 V/WindowManagerShell(  886):  try handler com.android.wm.shell.recents.RecentsTransitionHandler@7a54e35
07-23 03:36:11.207 V/ShellRecents(  886): RecentsTransitionHandler.startAnimation: no controller found
07-23 03:36:11.207 V/WindowManagerShell(  886):  try handler com.android.wm.shell.pip.PipTransition@134a2ca
07-23 03:36:11.207 V/WindowManagerShell(  886):  try handler com.android.wm.shell.splitscreen.StageCoordinator@f3f0c3b
07-23 03:36:11.207 V/WindowManagerShell(  886):  try handler com.android.wm.shell.transition.RemoteTransitionHandler@4345f58
07-23 03:36:11.207 V/WindowManagerShell(  886): Transition doesn't have explicit remote, search filters for match for {id=23 t=CLOSE f=0x10 trk=0 r=[0@Point(0, 0)] c=[{WCT{android.window.IWindowContainerToken$Stub$Proxy@9a1e03e} m=TO_FRONT f=SHOW_WALLPAPER|MOVE_TO_TOP leash=Surface(name=Task=1)/@0x8ba46f2 sb=Rect(0, 0 - 1080, 2400) eb=Rect(0, 0 - 1080, 2400) d=0},{WCT{android.window.IWindowContainerToken$Stub$Proxy@a338e9f} m=CLOSE f=NONE leash=Surface(name=Task=13)/@0xa1a2143 sb=Rect(0, 0 - 1080, 2400) eb=Rect(0, 0 - 1080, 2400) d=0},{null m=TO_FRONT f=IS_WALLPAPER leash=Surface(name=WallpaperWindowToken{85c02d1 token=android.os.Binder@6639df8})/@0x14c3c0 sb=Rect(0, 0 - 1080, 2400) eb=Rect(0, 0 - 1080, 2400) d=0}]}
07-23 03:36:11.208 V/WindowManagerShell(  886):  Checking filter Pair{{types=[] flags=0x0] notFlags=0x0 checks=[{atype=dream independent=true modes=[OPEN,TO_FRONT] flags=NONE mustBeTask=false order=ANY topActivity=null},{atype=home independent=true modes=[CLOSE,TO_BACK] flags=NONE mustBeTask=false order=ANY topActivity=null}]} RemoteTransition { remoteTransition = android.window.IRemoteTransition$Stub$Proxy@b625bec, appThread = android.app.IApplicationThread$Stub$Proxy@56b3bb5, debugName = LauncherToDream }}
07-23 03:36:11.208 V/WindowManagerShell(  886):  Checking filter Pair{{types=[] flags=0x0] notFlags=0x100 checks=[{atype=home independent=true modes=[OPEN,TO_FRONT] flags=NONE mustBeTask=false order=TOP topActivity=ComponentInfo{com.google.android.apps.nexuslauncher/com.google.android.apps.nexuslauncher.NexusLauncherActivity}},{atype=standard independent=true modes=[CLOSE,TO_BACK] flags=NONE mustBeTask=false order=ANY topActivity=null}]} RemoteTransition { remoteTransition = android.window.IRemoteTransition$Stub$Proxy@dd7c24a, appThread = android.app.IApplicationThread$Stub$Proxy@14c75bb, debugName = QuickstepLaunchHome }}
07-23 03:36:11.208 D/RemoteTransitionHandler(  886): Found filterPair{{types=[] flags=0x0] notFlags=0x100 checks=[{atype=home independent=true modes=[OPEN,TO_FRONT] flags=NONE mustBeTask=false order=TOP topActivity=ComponentInfo{com.google.android.apps.nexuslauncher/com.google.android.apps.nexuslauncher.NexusLauncherActivity}},{atype=standard independent=true modes=[CLOSE,TO_BACK] flags=NONE mustBeTask=false order=ANY topActivity=null}]} RemoteTransition { remoteTransition = android.window.IRemoteTransition$Stub$Proxy@dd7c24a, appThread = android.app.IApplicationThread$Stub$Proxy@14c75bb, debugName = QuickstepLaunchHome }}
07-23 03:36:11.208 V/WindowManagerShell(  886):  Delegate animation for #23 to RemoteTransition { remoteTransition = android.window.IRemoteTransition$Stub$Proxy@dd7c24a, appThread = android.app.IApplicationThread$Stub$Proxy@14c75bb, debugName = QuickstepLaunchHome }
07-23 03:36:11.209 I/A       ( 1828): #enqueuePeriodicJob: running = false
