07-23 03:36:44.186 W/MobStoreFlagStore( 5521): Failed to commit due to stale snapshot for com.google.android.gms.inappreach#com.google.android.gms, triggering flag update. Experiments may be delayed til next app start.
07-23 03:36:44.200 I/FontLog ( 5478): Received query Google Sans Text:500, URI content://com.google.android.gms.fonts [CONTEXT service_id=132 ]
07-23 03:36:44.200 I/FontLog ( 5478): Query [Google Sans Text:500] resolved to {Google Sans Text, wdth 100.0, wght 500, ital 0.0, bestEffort false} [CONTEXT service_id=132 ]
07-23 03:36:44.202 I/FontLog ( 5478): Font PFD returned from cache for {Google Sans Text, wdth 100.0, wght 500, ital 0.0, bestEffort false} [CONTEXT service_id=132 ]
07-23 03:36:44.202 I/FontLog ( 5478): Fetch {Google Sans Text, wdth 100.0, wght 500, ital 0.0, bestEffort false} end status Status{statusCode=SUCCESS, resolution=null} [CONTEXT service_id=132 ]
07-23 03:36:44.203 I/FontLog ( 5478): Pulling font file for id = 20, cache size = 7 [CONTEXT service_id=132 ]
07-23 03:36:44.208 D/CompatibilityChangeReporter( 6765): Compat change id reported: 237531167; UID 10147; state: DISABLED
07-23 03:36:44.209 W/OpenGLRenderer( 6765): Unknown dataspace 0
07-23 03:36:44.218 D/CoreBackPreview(  546): Window{b415191 u0 com.google.android.calendar/com.google.android.calendar.launch.oobe.WhatsNewFullScreen}: Setting back callback OnBackInvokedCallbackInfo{mCallback=android.window.IOnBackInvokedCallback$Stub$Proxy@c79c4f7, mPriority=-1, mIsAnimationCallback=false}
07-23 03:36:44.221 I/FontLog ( 5478): Received query Google Sans Text, URI content://com.google.android.gms.fonts [CONTEXT service_id=132 ]
07-23 03:36:44.221 I/FontLog ( 5478): Query [Google Sans Text] resolved to {Google Sans Text, wdth 100.0, wght 400, ital 0.0, bestEffort false} [CONTEXT service_id=132 ]
07-23 03:36:44.222 I/FontLog ( 5478): Font PFD returned from cache for {Google Sans Text, wdth 100.0, wght 400, ital 0.0, bestEffort false} [CONTEXT service_id=132 ]
07-23 03:36:44.222 I/FontLog ( 5478): Fetch {Google Sans Text, wdth 100.0, wght 400, ital 0.0, bestEffort false} end status Status{statusCode=SUCCESS, resolution=null} [CONTEXT service_id=132 ]
07-23 03:36:44.223 I/FontLog ( 5478): Pulling font file for id = 21, cache size = 6 [CONTEXT service_id=132 ]
07-23 03:36:44.224 I/FontLog ( 5478): Received query Google Sans, URI content://com.google.android.gms.fonts [CONTEXT service_id=132 ]
07-23 03:36:44.224 I/FontLog ( 5478): Query [Google Sans] resolved to {Google Sans, wdth 100.0, wght 400, ital 0.0, bestEffort false} [CONTEXT service_id=132 ]
07-23 03:36:44.225 I/FontLog ( 5478): Font PFD returned from cache for {Google Sans, wdth 100.0, wght 400, ital 0.0, bestEffort false} [CONTEXT service_id=132 ]
07-23 03:36:44.225 I/FontLog ( 5478): Fetch {Google Sans, wdth 100.0, wght 400, ital 0.0, bestEffort false} end status Status{statusCode=SUCCESS, resolution=null} [CONTEXT service_id=132 ]
07-23 03:36:44.226 I/FontLog ( 5478): Pulling font file for id = 22, cache size = 7 [CONTEXT service_id=132 ]
07-23 03:36:44.239 W/ServiceManagerCppClient(  422): Permission failure: android.permission.ROTATE_SURFACE_FLINGER from uid=10147 pid=0
07-23 03:36:44.239 W/ServiceManagerCppClient(  422): Permission failure: android.permission.ROTATE_SURFACE_FLINGER from uid=10147 pid=6765
07-23 03:36:44.239 D/PermissionCache(  422): checking android.permission.ROTATE_SURFACE_FLINGER for uid=10147 => denied (126 us)
07-23 03:36:44.239 D/PermissionCache(  422): checking android.permission.ROTATE_SURFACE_FLINGER for uid=10147 => denied (101 us)
07-23 03:36:44.239 W/ServiceManagerCppClient(  422): Permission failure: android.permission.INTERNAL_SYSTEM_WINDOW from uid=10147 pid=0
07-23 03:36:44.239 D/PermissionCache(  422): checking android.permission.INTERNAL_SYSTEM_WINDOW for uid=10147 => denied (98 us)
07-23 03:36:44.239 W/ServiceManagerCppClient(  422): Permission failure: android.permission.INTERNAL_SYSTEM_WINDOW from uid=10147 pid=6765
07-23 03:36:44.239 D/PermissionCache(  422): checking android.permission.INTERNAL_SYSTEM_WINDOW for uid=10147 => denied (197 us)
07-23 03:36:44.239 W/ServiceManagerCppClient(  422): Permission failure: android.permission.ACCESS_SURFACE_FLINGER from uid=10147 pid=6765
07-23 03:36:44.239 D/PermissionCache(  422): checking android.permission.ACCESS_SURFACE_FLINGER for uid=10147 => denied (222 us)
07-23 03:36:44.240 W/ServiceManagerCppClient(  422): Permission failure: android.permission.ACCESS_SURFACE_FLINGER from uid=10147 pid=0
07-23 03:36:44.240 D/PermissionCache(  422): checking android.permission.ACCESS_SURFACE_FLINGER for uid=10147 => denied (1027 us)
07-23 03:36:44.245 W/OpenGLRenderer( 6765): Failed to choose config with EGL_SWAP_BEHAVIOR_PRESERVED, retrying without...
07-23 03:36:44.245 W/OpenGLRenderer( 6765): Failed to initialize 101010-2 format, error = EGL_SUCCESS
07-23 03:36:44.261 I/hwservicemanager(  154): getTransport: Cannot find entry android.hardware.graphics.mapper@4.0::IMapper/default in either framework or device VINTF manifest.
07-23 03:36:44.261 I/Gralloc4( 6765): mapper 4.x is not supported
07-23 03:36:41.944 I/servicemanager(    0): Could not find android.hardware.graphics.allocator.IAllocator/default in the VINTF manifest.
07-23 03:36:44.290 D/TaplEvents( 1171): TIS / TouchInteractionService.onInputEvent: MotionEvent { action=ACTION_DOWN, actionButton=0, id[0]=0, x[0]=118.98242, y[0]=54.93164, toolType[0]=TOOL_TYPE_FINGER, buttonState=0, classification=NONE, metaState=0, flags=0x0, edgeFlags=0x0, pointerCount=1, historySize=0, eventTime=462973, downTime=462973, deviceId=4, source=0x5002, displayId=0, eventId=443835254 }
07-23 03:36:44.295 E/OpenGLRenderer( 6765): Unable to match the desired swap behavior.
07-23 03:36:44.298 W/ActivityTaskManager(  546): takeTaskSnapshot: taskId=15 not found or not visible
07-23 03:36:44.315 W/ServiceManagerCppClient(  546): Permission failure: android.permission.ROTATE_SURFACE_FLINGER from uid=10147 pid=0
07-23 03:36:44.315 D/PermissionCache(  546): checking android.permission.ROTATE_SURFACE_FLINGER for uid=10147 => denied (136 us)
07-23 03:36:44.315 W/ServiceManagerCppClient(  546): Permission failure: android.permission.INTERNAL_SYSTEM_WINDOW from uid=10147 pid=0
07-23 03:36:44.315 D/PermissionCache(  546): checking android.permission.INTERNAL_SYSTEM_WINDOW for uid=10147 => denied (99 us)
07-23 03:36:44.315 W/ServiceManagerCppClient(  546): Permission failure: android.permission.ACCESS_SURFACE_FLINGER from uid=10147 pid=0
07-23 03:36:44.315 D/PermissionCache(  546): checking android.permission.ACCESS_SURFACE_FLINGER for uid=10147 => denied (195 us)
07-23 03:36:44.320 V/WindowManagerShell(  886): onTransitionReady android.os.BinderProxy@54cf6ef: {id=26 t=OPEN f=0x0 trk=0 r=[0@Point(0, 0)] c=[{WCT{android.window.IWindowContainerToken$Stub$Proxy@d213894} m=OPEN f=NONE leash=Surface(name=Task=15)/@0x7c3a5e8 sb=Rect(0, 0 - 1080, 2400) eb=Rect(0, 0 - 1080, 2400) d=0},{WCT{android.window.IWindowContainerToken$Stub$Proxy@cda5f3d} m=TO_BACK f=SHOW_WALLPAPER leash=Surface(name=Task=1)/@0x44a8401 sb=Rect(0, 0 - 1080, 2400) eb=Rect(0, 0 - 1080, 2400) d=0}]}
07-23 03:36:44.321 V/WindowManagerShell(  886): Playing animation for (#26)android.os.BinderProxy@54cf6ef@0
07-23 03:36:44.322 V/WindowManagerShell(  886):  try firstHandler com.android.wm.shell.transition.DefaultMixedHandler@e19b8be
07-23 03:36:44.322 V/WindowManagerShell(  886):  Delegate animation for #26 to RemoteTransition { remoteTransition = android.window.IRemoteTransition$Stub$Proxy@e7942da, appThread = android.app.IApplicationThread$Stub$Proxy@a9c130b, debugName = QuickstepLaunch }
07-23 03:36:44.324 V/WindowManagerShell(  886):  animated by firstHandler
07-23 03:36:44.326 I/ActivityTaskManager(  546): Displayed com.google.android.calendar/.launch.oobe.WhatsNewFullScreen for user 0: +413ms
07-23 03:36:44.326 V/WindowManager(  546): Sent Transition #26 createdAt=07-23 03:36:43.910 via request=TransitionRequestInfo { type = OPEN, triggerTask = TaskInfo{userId=0 taskId=15 displayId=0 isRunning=true baseIntent=Intent { act=android.intent.action.VIEW dat=content://com.android.calendar/... flg=0x10a00000 cmp=com.google.android.calendar/com.android.calendar.AllInOneActivity } baseActivity=ComponentInfo{com.google.android.calendar/com.android.calendar.event.LaunchInfoActivity} topActivity=ComponentInfo{com.google.android.calendar/com.android.calendar.event.LaunchInfoActivity} origActivity=ComponentInfo{com.google.android.calendar/com.android.calendar.AllInOneActivity} realActivity=ComponentInfo{com.google.android.calendar/com.android.calendar.event.LaunchInfoActivity} numActivities=1 lastActiveTime=462600 supportsMultiWindow=true resizeMode=1 isResizeable=true minWidth=-1 minHeight=-1 defaultMinSize=220 token=WCT{RemoteToken{71ec80b Task{f80ed7f #15 type=standard A=10147:com.android.calendar.event.LaunchInfoActivity}}} topActivityType=1 pictureInPictureParams=null shouldDockBigOverlays=false launchIntoPipHostTaskId=-1 lastParentTaskIdBeforePip=-1 displayCutoutSafeInsets=Rect(0, 128 - 0, 0) topActivityInfo=ActivityInfo{c90b6e8 com.android.calendar.AllInOneActivity} launchCookies=[] positionInParent=Point(0, 0) parentTaskId=-1 isFocused=false isVisible=false isVisibleRequested=false isSleeping=false topActivityInSizeCompat=false topActivityEligibleForLetterboxEducation= false topActivityLetterboxed= false isFromDoubleTap= false topActivityLetterboxVerticalPosition= -1 topActivityLetterboxHorizontalPosition= -1 topActivityLetterboxWidth=-1 topActivityLetterboxHeight=-1 locusId=null displayAreaFeatureId=1 cameraCompatControlState=hidden}, remoteTransition = RemoteTransition { remoteTransition = android.window.IRemoteTransition$Stub$Proxy@c8c101, appThread = android.app.IApplicationThread$Stub$Proxy@80eaba6, debugName = QuickstepLaunch }, displayChange = null }
07-23 03:36:44.326 V/WindowManager(  546):     startWCT=WindowContainerTransaction { changes = {} hops = [] errorCallbackToken=null taskFragmentOrganizer=null }
07-23 03:36:44.326 V/WindowManager(  546):     info={id=26 t=OPEN f=0x0 trk=0 r=[0@Point(0, 0)] c=[{WCT{RemoteToken{71ec80b Task{f80ed7f #15 type=standard A=10147:com.android.calendar.event.LaunchInfoActivity}}} m=OPEN f=NONE leash=Surface(name=Task=15)/@0x64a26fc sb=Rect(0, 0 - 1080, 2400) eb=Rect(0, 0 - 1080, 2400) d=0},{WCT{RemoteToken{562a417 Task{8e83295 #1 type=home}}} m=TO_BACK f=SHOW_WALLPAPER leash=Surface(name=Task=1)/@0x3b9d35c sb=Rect(0, 0 - 1080, 2400) eb=Rect(0, 0 - 1080, 2400) d=0}]}
07-23 03:36:44.383 D/TaplEvents( 1171): TIS / TouchInteractionService.onInputEvent: MotionEvent { action=ACTION_UP, actionButton=0, id[0]=0, x[0]=118.98242, y[0]=54.93164, toolType[0]=TOOL_TYPE_FINGER, buttonState=0, classification=NONE, metaState=0, flags=0x0, edgeFlags=0x0, pointerCount=1, historySize=0, eventTime=463070, downTime=462973, deviceId=4, source=0x5002, displayId=0, eventId=1044772228 }
07-23 03:36:44.403 D/CompatibilityChangeReporter(  546): Compat change id reported: 214016041; UID 10147; state: ENABLED
07-23 03:36:44.403 I/ImeTracker(  546): com.google.android.calendar:6112c4ed: onRequestHide at ORIGIN_SERVER_HIDE_INPUT reason HIDE_UNSPECIFIED_WINDOW
07-23 03:36:44.403 I/ImeTracker(  546): com.google.android.calendar:6112c4ed: onCancelled at PHASE_SERVER_SHOULD_HIDE
07-23 03:36:44.406 I/GoogleInputMethodService( 1569): GoogleInputMethodService.onFinishInput():3227 
07-23 03:36:44.407 I/GoogleInputMethodService( 1569): GoogleInputMethodService.updateDeviceLockedStatus():2087 repeatCheckTimes = 0, unlocked = true
07-23 03:36:44.408 I/GoogleInputMethodService( 1569): GoogleInputMethodService.onStartInput():1877 onStartInput(EditorInfo{inputType=0x0(NULL) imeOptions=0x0 privateImeOptions=null actionName=UNSPECIFIED actionLabel=null actionId=0 initialSelStart=-1 initialSelEnd=-1 initialCapsMode=0x0 hintText=null label=null packageName=com.google.android.calendar fieldId=0 fieldName=null extras=null}, false)
07-23 03:36:44.408 I/GoogleInputMethodService( 1569): GoogleInputMethodService.shouldHideHeaderOnInitialState():4008 ShouldHideHeaderOnInitialState = false
07-23 03:36:44.408 I/GoogleInputMethodService( 1569): GoogleInputMethodService.updateDeviceLockedStatus():2087 repeatCheckTimes = 2, unlocked = true
07-23 03:36:44.541 I/resolv  (  356): res_nsend: used send_dg 182 terrno: 0
07-23 03:36:44.541 I/resolv  (  356): res_nsend: used send_dg 278 terrno: 0
07-23 03:36:44.541 I/resolv  (  356): doQuery: rcode=0, ancount=8, return value=182
07-23 03:36:44.541 I/resolv  (  356): doQuery: rcode=0, ancount=8, return value=278
07-23 03:36:44.543 D/TrafficStats( 6765): tagSocket(74) with statsTag=0x8001, statsUid=-1
07-23 03:36:44.625 D/EGL_emulation(  886): app_time_stats: avg=605.37ms min=13.76ms max=5322.57ms count=9
07-23 03:36:44.803 D/EGL_emulation(  886): app_time_stats: avg=470.12ms min=13.83ms max=3902.32ms count=9
07-23 03:36:44.854 V/WindowManagerShell(  886): Transition animation finished (aborted=false), notifying core (#26)android.os.BinderProxy@54cf6ef@0
07-23 03:36:44.855 V/WindowManager(  546): Finish Transition #26: created at 07-23 03:36:43.910 collect-started=0.041ms request-sent=3.113ms started=11.547ms ready=260.376ms sent=409.028ms finished=944.525ms
07-23 03:36:44.856 V/WindowManagerShell(  886): Track 0 became idle
07-23 03:36:44.856 V/WindowManagerShell(  886): All active transition animations finished
07-23 03:36:44.873 I/ImeTracker( 1171): com.google.android.apps.nexuslauncher:bde059cb: onRequestHide at ORIGIN_CLIENT_HIDE_SOFT_INPUT reason HIDE_SOFT_INPUT
07-23 03:36:44.873 I/ImeTracker( 1171): com.google.android.apps.nexuslauncher:bde059cb: onFailed at PHASE_CLIENT_VIEW_SERVED
07-23 03:36:44.874 D/OneSearchSuggestProvider( 1171): Shut down the binder channel
07-23 03:36:44.874 I/IPCThreadState( 1171): oneway function results for code 2 on binder at 0x71cc2abca090 will be dropped but finished with status UNKNOWN_TRANSACTION
07-23 03:36:44.879 I/PBSessionCacheImpl( 1828): Deleted sessionId[8041413799679989] from persistence.
07-23 03:36:44.885 W/SearchServiceCore( 1828): Abort, client detached.
07-23 03:36:45.097 I/AppsFilter(  546): interaction: PackageSetting{8dc2fc4 com.roteiroapp.app/10192} -> PackageSetting{359bd6a com.google.android.calendar/10147} BLOCKED
07-23 03:36:45.103 I/RoleService(  546): Granting default roles...
07-23 03:36:45.105 D/CarrierSvcBindHelper( 1116): onPackageModified: com.google.android.calendar
07-23 03:36:45.106 V/MediaPlayerList( 1088): mPackageChangedBroadcastReceiver: action: android.intent.action.PACKAGE_CHANGED
07-23 03:36:45.106 D/CarrierSvcBindHelper( 1116): No carrier app for: 0
07-23 03:36:45.107 V/MediaPlayerList( 1088): mPackageChangedBroadcastReceiver: action: android.intent.action.PACKAGE_CHANGED
07-23 03:36:45.108 D/ControlsListingControllerImpl(  886): ServiceConfig reloaded, count: 0
07-23 03:36:45.112 I/InputReader(  546): Reconfiguring input devices, changes=KEYBOARD_LAYOUTS
07-23 03:36:45.117 D/StylusManager(  886): Stylus InputDevice changed: 14 virtio_input_multi_touch_11
07-23 03:36:45.117 D/StylusManager(  886): Stylus InputDevice changed: 12 virtio_input_multi_touch_9
07-23 03:36:45.117 D/StylusManager(  886): Stylus InputDevice changed: 10 virtio_input_multi_touch_7
07-23 03:36:45.118 D/StylusManager(  886): Stylus InputDevice changed: 8 virtio_input_multi_touch_5
07-23 03:36:45.118 D/StylusManager(  886): Stylus InputDevice changed: 7 virtio_input_multi_touch_4
07-23 03:36:45.119 D/StylusManager(  886): Stylus InputDevice changed: 6 virtio_input_multi_touch_3
07-23 03:36:45.119 D/StylusManager(  886): Stylus InputDevice changed: 13 virtio_input_multi_touch_10
07-23 03:36:45.119 D/StylusManager(  886): Stylus InputDevice changed: 5 virtio_input_multi_touch_2
07-23 03:36:45.120 D/StylusManager(  886): Stylus InputDevice changed: 9 virtio_input_multi_touch_6
07-23 03:36:45.120 D/StylusManager(  886): Stylus InputDevice changed: 11 virtio_input_multi_touch_8
07-23 03:36:45.121 D/StylusManager(  886): Stylus InputDevice changed: 4 virtio_input_multi_touch_1
07-23 03:36:45.121 D/ImsResolver( 1116): maybeAddedImsService, packageName: com.google.android.calendar
07-23 03:36:45.149 D/ActivityManager(  546): sync unfroze 892 com.google.android.permissioncontroller for 6
07-23 03:36:45.151 D/AppWidgetServiceImpl(  546): Provider info from ComponentInfo{com.google.android.calendar/com.android.calendar.widget.CalendarAppWidgetProvider} won't be persisted.
07-23 03:36:45.151 D/AppWidgetServiceImpl(  546): Provider info from ComponentInfo{com.google.android.calendar/com.google.android.calendar.widgetmonth.MonthViewWidgetProvider} won't be persisted.
07-23 03:36:45.154 D/CompatibilityChangeReporter(  892): Compat change id reported: 150939131; UID 10178; state: ENABLED
07-23 03:36:45.155 E/system_server(  546): No package ID 7f found for resource ID 0x7f0801ee.
07-23 03:36:45.155 E/system_server(  546): No package ID 7f found for resource ID 0x7f14038f.
07-23 03:36:45.155 E/system_server(  546): No package ID 7f found for resource ID 0x7f140390.
07-23 03:36:45.155 E/system_server(  546): No package ID 7f found for resource ID 0x7f0801ef.
07-23 03:36:45.155 E/system_server(  546): No package ID 7f found for resource ID 0x7f140391.
07-23 03:36:45.155 E/system_server(  546): No package ID 7f found for resource ID 0x7f140392.
07-23 03:36:45.157 I/PermissionControllerServiceImpl(  892): Updating user sensitive for uid 10147
07-23 03:36:45.159 I/AiAiEcho( 1771): AppFetcherImpl onPackageChanged com.google.android.calendar.
07-23 03:36:45.162 I/AiAiEcho( 1771): AppIndexer Package:[com.google.android.calendar] UserProfile:[0] Enabled:[true].
07-23 03:36:45.162 I/AiAiEcho( 1771): AppFetcherImplV2 updateApps package:[com.google.android.calendar], userId:[0], reason:[package is updated.].
07-23 03:36:45.175 E/RoleControllerServiceImpl(  892): Default/fallback role holder package doesn't qualify for the role, package: com.google.android.gms.supervision, role: android.app.role.SYSTEM_SUPERVISION
07-23 03:36:45.177 I/Role    (  892): com.google.android.gms not qualified for android.app.role.SYSTEM_CALL_STREAMING due to missing RequiredComponent{mIntentFilterData=IntentFilterData{mAction='android.telecom.CallStreamingService', mCategories='[]', mDataScheme='null', mDataType='null'}, mMinTargetSdkVersion=1, mFlags='0', mPermission='android.permission.BIND_CALL_STREAMING_SERVICE', mQueryFlags=0, mMetaData=[]}
07-23 03:36:45.177 E/RoleControllerServiceImpl(  892): Default/fallback role holder package doesn't qualify for the role, package: com.google.android.gms, role: android.app.role.SYSTEM_CALL_STREAMING
07-23 03:36:45.178 W/Role    (  892): Default holder doesn't have required signing certificate: com.google.android.apps.work.clouddpc:23962F4B43B9857638EA66F4D419518EAE282491ACDA4B94707BD59003C45E58
07-23 03:36:45.318 D/EGL_emulation( 6765): app_time_stats: avg=49.56ms min=0.40ms max=715.55ms count=18
07-23 03:36:45.605 D/StatusBarIconController(  886): ignoring old pipeline callback because the new wifi icon is enabled
07-23 03:36:45.618 I/Fitness ( 5478): OnPackageChangedOperation got intent: Intent { act=android.intent.action.PACKAGE_CHANGED dat=package: flg=0x45000010 pkg=com.google.android.gms cmp=com.google.android.gms/.chimera.PersistentIntentOperationService (has extras) } [CONTEXT service_id=17 ]
07-23 03:36:45.620 I/Fitness ( 5478): FitCleanupIntentOperation received Intent android.intent.action.PACKAGE_CHANGED [CONTEXT service_id=17 ]
07-23 03:36:45.627 D/CompatibilityChangeReporter(  546): Compat change id reported: 161252188; UID 10147; state: DISABLED
07-23 03:36:45.634 W/ChimeraUtils( 5478): Module com.google.android.gms.nearby_en missing resource null(0)
07-23 03:36:45.634 W/ChimeraUtils( 5478): Module com.google.android.gms.nearby_en missing resource null(0)
07-23 03:36:45.646 I/Icing   ( 5521): IndexChimeraService.getServiceInterface callingPackage=com.google.android.gms componentName=AppsCorpus serviceId=36
07-23 03:36:45.659 I/Icing   ( 5521): Usage reports ok 2, Failed Usage reports 0, indexed 0, rejected 0
07-23 03:36:45.666 I/Icing   ( 5521): Indexing com.google.android.gms-internal.3p:MobileApplication from com.google.android.gms
07-23 03:36:45.668 I/Icing   ( 5521): Indexing done com.google.android.gms-internal.3p:MobileApplication
07-23 03:36:45.669 I/Icing   ( 5521): Indexing com.google.android.gms-apps from com.google.android.gms
07-23 03:36:45.671 I/Icing   ( 5521): Indexing done com.google.android.gms-apps
07-23 03:36:45.818 D/EGL_emulation(  886): app_time_stats: avg=15.95ms min=13.62ms max=19.47ms count=61
07-23 03:36:46.075 I/resolv  (  356): GetAddrInfoHandler::run: {100 786532 100 983140 10130 0}
07-23 03:36:46.075 I/resolv  (  356): res_nmkquery: (QUERY, IN, AAAA)
07-23 03:36:46.075 I/resolv  (  356): res_nmkquery: (QUERY, IN, A)
07-23 03:36:46.574 I/resolv  (  356): res_nsend: used send_dg 81 terrno: 0
07-23 03:36:46.575 I/resolv  (  356): res_nsend: used send_dg 93 terrno: 0
07-23 03:36:46.575 I/resolv  (  356): doQuery: rcode=0, ancount=2, return value=81
07-23 03:36:46.575 I/resolv  (  356): doQuery: rcode=0, ancount=2, return value=93
07-23 03:36:46.576 D/TrafficStats( 5478): tagSocket(268) with statsTag=0x407, statsUid=-1
07-23 03:36:46.837 D/EGL_emulation( 6765): app_time_stats: avg=71.51ms min=14.19ms max=1180.84ms count=21
07-23 03:36:46.881 D/TrafficStats( 5478): tagSocket(190) with statsTag=0x407, statsUid=-1
07-23 03:36:46.921 D/android.hardware.audio@7.1-impl.ranchu(  362): threadLoop: entering standby, frames: 1463360
07-23 03:36:47.081 D/TrafficStats( 5478): tagSocket(190) with statsTag=0x407, statsUid=-1
07-23 03:36:47.232 D/ActivityManager(  546): freezing 2317 com.google.android.contacts
07-23 03:36:47.333 D/AutofillManagerService(  546): Close system dialogs
07-23 03:36:47.335 I/vol.VolumeDialogImpl(  886): mDialog.dismiss() reason: volume_controller from: com.android.systemui.volume.VolumeDialogImpl$7.onDismissRequested:3
07-23 03:36:47.337 V/WindowManagerShell(  886): Transition requested: android.os.BinderProxy@84f79df TransitionRequestInfo { type = OPEN, triggerTask = TaskInfo{userId=0 taskId=7 displayId=0 isRunning=true baseIntent=Intent { act=android.intent.action.MAIN cat=[android.intent.category.HOME] flg=0x10000100 cmp=com.google.android.apps.nexuslauncher/.NexusLauncherActivity } baseActivity=ComponentInfo{com.google.android.apps.nexuslauncher/com.google.android.apps.nexuslauncher.NexusLauncherActivity} topActivity=ComponentInfo{com.google.android.apps.nexuslauncher/com.google.android.apps.nexuslauncher.NexusLauncherActivity} origActivity=null realActivity=ComponentInfo{com.google.android.apps.nexuslauncher/com.google.android.apps.nexuslauncher.NexusLauncherActivity} numActivities=1 lastActiveTime=466024 supportsMultiWindow=true resizeMode=2 isResizeable=true minWidth=-1 minHeight=-1 defaultMinSize=220 token=WCT{android.window.IWindowContainerToken$Stub$Proxy@273062c} topActivityType=2 pictureInPictureParams=null shouldDockBigOverlays=false launchIntoPipHostTaskId=-1 lastParentTaskIdBeforePip=-1 displayCutoutSafeInsets=null topActivityInfo=ActivityInfo{8e338f5 com.google.android.apps.nexuslauncher.NexusLauncherActivity} launchCookies=[] positionInParent=Point(0, 0) parentTaskId=-1 isFocused=true isVisible=false isVisibleRequested=true isSleeping=false topActivityInSizeCompat=false topActivityEligibleForLetterboxEducation= false topActivityLetterboxed= false isFromDoubleTap= false topActivityLetterboxVerticalPosition= -1 topActivityLetterboxHorizontalPosition= -1 topActivityLetterboxWidth=-1 topActivityLetterboxHeight=-1 locusId=null displayAreaFeatureId=1 cameraCompatControlState=hidden}, remoteTransition = null, displayChange = null }
07-23 03:36:47.338 I/ActivityTaskManager(  546): START u0 {act=android.intent.action.MAIN cat=[android.intent.category.HOME] flg=0x10000100 cmp=com.google.android.apps.nexuslauncher/.NexusLauncherActivity (has extras)} with LAUNCH_SINGLE_TASK from uid 0 (BAL_ALLOW_ALLOWLISTED_UID) result code=2
07-23 03:36:47.339 D/WindowManagerShell(  886): onActivityRestartAttempt: ComponentInfo{com.google.android.apps.nexuslauncher/com.google.android.apps.nexuslauncher.NexusLauncherActivity}
07-23 03:36:47.340 W/ProcessStats(  546): Tracking association SourceState{885494d com.google.android.googlequicksearchbox:search/10132 BTop #11207} whose proc state 2 is better than process ProcessState{a0e1551 com.google.android.googlequicksearchbox:interactor/10132 pkg=com.google.android.googlequicksearchbox} proc state 4 (41 skipped)
07-23 03:36:47.339 D/TaplTarget( 1171): Launcher.onNewIntent: Intent { act=android.intent.action.MAIN cat=[android.intent.category.HOME] flg=0x10400100 cmp=com.google.android.apps.nexuslauncher/.NexusLauncherActivity (has extras) }
07-23 03:36:47.343 D/AutofillManagerService(  546): Close system dialogs
07-23 03:36:47.344 W/AppSearchIcing(  546): icing-search-engine.cc:283: Error: 5, Message: Document (com.google.android.googlequicksearchbox$OneSearchZeroStateGoogleSuggestions/default, zp) not found.
07-23 03:36:47.346 D/OneSearchSuggestProvider( 1171): Created the binder channel successfully for end point service =com.google.android.apps.search.googleapp.search.suggest.plugins.onesearch.server.OneSearchSuggestService , mChannel=z1{delegate=s1{logId=37, target=directaddress:///AndroidComponentAddress%5BIntent%20%7B%20act=grpc.io.action.BIND%20cmp=com.google.android.googlequicksearchbox/com.google.android.apps.search.googleapp.search.suggest.plugins.onesearch.server.OneSearchSuggestService%20%7D%5D}} , mOneSearchConnection=X1.T@69fca40
07-23 03:36:47.348 I/vol.VolumeDialogImpl(  886): mDialog.dismiss() reason: volume_controller from: com.android.systemui.volume.VolumeDialogImpl$7.onDismissRequested:3
07-23 03:36:47.348 D/vol.VolumeDialogImpl(  886): dismissH: skipping dismiss because isAnimatingDismiss is true and showingStateInconsistent is false
07-23 03:36:47.349 I/AiAiEcho( 1771): Predicting[0]: 
07-23 03:36:47.349 I/AiAiEcho( 1771): EchoTargets: 
07-23 03:36:47.349 I/AiAiEcho( 1771): Filtered by AiAi flag check: 
07-23 03:36:47.349 I/AiAiEcho( 1771): Ranked targets strategy: SORT, count: 0, ranking metadata: 
07-23 03:36:47.350 I/AiAiEcho( 1771): #postPredictionTargets: Sending updates to UISurface home with targets# 0 (types=[])
07-23 03:36:47.368 E/OpenGLRenderer( 1171): Unable to match the desired swap behavior.
07-23 03:36:47.368 E/OpenGLRenderer( 1828): Unable to match the desired swap behavior.
07-23 03:36:47.369 I/BpBinder(  422): onLastStrongRef automatically unlinking death recipients: 
07-23 03:36:47.392 I/A       ( 1828): Created gRPC endpoint to "search" for service class com.google.android.apps.search.googleapp.search.suggest.plugins.onesearch.server.OneSearchSuggestService
07-23 03:36:47.393 I/A       ( 1828): Using proto config with mendel
07-23 03:36:47.394 W/A       ( 1828): Queue length for executor EventBus is now 11. Perhaps some tasks are too long, or the pool is too small.
07-23 03:36:47.397 I/A       ( 1828): Using proto config with mendel
07-23 03:36:47.398 V/WindowManager(  546): Sent Transition #27 createdAt=07-23 03:36:47.335 via request=TransitionRequestInfo { type = OPEN, triggerTask = TaskInfo{userId=0 taskId=7 displayId=0 isRunning=true baseIntent=Intent { act=android.intent.action.MAIN cat=[android.intent.category.HOME] flg=0x10000100 cmp=com.google.android.apps.nexuslauncher/.NexusLauncherActivity } baseActivity=ComponentInfo{com.google.android.apps.nexuslauncher/com.google.android.apps.nexuslauncher.NexusLauncherActivity} topActivity=ComponentInfo{com.google.android.apps.nexuslauncher/com.google.android.apps.nexuslauncher.NexusLauncherActivity} origActivity=null realActivity=ComponentInfo{com.google.android.apps.nexuslauncher/com.google.android.apps.nexuslauncher.NexusLauncherActivity} numActivities=1 lastActiveTime=466024 supportsMultiWindow=true resizeMode=2 isResizeable=true minWidth=-1 minHeight=-1 defaultMinSize=220 token=WCT{RemoteToken{13e335c Task{d6551e8 #7 type=home I=com.google.android.apps.nexuslauncher/.NexusLauncherActivity}}} topActivityType=2 pictureInPictureParams=null shouldDockBigOverlays=false launchIntoPipHostTaskId=-1 lastParentTaskIdBeforePip=-1 displayCutoutSafeInsets=null topActivityInfo=ActivityInfo{7562dee com.google.android.apps.nexuslauncher.NexusLauncherActivity} launchCookies=[] positionInParent=Point(0, 0) parentTaskId=-1 isFocused=true isVisible=false isVisibleRequested=true isSleeping=false topActivityInSizeCompat=false topActivityEligibleForLetterboxEducation= false topActivityLetterboxed= false isFromDoubleTap= false topActivityLetterboxVerticalPosition= -1 topActivityLetterboxHorizontalPosition= -1 topActivityLetterboxWidth=-1 topActivityLetterboxHeight=-1 locusId=null displayAreaFeatureId=1 cameraCompatControlState=hidden}, remoteTransition = null, displayChange = null }
07-23 03:36:47.398 V/WindowManager(  546):     startWCT=WindowContainerTransaction { changes = {} hops = [] errorCallbackToken=null taskFragmentOrganizer=null }
07-23 03:36:47.398 V/WindowManager(  546):     info={id=27 t=OPEN f=0x0 trk=0 r=[0@Point(0, 0)] c=[{WCT{RemoteToken{562a417 Task{8e83295 #1 type=home}}} m=TO_FRONT f=SHOW_WALLPAPER|MOVE_TO_TOP leash=Surface(name=Task=1)/@0x3b9d35c sb=Rect(0, 0 - 1080, 2400) eb=Rect(0, 0 - 1080, 2400) d=0},{WCT{RemoteToken{71ec80b Task{f80ed7f #15 type=standard A=10147:com.android.calendar.event.LaunchInfoActivity}}} m=TO_BACK f=NONE leash=Surface(name=Task=15)/@0x64a26fc sb=Rect(0, 0 - 1080, 2400) eb=Rect(0, 0 - 1080, 2400) d=0},{null m=TO_FRONT f=IS_WALLPAPER leash=Surface(name=WallpaperWindowToken{85c02d1 token=android.os.Binder@6639df8})/@0x462bead sb=Rect(0, 0 - 1080, 2400) eb=Rect(0, 0 - 1080, 2400) d=0}]}
07-23 03:36:47.398 V/WindowManagerShell(  886): onTransitionReady android.os.BinderProxy@84f79df: {id=27 t=OPEN f=0x0 trk=0 r=[0@Point(0, 0)] c=[{WCT{android.window.IWindowContainerToken$Stub$Proxy@ce91156} m=TO_FRONT f=SHOW_WALLPAPER|MOVE_TO_TOP leash=Surface(name=Task=1)/@0x698168a sb=Rect(0, 0 - 1080, 2400) eb=Rect(0, 0 - 1080, 2400) d=0},{WCT{android.window.IWindowContainerToken$Stub$Proxy@108c5d7} m=TO_BACK f=NONE leash=Surface(name=Task=15)/@0xe5bd4fb sb=Rect(0, 0 - 1080, 2400) eb=Rect(0, 0 - 1080, 2400) d=0},{null m=TO_FRONT f=IS_WALLPAPER leash=Surface(name=WallpaperWindowToken{85c02d1 token=android.os.Binder@6639df8})/@0xd205918 sb=Rect(0, 0 - 1080, 2400) eb=Rect(0, 0 - 1080, 2400) d=0}]}
07-23 03:36:47.398 V/WindowManagerShell(  886): Playing animation for (#27)android.os.BinderProxy@84f79df@0
07-23 03:36:47.398 V/WindowManagerShell(  886):  try handler com.android.wm.shell.transition.DefaultMixedHandler@e19b8be
07-23 03:36:47.398 V/WindowManagerShell(  886):  try handler com.android.wm.shell.keyguard.KeyguardTransitionHandler@831bd1f
07-23 03:36:47.398 V/WindowManagerShell(  886):  try handler com.android.wm.shell.activityembedding.ActivityEmbeddingController@9c7286c
07-23 03:36:47.399 V/WindowManagerShell(  886):  try handler com.android.wm.shell.recents.RecentsTransitionHandler@7a54e35
07-23 03:36:47.399 V/ShellRecents(  886): RecentsTransitionHandler.startAnimation: no controller found
07-23 03:36:47.399 V/WindowManagerShell(  886):  try handler com.android.wm.shell.pip.PipTransition@134a2ca
07-23 03:36:47.399 V/WindowManagerShell(  886):  try handler com.android.wm.shell.splitscreen.StageCoordinator@f3f0c3b
07-23 03:36:47.399 V/WindowManagerShell(  886):  try handler com.android.wm.shell.transition.RemoteTransitionHandler@4345f58
07-23 03:36:47.399 V/WindowManagerShell(  886): Transition doesn't have explicit remote, search filters for match for {id=27 t=OPEN f=0x0 trk=0 r=[0@Point(0, 0)] c=[{WCT{android.window.IWindowContainerToken$Stub$Proxy@ce91156} m=TO_FRONT f=SHOW_WALLPAPER|MOVE_TO_TOP leash=Surface(name=Task=1)/@0x698168a sb=Rect(0, 0 - 1080, 2400) eb=Rect(0, 0 - 1080, 2400) d=0},{WCT{android.window.IWindowContainerToken$Stub$Proxy@108c5d7} m=TO_BACK f=NONE leash=Surface(name=Task=15)/@0xe5bd4fb sb=Rect(0, 0 - 1080, 2400) eb=Rect(0, 0 - 1080, 2400) d=0},{null m=TO_FRONT f=IS_WALLPAPER leash=Surface(name=WallpaperWindowToken{85c02d1 token=android.os.Binder@6639df8})/@0xd205918 sb=Rect(0, 0 - 1080, 2400) eb=Rect(0, 0 - 1080, 2400) d=0}]}
07-23 03:36:47.399 V/WindowManagerShell(  886):  Checking filter Pair{{types=[] flags=0x0] notFlags=0x0 checks=[{atype=dream independent=true modes=[OPEN,TO_FRONT] flags=NONE mustBeTask=false order=ANY topActivity=null},{atype=home independent=true modes=[CLOSE,TO_BACK] flags=NONE mustBeTask=false order=ANY topActivity=null}]} RemoteTransition { remoteTransition = android.window.IRemoteTransition$Stub$Proxy@b625bec, appThread = android.app.IApplicationThread$Stub$Proxy@56b3bb5, debugName = LauncherToDream }}
07-23 03:36:47.399 V/WindowManagerShell(  886):  Checking filter Pair{{types=[] flags=0x0] notFlags=0x100 checks=[{atype=home independent=true modes=[OPEN,TO_FRONT] flags=NONE mustBeTask=false order=TOP topActivity=ComponentInfo{com.google.android.apps.nexuslauncher/com.google.android.apps.nexuslauncher.NexusLauncherActivity}},{atype=standard independent=true modes=[CLOSE,TO_BACK] flags=NONE mustBeTask=false order=ANY topActivity=null}]} RemoteTransition { remoteTransition = android.window.IRemoteTransition$Stub$Proxy@dd7c24a, appThread = android.app.IApplicationThread$Stub$Proxy@14c75bb, debugName = QuickstepLaunchHome }}
07-23 03:36:47.400 D/RemoteTransitionHandler(  886): Found filterPair{{types=[] flags=0x0] notFlags=0x100 checks=[{atype=home independent=true modes=[OPEN,TO_FRONT] flags=NONE mustBeTask=false order=TOP topActivity=ComponentInfo{com.google.android.apps.nexuslauncher/com.google.android.apps.nexuslauncher.NexusLauncherActivity}},{atype=standard independent=true modes=[CLOSE,TO_BACK] flags=NONE mustBeTask=false order=ANY topActivity=null}]} RemoteTransition { remoteTransition = android.window.IRemoteTransition$Stub$Proxy@dd7c24a, appThread = android.app.IApplicationThread$Stub$Proxy@14c75bb, debugName = QuickstepLaunchHome }}
07-23 03:36:47.402 D/EGL_emulation(  886): app_time_stats: avg=276.74ms min=13.10ms max=2630.64ms count=10
07-23 03:36:47.403 V/WindowManagerShell(  886):  Delegate animation for #27 to RemoteTransition { remoteTransition = android.window.IRemoteTransition$Stub$Proxy@dd7c24a, appThread = android.app.IApplicationThread$Stub$Proxy@14c75bb, debugName = QuickstepLaunchHome }
07-23 03:36:47.404 V/WindowManagerShell(  886):  animated by com.android.wm.shell.transition.RemoteTransitionHandler@4345f58
07-23 03:36:47.418 D/SearchTargetUtil( 1171):  query= size=0
07-23 03:36:47.438 I/ImeTracker(  546): com.google.android.apps.nexuslauncher:c16fbdb6: onRequestHide at ORIGIN_SERVER_HIDE_INPUT reason HIDE_UNSPECIFIED_WINDOW
07-23 03:36:47.438 I/ImeTracker(  546): com.google.android.apps.nexuslauncher:c16fbdb6: onCancelled at PHASE_SERVER_SHOULD_HIDE
07-23 03:36:47.440 I/GoogleInputMethodService( 1569): GoogleInputMethodService.onFinishInput():3227 
07-23 03:36:47.440 I/GoogleInputMethodService( 1569): GoogleInputMethodService.updateDeviceLockedStatus():2087 repeatCheckTimes = 0, unlocked = true
07-23 03:36:47.441 I/GoogleInputMethodService( 1569): GoogleInputMethodService.onStartInput():1877 onStartInput(EditorInfo{inputType=0x0(NULL) imeOptions=0x0 privateImeOptions=null actionName=UNSPECIFIED actionLabel=null actionId=0 initialSelStart=-1 initialSelEnd=-1 initialCapsMode=0x0 hintText=null label=null packageName=com.google.android.apps.nexuslauncher fieldId=0 fieldName=null extras=null}, false)
07-23 03:36:47.441 I/GoogleInputMethodService( 1569): GoogleInputMethodService.shouldHideHeaderOnInitialState():4008 ShouldHideHeaderOnInitialState = false
07-23 03:36:47.441 I/GoogleInputMethodService( 1569): GoogleInputMethodService.updateDeviceLockedStatus():2087 repeatCheckTimes = 2, unlocked = true
07-23 03:36:47.586 D/EGL_emulation(  886): app_time_stats: avg=42.48ms min=14.13ms max=1099.75ms count=41
07-23 03:36:47.596 W/ndroid.calendar( 6765): Long monitor contention with owner BACKGROUND_1 (6793) at java.lang.String cal.wrd.b()(PG:21) waiters=0 in java.lang.String cal.wrd.b() for 3.486s
07-23 03:36:47.769 V/WindowManagerShell(  886): Transition animation finished (aborted=false), notifying core (#27)android.os.BinderProxy@84f79df@0
07-23 03:36:47.770 V/WindowManager(  546): Finish Transition #27: created at 07-23 03:36:47.335 collect-started=0.023ms request-sent=2.668ms started=4.142ms ready=4.13ms sent=62.65ms finished=434.767ms
07-23 03:36:47.771 V/WindowManagerShell(  886): Track 0 became idle
07-23 03:36:47.771 V/WindowManagerShell(  886): All active transition animations finished
07-23 03:36:47.775 D/BtGatt.ScanManager( 1088): uid 10130 isForeground true scanMode -1
07-23 03:36:47.775 D/BtGatt.ScanManager( 1088): uid 10130 isForeground true scanMode -1
07-23 03:36:48.601 D/EGL_emulation(  886): app_time_stats: avg=16.31ms min=12.12ms max=35.28ms count=59
07-23 03:36:49.884 D/StatusBarIconController(  886): ignoring old pipeline callbacks, because the new mobile icons are enabled
07-23 03:36:50.086 D/OomAdjuster(  546): Not killing cached processes
07-23 03:36:50.564 I/wpa_supplicant(  874): wlan0: CTRL-EVENT-BEACON-LOSS 
07-23 03:36:52.102 I/netd    (  356): setProcSysNet(4, 2, wlan0, retrans_time_ms, 750) <0.12ms>
07-23 03:36:52.102 I/netd    (  356): setProcSysNet(4, 2, wlan0, ucast_solicit, 10) <0.02ms>
07-23 03:36:52.102 I/netd    (  356): setProcSysNet(6, 2, wlan0, retrans_time_ms, 750) <0.03ms>
07-23 03:36:52.102 I/netd    (  356): setProcSysNet(6, 2, wlan0, ucast_solicit, 10) <0.01ms>
07-23 03:36:53.681 D/TaplEvents( 1171): TIS / TouchInteractionService.onInputEvent: MotionEvent { action=ACTION_DOWN, actionButton=0, id[0]=0, x[0]=539.9668, y[0]=76.97754, toolType[0]=TOOL_TYPE_FINGER, buttonState=0, classification=NONE, metaState=0, flags=0x0, edgeFlags=0x0, pointerCount=1, historySize=0, eventTime=472368, downTime=472368, deviceId=4, source=0x5002, displayId=0, eventId=492127486 }
07-23 03:36:53.815 D/TaplEvents( 1171): TIS / TouchInteractionService.onInputEvent: MotionEvent { action=ACTION_UP, actionButton=0, id[0]=0, x[0]=539.9668, y[0]=76.97754, toolType[0]=TOOL_TYPE_FINGER, buttonState=0, classification=NONE, metaState=0, flags=0x0, edgeFlags=0x0, pointerCount=1, historySize=0, eventTime=472503, downTime=472368, deviceId=4, source=0x5002, displayId=0, eventId=506870598 }
07-23 03:36:54.094 D/TaplEvents( 1171): TIS / TouchInteractionService.onInputEvent: MotionEvent { action=ACTION_DOWN, actionButton=0, id[0]=0, x[0]=547.97656, y[0]=76.97754, toolType[0]=TOOL_TYPE_FINGER, buttonState=0, classification=NONE, metaState=0, flags=0x0, edgeFlags=0x0, pointerCount=1, historySize=0, eventTime=472781, downTime=472781, deviceId=4, source=0x5002, displayId=0, eventId=20498683 }
07-23 03:36:54.221 W/WindowOnBackDispatcher(  886): OnBackInvokedCallback is not enabled for the application.
07-23 03:36:54.221 W/WindowOnBackDispatcher(  886): Set 'android:enableOnBackInvokedCallback="true"' in the application manifest.
07-23 03:36:54.221 D/CentralSurfaces(  886): Received new disable state: enaihbcrso.qingr (unchanged)
07-23 03:36:54.237 E/OpenGLRenderer(  886): Unable to match the desired swap behavior.
07-23 03:36:54.254 D/EGL_emulation( 1171): app_time_stats: avg=298.50ms min=12.45ms max=6484.05ms count=23
07-23 03:36:54.255 I/BpBinder(  422): onLastStrongRef automatically unlinking death recipients: 
07-23 03:36:54.257 D/SystemServerTiming(  546): getUserSwitchability-0
07-23 03:36:54.257 D/SystemServerTiming(  546): TM.isInCall
07-23 03:36:54.257 D/SystemServerTiming(  546): getUserSwitchability-0
07-23 03:36:54.257 D/SystemServerTiming(  546): TM.isInCall
07-23 03:36:54.258 V/SystemServerTiming(  546): TM.isInCall took to complete: 0ms
07-23 03:36:54.258 D/SystemServerTiming(  546): hasUserRestriction-DISALLOW_USER_SWITCH
07-23 03:36:54.258 V/SystemServerTiming(  546): hasUserRestriction-DISALLOW_USER_SWITCH took to complete: 0ms
07-23 03:36:54.258 D/SystemServerTiming(  546): getInt-ALLOW_USER_SWITCHING_WHEN_SYSTEM_USER_LOCKED
07-23 03:36:54.258 V/SystemServerTiming(  546): getInt-ALLOW_USER_SWITCHING_WHEN_SYSTEM_USER_LOCKED took to complete: 0ms
07-23 03:36:54.258 D/SystemServerTiming(  546): isUserUnlocked-USER_SYSTEM
07-23 03:36:54.258 V/SystemServerTiming(  546): isUserUnlocked-USER_SYSTEM took to complete: 0ms
07-23 03:36:54.258 V/SystemServerTiming(  546): getUserSwitchability-0 took to complete: 1ms
07-23 03:36:54.258 V/SystemServerTiming(  546): TM.isInCall took to complete: 1ms
07-23 03:36:54.258 D/SystemServerTiming(  546): hasUserRestriction-DISALLOW_USER_SWITCH
07-23 03:36:54.258 V/SystemServerTiming(  546): hasUserRestriction-DISALLOW_USER_SWITCH took to complete: 0ms
07-23 03:36:54.258 D/SystemServerTiming(  546): getInt-ALLOW_USER_SWITCHING_WHEN_SYSTEM_USER_LOCKED
07-23 03:36:54.258 V/SystemServerTiming(  546): getInt-ALLOW_USER_SWITCHING_WHEN_SYSTEM_USER_LOCKED took to complete: 0ms
07-23 03:36:54.258 D/SystemServerTiming(  546): isUserUnlocked-USER_SYSTEM
07-23 03:36:54.258 V/SystemServerTiming(  546): isUserUnlocked-USER_SYSTEM took to complete: 0ms
07-23 03:36:54.258 V/SystemServerTiming(  546): getUserSwitchability-0 took to complete: 1ms
07-23 03:36:54.258 D/DLObserver(  886): add listener: com.android.systemui.dock.DockManagerExtensionsKt$retrieveIsDocked$1$callback$1@7166a62
07-23 03:36:54.259 D/DLObserver(  886): add listener: com.android.systemui.dock.DockManagerExtensionsKt$retrieveIsDocked$1$callback$1@2c157f3
07-23 03:36:54.260 D/DLObserver(  886): add listener: com.android.systemui.dock.DockManagerExtensionsKt$retrieveIsDocked$1$callback$1@e10acb0
07-23 03:36:54.260 D/BiometricsRepositoryImpl(  886): currentUser authFlags changed, new value: AuthenticationFlags(userId=0, flag=0)
07-23 03:36:54.260 D/BiometricsRepositoryImpl(  886): currentUser authFlags changed, new value: AuthenticationFlags(userId=0, flag=0)
07-23 03:36:54.261 D/BiometricsRepositoryImpl(  886): currentUser authFlags changed, new value: AuthenticationFlags(userId=0, flag=0)
07-23 03:36:54.262 D/DLObserver(  886): add listener: com.android.systemui.dock.DockManagerExtensionsKt$retrieveIsDocked$1$callback$1@1d75729
07-23 03:36:54.262 D/DLObserver(  886): add listener: com.android.systemui.dock.DockManagerExtensionsKt$retrieveIsDocked$1$callback$1@7f4caae
07-23 03:36:54.262 D/DLObserver(  886): add listener: com.android.systemui.dock.DockManagerExtensionsKt$retrieveIsDocked$1$callback$1@98f804f
07-23 03:36:54.263 D/BiometricsRepositoryImpl(  886): currentUser authFlags changed, new value: AuthenticationFlags(userId=0, flag=0)
07-23 03:36:54.263 D/BiometricsRepositoryImpl(  886): currentUser authFlags changed, new value: AuthenticationFlags(userId=0, flag=0)
07-23 03:36:54.264 D/BiometricsRepositoryImpl(  886): currentUser authFlags changed, new value: AuthenticationFlags(userId=0, flag=0)
07-23 03:36:54.265 E/QuickAccessWalletKeyguardQuickAffordanceConfig(  886): Wallet card retrieval error, message: "null"
07-23 03:36:54.266 D/ControlsListingControllerImpl(  886): Subscribing callback, service count: 0
07-23 03:36:54.266 D/ControlsListingControllerImpl(  886): Subscribing callback, service count: 0
07-23 03:36:54.267 E/QuickAccessWalletKeyguardQuickAffordanceConfig(  886): Wallet card retrieval error, message: "null"
07-23 03:36:54.268 E/QuickAccessWalletKeyguardQuickAffordanceConfig(  886): Wallet card retrieval error, message: "null"
07-23 03:36:54.268 D/ControlsListingControllerImpl(  886): Subscribing callback, service count: 0
07-23 03:36:54.270 D/DLObserver(  886): onDockEvent mDockState = 0
07-23 03:36:54.271 D/DLObserver(  886): onDockEvent mDockState = 0
07-23 03:36:54.271 D/DLObserver(  886): onDockEvent mDockState = 0
07-23 03:36:54.271 D/DLObserver(  886): onDockEvent mDockState = 0
07-23 03:36:54.271 D/DLObserver(  886): onDockEvent mDockState = 0
07-23 03:36:54.271 D/DLObserver(  886): onDockEvent mDockState = 0
07-23 03:36:54.286 I/BpBinder(  422): onLastStrongRef automatically unlinking death recipients: 
07-23 03:36:54.304 D/EGL_emulation(  886): app_time_stats: avg=766.46ms min=13.93ms max=6765.91ms count=9
07-23 03:36:54.501 D/CentralSurfaces(  886): Received new disable state: enaihbcrso.qingr (unchanged)
07-23 03:36:55.165 D/OomAdjuster(  546): Not killing cached processes
07-23 03:36:55.255 D/EGL_emulation(  886): app_time_stats: avg=18.22ms min=3.63ms max=83.66ms count=55
07-23 03:36:55.420 D/EGL_emulation(  886): app_time_stats: avg=378.29ms min=14.90ms max=6285.95ms count=18
07-23 03:36:56.270 D/EGL_emulation(  886): app_time_stats: avg=16.62ms min=14.55ms max=20.25ms count=61
07-23 03:36:56.439 D/EGL_emulation(  886): app_time_stats: avg=16.65ms min=14.23ms max=20.41ms count=61
07-23 03:36:57.271 D/EGL_emulation(  886): app_time_stats: avg=18.16ms min=14.42ms max=101.25ms count=55
07-23 03:36:57.618 D/StatusBarIconController(  886): ignoring old pipeline callback because the new wifi icon is enabled
07-23 03:36:57.833 D/ActivityManager(  546): freezing 2801 com.google.android.dialer
07-23 03:36:57.833 D/ActivityManager(  546): freezing 2006 android.process.acore
07-23 03:36:58.018 I/BpBinder(  422): onLastStrongRef automatically unlinking death recipients: 
07-23 03:36:58.037 I/BpBinder(  422): onLastStrongRef automatically unlinking death recipients: 
07-23 03:36:58.137 D/CentralSurfaces(  886): Received new disable state: enaihbcrso.qingr (unchanged)
07-23 03:36:58.141 D/EGL_emulation(  886): app_time_stats: avg=348.74ms min=14.90ms max=3636.94ms count=11
07-23 03:36:58.219 I/ImeTracker(  546): com.google.android.apps.nexuslauncher:f04eacde: onRequestHide at ORIGIN_SERVER_HIDE_INPUT reason HIDE_SAME_WINDOW_FOCUSED_WITHOUT_EDITOR
07-23 03:36:58.220 I/ImeTracker(  546): com.google.android.apps.nexuslauncher:f04eacde: onCancelled at PHASE_SERVER_SHOULD_HIDE
07-23 03:36:58.220 I/GoogleInputMethodService( 1569): GoogleInputMethodService.onFinishInput():3227 
07-23 03:36:58.221 I/GoogleInputMethodService( 1569): GoogleInputMethodService.updateDeviceLockedStatus():2087 repeatCheckTimes = 0, unlocked = true
07-23 03:36:58.221 I/GoogleInputMethodService( 1569): GoogleInputMethodService.onStartInput():1877 onStartInput(EditorInfo{inputType=0x0(NULL) imeOptions=0x0 privateImeOptions=null actionName=UNSPECIFIED actionLabel=null actionId=0 initialSelStart=-1 initialSelEnd=-1 initialCapsMode=0x0 hintText=null label=null packageName=com.google.android.apps.nexuslauncher fieldId=0 fieldName=null extras=null}, false)
07-23 03:36:58.221 I/GoogleInputMethodService( 1569): GoogleInputMethodService.shouldHideHeaderOnInitialState():4008 ShouldHideHeaderOnInitialState = false
07-23 03:36:58.222 I/GoogleInputMethodService( 1569): GoogleInputMethodService.updateDeviceLockedStatus():2087 repeatCheckTimes = 2, unlocked = true
07-23 03:36:58.238 D/EGL_emulation( 1171): app_time_stats: avg=567.70ms min=13.43ms max=3882.69ms count=7
07-23 03:36:58.287 D/EGL_emulation(  886): app_time_stats: avg=18.74ms min=13.57ms max=69.74ms count=54
07-23 03:36:58.375 D/TaplEvents( 1171): TIS / TouchInteractionService.onInputEvent: MotionEvent { action=ACTION_UP, actionButton=0, id[0]=0, x[0]=580.9678, y[0]=0.0, toolType[0]=TOOL_TYPE_FINGER, buttonState=0, classification=NONE, metaState=0, flags=0x0, edgeFlags=0x0, pointerCount=1, historySize=0, eventTime=477062, downTime=472781, deviceId=4, source=0x5002, displayId=0, eventId=638379214 }
07-23 03:36:58.402 D/CentralSurfaces(  886): Received new disable state: enaihbcrso.qingr (unchanged)
07-23 03:36:58.428 D/ControlsListingControllerImpl(  886): Unsubscribing callback
07-23 03:36:58.428 D/DLObserver(  886): remove listener: com.android.systemui.dock.DockManagerExtensionsKt$retrieveIsDocked$1$callback$1@7166a62
07-23 03:36:58.429 D/DLObserver(  886): remove listener: com.android.systemui.dock.DockManagerExtensionsKt$retrieveIsDocked$1$callback$1@2c157f3
07-23 03:36:58.429 D/ControlsListingControllerImpl(  886): Unsubscribing callback
07-23 03:36:58.430 D/DLObserver(  886): remove listener: com.android.systemui.dock.DockManagerExtensionsKt$retrieveIsDocked$1$callback$1@e10acb0
07-23 03:36:58.431 D/DLObserver(  886): remove listener: com.android.systemui.dock.DockManagerExtensionsKt$retrieveIsDocked$1$callback$1@1d75729
07-23 03:36:58.431 D/ControlsListingControllerImpl(  886): Unsubscribing callback
07-23 03:36:58.431 D/DLObserver(  886): remove listener: com.android.systemui.dock.DockManagerExtensionsKt$retrieveIsDocked$1$callback$1@7f4caae
07-23 03:36:58.432 D/DLObserver(  886): remove listener: com.android.systemui.dock.DockManagerExtensionsKt$retrieveIsDocked$1$callback$1@98f804f
07-23 03:36:58.500 I/wpa_supplicant(  874): wlan0: CTRL-EVENT-BEACON-LOSS 
07-23 03:36:58.517 D/EGL_emulation(  886): app_time_stats: avg=50.67ms min=14.38ms max=1414.26ms count=41
07-23 03:36:59.538 D/EGL_emulation(  886): app_time_stats: avg=16.66ms min=14.27ms max=31.99ms count=59
07-23 03:36:59.886 D/EGL_emulation(  886): app_time_stats: avg=1745.56ms min=1745.56ms max=1745.56ms count=1
07-23 03:36:59.887 D/StatusBarIconController(  886): ignoring old pipeline callbacks, because the new mobile icons are enabled
07-23 03:37:00.041 I/AiAiEcho( 1771): Predicting[0]: 
07-23 03:37:00.041 I/AiAiEcho( 1771): EchoTargets: 
07-23 03:37:00.041 I/AiAiEcho( 1771): Filtered by AiAi flag check: 
07-23 03:37:00.041 I/AiAiEcho( 1771): Ranked targets strategy: SORT, count: 0, ranking metadata: 
07-23 03:37:00.042 I/AiAiEcho( 1771): #postPredictionTargets: Sending updates to UISurface lockscreen with targets# 0 (types=[])
07-23 03:37:00.053 W/PageIndicator(  886): Total number of pages invalid: 0. Assuming 1 page.
07-23 03:37:00.168 D/ActivityManager(  546): freezing 2336 com.android.providers.calendar
07-23 03:37:00.201 D/ActivityManager(  546): freezing 1730 com.google.process.gservices
07-23 03:37:00.378 D/OomAdjuster(  546): Not killing cached processes
