07-23 03:36:11.210 I/A       ( 1828): #scheduledRefresh: enable_prod_refresh is true but we have no valid refresh schedule
07-23 03:36:11.210 V/WindowManager(  546): Sent Transition #23 createdAt=07-23 03:36:11.110 via request=TransitionRequestInfo { type = CLOSE, triggerTask = null, remoteTransition = null, displayChange = null }
07-23 03:36:11.210 V/WindowManager(  546):     startWCT=WindowContainerTransaction { changes = {} hops = [] errorCallbackToken=null taskFragmentOrganizer=null }
07-23 03:36:11.210 V/WindowManager(  546):     info={id=23 t=CLOSE f=0x10 trk=0 r=[0@Point(0, 0)] c=[{WCT{RemoteToken{562a417 Task{8e83295 #1 type=home}}} m=TO_FRONT f=SHOW_WALLPAPER|MOVE_TO_TOP leash=Surface(name=Task=1)/@0x3b9d35c sb=Rect(0, 0 - 1080, 2400) eb=Rect(0, 0 - 1080, 2400) d=0},{WCT{RemoteToken{11fbcd8 Task{cb7a854 #13 type=standard A=10192:com.roteiroapp.app}}} m=CLOSE f=NONE leash=Surface(name=Task=13)/@0x8efadec sb=Rect(0, 0 - 1080, 2400) eb=Rect(0, 0 - 1080, 2400) d=0},{null m=TO_FRONT f=IS_WALLPAPER leash=Surface(name=WallpaperWindowToken{85c02d1 token=android.os.Binder@6639df8})/@0x462bead sb=Rect(0, 0 - 1080, 2400) eb=Rect(0, 0 - 1080, 2400) d=0}]}
07-23 03:36:11.214 I/A       ( 1828): Created gRPC endpoint to "search" for service class com.google.android.apps.search.googleapp.search.suggest.plugins.onesearch.server.OneSearchSuggestService
07-23 03:36:11.214 I/A       ( 1828): loading data on surface MinusOne.
07-23 03:36:11.214 I/A       ( 1828): onApplyWindowInsets: systemWindowInsets=Insets{left=0, top=128, right=0, bottom=63}
07-23 03:36:11.214 I/A       ( 1828): onApplyWindowInsets: Adjusting for display cutouts. Safe insets: left=0, top=128, right=0, bottom=0
07-23 03:36:11.214 I/A       ( 1828): onApplyWindowInsets: systemWindowInsets=Insets{left=0, top=128, right=0, bottom=63}
07-23 03:36:11.219 V/WindowManagerShell(  886):  animated by com.android.wm.shell.transition.RemoteTransitionHandler@4345f58
07-23 03:36:11.219 W/A       ( 1828): Didn't find the session (MAIN_FEED, true)
07-23 03:36:11.219 W/A       ( 1828): Didn't find the session (MAIN_FEED, false)
07-23 03:36:11.222 D/BtGatt.ScanManager( 1088): uid 10130 isForeground true scanMode -1
07-23 03:36:11.222 D/BtGatt.ScanManager( 1088): uid 10130 isForeground true scanMode -1
07-23 03:36:11.223 W/A       ( 1828): RenderableStreamDataSource#loadData - failed precheck
07-23 03:36:11.223 W/A       ( 1828): DiscoverPrecheckException(precheckFailureReason=com.google.android.apps.search.googleapp.discover.w.a.c@c5f5d54)
07-23 03:36:11.223 W/A       ( 1828): 	at com.google.android.apps.search.googleapp.discover.w.bb.d(PG:16)
07-23 03:36:11.223 W/A       ( 1828): 	at com.google.android.apps.search.googleapp.discover.w.ap.invokeSuspend(PG:5)
07-23 03:36:11.223 W/A       ( 1828): 	at com.google.android.apps.search.googleapp.discover.w.ap.invoke(PG:1)
07-23 03:36:11.223 W/A       ( 1828): 	at kotlinx.coroutines.f.b.a(PG:1)
07-23 03:36:11.223 W/A       ( 1828): 	at kotlinx.coroutines.m.a(PG:11)
07-23 03:36:11.223 W/A       ( 1828): 	at com.google.android.apps.search.googleapp.discover.v.bb.f(PG:2)
07-23 03:36:11.223 W/A       ( 1828): 	at com.google.android.apps.search.googleapp.discover.v.bb.d(PG:15)
07-23 03:36:11.223 W/A       ( 1828): 	at com.google.android.apps.search.googleapp.discover.v.an.invokeSuspend(PG:1)
07-23 03:36:11.223 W/A       ( 1828): 	at i.c.b.a.a.resumeWith(PG:4)
07-23 03:36:11.223 W/A       ( 1828): 	at kotlinx.coroutines.ea.mn(PG:6)
07-23 03:36:11.223 W/A       ( 1828): 	at kotlinx.coroutines.a.resumeWith(PG:3)
07-23 03:36:11.223 W/A       ( 1828): 	at i.c.b.a.a.resumeWith(PG:9)
07-23 03:36:11.223 W/A       ( 1828): 	at kotlinx.coroutines.bk.run(PG:14)
07-23 03:36:11.223 W/A       ( 1828): 	at com.google.apps.tiktok.coroutines.f.run(PG:1)
07-23 03:36:11.223 W/A       ( 1828): 	at com.google.android.libraries.i.ae.run(PG:1)
07-23 03:36:11.223 W/A       ( 1828): 	at java.util.concurrent.ThreadPoolExecutor.runWorker(ThreadPoolExecutor.java:1145)
07-23 03:36:11.223 W/A       ( 1828): 	at java.util.concurrent.ThreadPoolExecutor$Worker.run(ThreadPoolExecutor.java:644)
07-23 03:36:11.223 W/A       ( 1828): 	at com.google.android.libraries.i.k.run(PG:2)
07-23 03:36:11.223 W/A       ( 1828): 	at com.google.android.libraries.i.p.run(PG:4)
07-23 03:36:11.223 W/A       ( 1828): 	at java.lang.Thread.run(Thread.java:1012)
07-23 03:36:11.238 D/SearchTargetUtil( 1171):  query= size=0
07-23 03:36:11.239 I/A       ( 1828): StreamFragmentPeer#onPending
07-23 03:36:11.239 I/A       ( 1828): #fetchAndStoreData() on surface MinusOne.
07-23 03:36:11.239 I/ImeTracker(  546): com.google.android.apps.nexuslauncher:2345606e: onRequestHide at ORIGIN_SERVER_HIDE_INPUT reason HIDE_UNSPECIFIED_WINDOW
07-23 03:36:11.239 W/A       ( 1828): Fetch failed. Renderable stream failure reason: USER_SIGNED_OUT
07-23 03:36:11.239 W/A       ( 1828): DiscoverPrecheckException(precheckFailureReason=com.google.android.apps.search.googleapp.discover.w.a.c@c5f5d54)
07-23 03:36:11.239 W/A       ( 1828): 	at com.google.android.apps.search.googleapp.discover.w.bb.d(PG:16)
07-23 03:36:11.239 W/A       ( 1828): 	at com.google.android.apps.search.googleapp.discover.w.ax.invokeSuspend(PG:5)
07-23 03:36:11.239 W/A       ( 1828): 	at com.google.android.apps.search.googleapp.discover.w.ax.invoke(PG:1)
07-23 03:36:11.239 W/A       ( 1828): 	at kotlinx.coroutines.f.b.a(PG:1)
07-23 03:36:11.239 W/A       ( 1828): 	at kotlinx.coroutines.m.a(PG:11)
07-23 03:36:11.239 W/A       ( 1828): 	at com.google.android.apps.search.googleapp.discover.w.bb.c(PG:2)
07-23 03:36:11.239 W/A       ( 1828): 	at com.google.android.apps.search.googleapp.discover.v.am.invokeSuspend(PG:5)
07-23 03:36:11.239 W/A       ( 1828): 	at com.google.android.apps.search.googleapp.discover.v.am.invoke(PG:1)
07-23 03:36:11.239 W/A       ( 1828): 	at kotlinx.coroutines.f.b.a(PG:1)
07-23 03:36:11.239 W/A       ( 1828): 	at kotlinx.coroutines.m.a(PG:11)
07-23 03:36:11.239 W/A       ( 1828): 	at com.google.android.apps.search.googleapp.discover.v.al.invokeSuspend(PG:4)
07-23 03:36:11.239 W/A       ( 1828): 	at i.c.b.a.a.resumeWith(PG:4)
07-23 03:36:11.239 W/A       ( 1828): 	at kotlinx.coroutines.bk.run(PG:14)
07-23 03:36:11.239 W/A       ( 1828): 	at com.google.apps.tiktok.coroutines.f.run(PG:1)
07-23 03:36:11.239 W/A       ( 1828): 	at com.google.android.libraries.i.ae.run(PG:1)
07-23 03:36:11.239 W/A       ( 1828): 	at java.util.concurrent.ThreadPoolExecutor.runWorker(ThreadPoolExecutor.java:1145)
07-23 03:36:11.239 W/A       ( 1828): 	at java.util.concurrent.ThreadPoolExecutor$Worker.run(ThreadPoolExecutor.java:644)
07-23 03:36:11.239 W/A       ( 1828): 	at com.google.android.libraries.i.k.run(PG:2)
07-23 03:36:11.239 W/A       ( 1828): 	at com.google.android.libraries.i.p.run(PG:4)
07-23 03:36:11.239 W/A       ( 1828): 	at java.lang.Thread.run(Thread.java:1012)
07-23 03:36:11.240 I/ImeTracker(  546): com.google.android.apps.nexuslauncher:2345606e: onCancelled at PHASE_SERVER_SHOULD_HIDE
07-23 03:36:11.240 I/GoogleInputMethodService( 1569): GoogleInputMethodService.onFinishInput():3227 
07-23 03:36:11.241 I/GoogleInputMethodService( 1569): GoogleInputMethodService.updateDeviceLockedStatus():2087 repeatCheckTimes = 0, unlocked = true
07-23 03:36:11.241 I/GoogleInputMethodService( 1569): GoogleInputMethodService.onStartInput():1877 onStartInput(EditorInfo{inputType=0x0(NULL) imeOptions=0x0 privateImeOptions=null actionName=UNSPECIFIED actionLabel=null actionId=0 initialSelStart=-1 initialSelEnd=-1 initialCapsMode=0x0 hintText=null label=null packageName=com.google.android.apps.nexuslauncher fieldId=0 fieldName=null extras=null}, false)
07-23 03:36:11.241 I/GoogleInputMethodService( 1569): GoogleInputMethodService.shouldHideHeaderOnInitialState():4008 ShouldHideHeaderOnInitialState = false
07-23 03:36:11.242 I/GoogleInputMethodService( 1569): GoogleInputMethodService.updateDeviceLockedStatus():2087 repeatCheckTimes = 2, unlocked = true
07-23 03:36:11.243 W/WindowManager(  546): Failed to deliver inset control state change to w=Window{276b0c u0 com.roteiroapp.app/com.roteiroapp.app.MainActivity EXITING}
07-23 03:36:11.243 W/WindowManager(  546): android.os.DeadObjectException
07-23 03:36:11.243 W/WindowManager(  546): 	at android.os.BinderProxy.transactNative(Native Method)
07-23 03:36:11.243 W/WindowManager(  546): 	at android.os.BinderProxy.transact(BinderProxy.java:584)
07-23 03:36:11.243 W/WindowManager(  546): 	at android.view.IWindow$Stub$Proxy.insetsControlChanged(IWindow.java:479)
07-23 03:36:11.243 W/WindowManager(  546): 	at com.android.server.wm.WindowState.notifyInsetsControlChanged(WindowState.java:3802)
07-23 03:36:11.243 W/WindowManager(  546): 	at com.android.server.wm.InsetsStateController.lambda$notifyPendingInsetsControlChanged$3(InsetsStateController.java:343)
07-23 03:36:11.243 W/WindowManager(  546): 	at com.android.server.wm.InsetsStateController.$r8$lambda$8yykPRG1GyNq_J17QvL9d5xANMc(InsetsStateController.java:0)
07-23 03:36:11.243 W/WindowManager(  546): 	at com.android.server.wm.InsetsStateController$$ExternalSyntheticLambda2.run(R8$$SyntheticClass:0)
07-23 03:36:11.243 W/WindowManager(  546): 	at com.android.server.wm.WindowAnimator.executeAfterPrepareSurfacesRunnables(WindowAnimator.java:294)
07-23 03:36:11.243 W/WindowManager(  546): 	at com.android.server.wm.RootWindowContainer.performSurfacePlacementNoTrace(RootWindowContainer.java:811)
07-23 03:36:11.243 W/WindowManager(  546): 	at com.android.server.wm.RootWindowContainer.performSurfacePlacement(RootWindowContainer.java:756)
07-23 03:36:11.243 W/WindowManager(  546): 	at com.android.server.wm.WindowSurfacePlacer.performSurfacePlacementLoop(WindowSurfacePlacer.java:177)
07-23 03:36:11.243 W/WindowManager(  546): 	at com.android.server.wm.WindowSurfacePlacer.performSurfacePlacement(WindowSurfacePlacer.java:126)
07-23 03:36:11.243 W/WindowManager(  546): 	at com.android.server.wm.WindowSurfacePlacer.performSurfacePlacement(WindowSurfacePlacer.java:115)
07-23 03:36:11.243 W/WindowManager(  546): 	at com.android.server.wm.WindowSurfacePlacer$Traverser.run(WindowSurfacePlacer.java:57)
07-23 03:36:11.243 W/WindowManager(  546): 	at android.os.Handler.handleCallback(Handler.java:958)
07-23 03:36:11.243 W/WindowManager(  546): 	at android.os.Handler.dispatchMessage(Handler.java:99)
07-23 03:36:11.243 W/WindowManager(  546): 	at android.os.Looper.loopOnce(Looper.java:205)
07-23 03:36:11.243 W/WindowManager(  546): 	at android.os.Looper.loop(Looper.java:294)
07-23 03:36:11.243 W/WindowManager(  546): 	at android.os.HandlerThread.run(HandlerThread.java:67)
07-23 03:36:11.243 W/WindowManager(  546): 	at com.android.server.ServiceThread.run(ServiceThread.java:46)
07-23 03:36:11.254 W/A       ( 1828): Failed RenderableStream callback; SubscriptionCallbacks#onError(Throwable) called.
07-23 03:36:11.254 W/A       ( 1828): com.google.android.apps.search.googleapp.discover.v.i: DiscoverPrecheckException(precheckFailureReason=com.google.android.apps.search.googleapp.discover.w.a.c@c5f5d54)
07-23 03:36:11.254 W/A       ( 1828): 	at com.google.android.apps.search.googleapp.discover.v.ak.a(PG:1)
07-23 03:36:11.254 W/A       ( 1828): 	at com.google.android.apps.search.googleapp.discover.v.am.invokeSuspend(PG:17)
07-23 03:36:11.254 W/A       ( 1828): 	at com.google.android.apps.search.googleapp.discover.v.am.invoke(PG:1)
07-23 03:36:11.254 W/A       ( 1828): 	at kotlinx.coroutines.f.b.a(PG:1)
07-23 03:36:11.254 W/A       ( 1828): 	at kotlinx.coroutines.m.a(PG:11)
07-23 03:36:11.254 W/A       ( 1828): 	at com.google.android.apps.search.googleapp.discover.v.al.invokeSuspend(PG:4)
07-23 03:36:11.254 W/A       ( 1828): 	at i.c.b.a.a.resumeWith(PG:4)
07-23 03:36:11.254 W/A       ( 1828): 	at kotlinx.coroutines.bk.run(PG:14)
07-23 03:36:11.254 W/A       ( 1828): 	at com.google.apps.tiktok.coroutines.f.run(PG:1)
07-23 03:36:11.254 W/A       ( 1828): 	at com.google.android.libraries.i.ae.run(PG:1)
07-23 03:36:11.254 W/A       ( 1828): 	at java.util.concurrent.ThreadPoolExecutor.runWorker(ThreadPoolExecutor.java:1145)
07-23 03:36:11.254 W/A       ( 1828): 	at java.util.concurrent.ThreadPoolExecutor$Worker.run(ThreadPoolExecutor.java:644)
07-23 03:36:11.254 W/A       ( 1828): 	at com.google.android.libraries.i.k.run(PG:2)
07-23 03:36:11.254 W/A       ( 1828): 	at com.google.android.libraries.i.p.run(PG:4)
07-23 03:36:11.254 W/A       ( 1828): 	at java.lang.Thread.run(Thread.java:1012)
07-23 03:36:11.254 W/A       ( 1828): Caused by: DiscoverPrecheckException(precheckFailureReason=com.google.android.apps.search.googleapp.discover.w.a.c@c5f5d54)
07-23 03:36:11.254 W/A       ( 1828): 	at com.google.android.apps.search.googleapp.discover.w.bb.d(PG:16)
07-23 03:36:11.254 W/A       ( 1828): 	at com.google.android.apps.search.googleapp.discover.w.ax.invokeSuspend(PG:5)
07-23 03:36:11.254 W/A       ( 1828): 	at com.google.android.apps.search.googleapp.discover.w.ax.invoke(PG:1)
07-23 03:36:11.254 W/A       ( 1828): 	at kotlinx.coroutines.f.b.a(PG:1)
07-23 03:36:11.254 W/A       ( 1828): 	at kotlinx.coroutines.m.a(PG:11)
07-23 03:36:11.254 W/A       ( 1828): 	at com.google.android.apps.search.googleapp.discover.w.bb.c(PG:2)
07-23 03:36:11.254 W/A       ( 1828): 	at com.google.android.apps.search.googleapp.discover.v.am.invokeSuspend(PG:5)
07-23 03:36:11.254 W/A       ( 1828): 	... 13 more
07-23 03:36:11.265 I/DropBoxManagerService(  546): add tag=system_app_strictmode isTagEnabled=true flags=0x2
07-23 03:36:11.270 W/View    ( 1828): requestLayout() improperly called by android.widget.FrameLayout{c5870f3 V.E...... ......ID 0,0-1080,525 #7f0b0fee app:id/googleapp_discover_header_container} during layout: running second layout pass
07-23 03:36:11.319 D/EGL_emulation(  886): app_time_stats: avg=797.52ms min=14.27ms max=32064.56ms count=41
07-23 03:36:11.457 W/A       ( 1828): Queue length for executor EventBus is now 11. Perhaps some tasks are too long, or the pool is too small.
07-23 03:36:11.460 I/A       ( 1828): Using proto config with mendel
07-23 03:36:11.460 W/CorpusConfigHelper( 1828): Invalid input from icing corpus JSON flag.
07-23 03:36:11.460 W/CorpusConfigHelper( 1828): android.util.MalformedJsonException: Use JsonReader.setLenient(true) to accept malformed JSON at line 123 column 2
07-23 03:36:11.460 W/CorpusConfigHelper( 1828): 	at android.util.JsonReader.syntaxError(JsonReader.java:1162)
07-23 03:36:11.460 W/CorpusConfigHelper( 1828): 	at android.util.JsonReader.checkLenient(JsonReader.java:840)
07-23 03:36:11.460 W/CorpusConfigHelper( 1828): 	at android.util.JsonReader.nextInArray(JsonReader.java:615)
07-23 03:36:11.460 W/CorpusConfigHelper( 1828): 	at android.util.JsonReader.peek(JsonReader.java:345)
07-23 03:36:11.460 W/CorpusConfigHelper( 1828): 	at android.util.JsonReader.hasNext(JsonReader.java:321)
07-23 03:36:11.460 W/CorpusConfigHelper( 1828): 	at com.google.android.apps.gsa.searchbox.c.b.b.k.c(PG:7)
07-23 03:36:11.460 W/CorpusConfigHelper( 1828): 	at com.google.android.apps.gsa.searchbox.c.b.b.k.<init>(PG:5)
07-23 03:36:11.460 W/CorpusConfigHelper( 1828): 	at com.google.android.apps.gsa.staticplugins.searchboxroot.features.n.a.c.<init>(PG:16)
07-23 03:36:11.460 W/CorpusConfigHelper( 1828): 	at com.google.android.apps.gsa.staticplugins.searchboxroot.b.a(PG:14)
07-23 03:36:11.460 W/CorpusConfigHelper( 1828): 	at com.google.android.apps.gsa.staticplugins.searchboxroot.x.<init>(PG:7)
07-23 03:36:11.460 W/CorpusConfigHelper( 1828): 	at com.google.android.apps.gsa.binaries.velvet.app.akd.b(PG:15)
07-23 03:36:11.460 W/CorpusConfigHelper( 1828): 	at dagger.a.e.b(PG:1)
07-23 03:36:11.460 W/CorpusConfigHelper( 1828): 	at com.google.android.apps.gsa.staticplugins.searchboxroot.a.a.a(PG:3)
07-23 03:36:11.460 W/CorpusConfigHelper( 1828): 	at com.google.android.apps.gsa.binaries.velvet.app.ok.f(Unknown Source:2541)
07-23 03:36:11.460 W/CorpusConfigHelper( 1828): 	at com.google.android.apps.gsa.binaries.velvet.app.ok.b(PG:1)
07-23 03:36:11.460 W/CorpusConfigHelper( 1828): 	at com.google.android.apps.gsa.search.core.service.g.a.c.a(PG:2)
07-23 03:36:11.460 W/CorpusConfigHelper( 1828): 	at com.google.android.libraries.gsa.k.a.f.a(PG:2)
07-23 03:36:11.460 W/CorpusConfigHelper( 1828): 	at com.google.common.util.concurrent.dx.a(PG:1)
07-23 03:36:11.460 W/CorpusConfigHelper( 1828): 	at com.google.common.util.concurrent.cv.run(PG:4)
07-23 03:36:11.460 W/CorpusConfigHelper( 1828): 	at com.google.common.util.concurrent.dz.run(PG:1)
07-23 03:36:11.460 W/CorpusConfigHelper( 1828): 	at com.google.android.libraries.i.ae.run(PG:1)
07-23 03:36:11.460 W/CorpusConfigHelper( 1828): 	at java.util.concurrent.ThreadPoolExecutor.runWorker(ThreadPoolExecutor.java:1145)
07-23 03:36:11.460 W/CorpusConfigHelper( 1828): 	at java.util.concurrent.ThreadPoolExecutor$Worker.run(ThreadPoolExecutor.java:644)
07-23 03:36:11.460 W/CorpusConfigHelper( 1828): 	at com.google.android.libraries.i.k.run(PG:2)
07-23 03:36:11.460 W/CorpusConfigHelper( 1828): 	at com.google.android.libraries.i.p.run(PG:4)
07-23 03:36:11.460 W/CorpusConfigHelper( 1828): 	at java.lang.Thread.run(Thread.java:1012)
07-23 03:36:11.462 I/A       ( 1828): Using proto config with mendel
07-23 03:36:11.463 I/A       ( 1828): Using proto config with mendel
07-23 03:36:11.463 I/A       ( 1828): Using proto config with mendel
07-23 03:36:11.463 I/A       ( 1828): Using proto config with mendel
07-23 03:36:11.463 I/A       ( 1828): Merging legacy hotword config map with new proto.
07-23 03:36:11.463 I/A       ( 1828): Adding from config to map. Locale: cmn-Hant-TW modelPrefix: x_google Location:4e7cae00daee30ec565c34e3aa67a51f isSpeakerIdSupported: true
07-23 03:36:11.463 I/A       ( 1828): Adding from config to map. Locale: id-ID modelPrefix: x_google Location:cfffcc1a4c1c084c003c8eb27f73d770 isSpeakerIdSupported: true
07-23 03:36:11.463 I/A       ( 1828): Adding from config to map. Locale: ko-KR modelPrefix: x_google Location:0b132163a2eb2c1194b202067475724b isSpeakerIdSupported: true
07-23 03:36:11.463 I/A       ( 1828): Skipping. Expected model: 2 Found: 1
07-23 03:36:11.464 I/A       ( 1828): Adding from config to map. Locale: zh-TW modelPrefix: x_google Location:4e7cae00daee30ec565c34e3aa67a51f isSpeakerIdSupported: true
07-23 03:36:11.464 I/A       ( 1828): Using proto config with mendel
07-23 03:36:11.464 I/A       ( 1828): Using proto config with mendel
07-23 03:36:11.465 I/A       ( 1828): Using proto config with mendel
07-23 03:36:11.470 I/Icing   ( 5521): IndexChimeraService.getServiceInterface callingPackage=com.google.android.googlequicksearchbox componentName=null serviceId=36
07-23 03:36:11.473 I/MicroDetectionState( 1828): Should stop hotword detection immediately - true
07-23 03:36:11.477 D/CompatibilityChangeReporter(  546): Compat change id reported: 161252188; UID 10192; state: DISABLED
07-23 03:36:11.478 I/Icing   ( 5521): Usage reports ok 1, Failed Usage reports 0, indexed 0, rejected 0
07-23 03:36:11.480 I/earchbox:search( 1828): JIT allocated 79KB for compiled code of java.lang.Object com.google.android.apps.gsa.binaries.velvet.app.akj.a()
07-23 03:36:11.480 I/earchbox:search( 1828): Compiler allocated 4258KB to compile java.lang.Object com.google.android.apps.gsa.binaries.velvet.app.akj.a()
07-23 03:36:11.481 I/MicroDetectionState( 1828): Should stop hotword detection immediately - true
07-23 03:36:11.481 I/A       ( 1828): Using proto config with mendel
07-23 03:36:11.482 I/A       ( 1828): Using proto config with mendel
07-23 03:36:11.490 I/Icing   ( 5521): IndexChimeraService.getServiceInterface callingPackage=com.google.android.gms componentName=null serviceId=30
07-23 03:36:11.494 I/Icing   ( 5521): Usage reports ok 0, Failed Usage reports 0, indexed 0, rejected 0
07-23 03:36:11.523 W/VsyncModulator(  422): setTransactionSchedule: Unexpected EarlyEnd
07-23 03:36:11.837 V/WindowManagerShell(  886): Transition animation finished (aborted=false), notifying core (#23)android.os.BinderProxy@df7c9fd@0
07-23 03:36:11.837 V/WindowManager(  546): Finish Transition #23: created at 07-23 03:36:11.110 collect-started=0.046ms request-sent=0.096ms started=2.259ms ready=20.329ms sent=95.611ms finished=726.6ms
07-23 03:36:11.839 W/WindowManager(  546): Exception thrown during dispatchAppVisibility Window{276b0c u0 com.roteiroapp.app/com.roteiroapp.app.MainActivity EXITING}
07-23 03:36:11.839 W/WindowManager(  546): android.os.DeadObjectException
07-23 03:36:11.839 W/WindowManager(  546): 	at android.os.BinderProxy.transactNative(Native Method)
07-23 03:36:11.839 W/WindowManager(  546): 	at android.os.BinderProxy.transact(BinderProxy.java:584)
07-23 03:36:11.839 W/WindowManager(  546): 	at android.view.IWindow$Stub$Proxy.dispatchAppVisibility(IWindow.java:546)
07-23 03:36:11.839 W/WindowManager(  546): 	at com.android.server.wm.WindowState.sendAppVisibilityToClients(WindowState.java:3271)
07-23 03:36:11.839 W/WindowManager(  546): 	at com.android.server.wm.WindowContainer.sendAppVisibilityToClients(WindowContainer.java:1221)
07-23 03:36:11.839 W/WindowManager(  546): 	at com.android.server.wm.WindowToken.setClientVisible(WindowToken.java:409)
07-23 03:36:11.839 W/WindowManager(  546): 	at com.android.server.wm.ActivityRecord.setClientVisible(ActivityRecord.java:6946)
07-23 03:36:11.839 W/WindowManager(  546): 	at com.android.server.wm.ActivityRecord.postApplyAnimation(ActivityRecord.java:5637)
07-23 03:36:11.839 W/WindowManager(  546): 	at com.android.server.wm.ActivityRecord.commitVisibility(ActivityRecord.java:5580)
07-23 03:36:11.839 W/WindowManager(  546): 	at com.android.server.wm.Transition.finishTransition(Transition.java:1151)
07-23 03:36:11.839 W/WindowManager(  546): 	at com.android.server.wm.TransitionController.finishTransition(TransitionController.java:868)
07-23 03:36:11.839 W/WindowManager(  546): 	at com.android.server.wm.WindowOrganizerController.finishTransition(WindowOrganizerController.java:396)
07-23 03:36:11.839 W/WindowManager(  546): 	at android.window.IWindowOrganizerController$Stub.onTransact(IWindowOrganizerController.java:286)
07-23 03:36:11.839 W/WindowManager(  546): 	at com.android.server.wm.WindowOrganizerController.onTransact(WindowOrganizerController.java:181)
07-23 03:36:11.839 W/WindowManager(  546): 	at android.os.Binder.execTransactInternal(Binder.java:1339)
07-23 03:36:11.839 W/WindowManager(  546): 	at android.os.Binder.execTransact(Binder.java:1275)
07-23 03:36:11.839 I/Process (  546): Sending signal. PID: 6535 SIG: 9
07-23 03:36:11.841 V/WindowManagerShell(  886): Track 0 became idle
07-23 03:36:11.841 V/WindowManagerShell(  886): All active transition animations finished
07-23 03:36:11.842 W/ActivityManager(  546): setHasOverlayUi called on unknown pid: 6535
07-23 03:36:11.868 E/BpTransactionCompletedListener(  422): Failed to transact (-32)
07-23 03:36:12.321 D/EGL_emulation(  886): app_time_stats: avg=16.52ms min=13.64ms max=34.85ms count=58
07-23 03:36:12.696 I/VoiceInputManagerWrapper( 1569): VoiceInputManagerWrapper.shutdownVoiceInternal():95 shutdownVoiceInternal()
07-23 03:36:13.774 D/OomAdjuster(  546): Not killing cached processes
07-23 03:36:14.846 E/TaskPersister(  546): File error accessing recents directory (directory doesn't exist?).
07-23 03:36:15.561 D/StatusBarIconController(  886): ignoring old pipeline callback because the new wifi icon is enabled
07-23 03:36:18.545 I/wpa_supplicant(  874): wlan0: CTRL-EVENT-BEACON-LOSS 
07-23 03:36:18.566 D/StatusBarIconController(  886): ignoring old pipeline callback because the new wifi icon is enabled
07-23 03:36:19.882 D/StatusBarIconController(  886): ignoring old pipeline callbacks, because the new mobile icons are enabled
07-23 03:36:20.781 D/OomAdjuster(  546): Not killing cached processes
07-23 03:36:21.048 I/ImeTracker(  546): com.roteiroapp.app:9a90a54: setFinished at PHASE_CLIENT_ANIMATION_RUNNING with STATUS_TIMEOUT
07-23 03:36:21.058 I/ProtoXDBBufferWrapper( 1569): ProtoXDBBufferWrapper.flushToStorage():153 Flushed 6 data item(s) to storage.
07-23 03:36:21.141 D/ActivityManager(  546): freezing 2006 android.process.acore
07-23 03:36:21.236 D/ActivityManager(  546): freezing 4045 com.google.android.projection.gearhead:shared
07-23 03:36:21.485 W/ProcessStats(  546): Tracking association SourceState{885494d com.google.android.googlequicksearchbox:search/10132 BTop #11064} whose proc state 2 is better than process ProcessState{a0e1551 com.google.android.googlequicksearchbox:interactor/10132 pkg=com.google.android.googlequicksearchbox} proc state 4 (114 skipped)
07-23 03:36:24.574 D/StatusBarIconController(  886): ignoring old pipeline callback because the new wifi icon is enabled
07-23 03:36:26.257 D/OomAdjuster(  546): Not killing cached processes
07-23 03:36:26.473 D/BtGatt.ScanManager( 1088): uid 10130 isForeground true scanMode -1
07-23 03:36:26.473 D/BtGatt.ScanManager( 1088): uid 10130 isForeground true scanMode -1
07-23 03:36:26.737 I/wpa_supplicant(  874): wlan0: CTRL-EVENT-BEACON-LOSS 
07-23 03:36:27.686 D/BoundBrokerSvc( 5478): onUnbind: Intent { act=com.google.android.gms.scheduler.ACTION_PROXY_SCHEDULE dat=chimera-action:/... cmp=com.google.android.gms/.chimera.PersistentApiService }
07-23 03:36:29.882 D/StatusBarIconController(  886): ignoring old pipeline callbacks, because the new mobile icons are enabled
07-23 03:36:33.586 D/StatusBarIconController(  886): ignoring old pipeline callback because the new wifi icon is enabled
07-23 03:36:34.673 I/wpa_supplicant(  874): wlan0: CTRL-EVENT-BEACON-LOSS 
07-23 03:36:36.590 D/StatusBarIconController(  886): ignoring old pipeline callback because the new wifi icon is enabled
07-23 03:36:37.040 D/TaplEvents( 1171): Main / Touch event: MotionEvent { action=ACTION_DOWN, actionButton=0, id[0]=0, x[0]=185.9873, y[0]=1912.9395, toolType[0]=TOOL_TYPE_FINGER, buttonState=0, classification=NONE, metaState=0, flags=0x0, edgeFlags=0x0, pointerCount=1, historySize=0, eventTime=455727, downTime=455727, deviceId=4, source=0x5002, displayId=0, eventId=452872134 }
07-23 03:36:37.040 D/TaplEvents( 1171): TIS / TouchInteractionService.onInputEvent: MotionEvent { action=ACTION_DOWN, actionButton=0, id[0]=0, x[0]=185.9873, y[0]=1912.9395, toolType[0]=TOOL_TYPE_FINGER, buttonState=0, classification=NONE, metaState=0, flags=0x0, edgeFlags=0x0, pointerCount=1, historySize=0, eventTime=455727, downTime=455727, deviceId=4, source=0x5002, displayId=0, eventId=452872134 }
07-23 03:36:37.053 D/EGL_emulation( 1171): app_time_stats: avg=615.92ms min=0.58ms max=25199.43ms count=41
07-23 03:36:37.123 D/TaplEvents( 1171): Main / Touch event: MotionEvent { action=ACTION_UP, actionButton=0, id[0]=0, x[0]=185.9873, y[0]=1912.9395, toolType[0]=TOOL_TYPE_FINGER, buttonState=0, classification=NONE, metaState=0, flags=0x0, edgeFlags=0x0, pointerCount=1, historySize=0, eventTime=455810, downTime=455727, deviceId=4, source=0x5002, displayId=0, eventId=959197035 }
07-23 03:36:37.123 D/TaplEvents( 1171): TIS / TouchInteractionService.onInputEvent: MotionEvent { action=ACTION_UP, actionButton=0, id[0]=0, x[0]=185.9873, y[0]=1912.9395, toolType[0]=TOOL_TYPE_FINGER, buttonState=0, classification=NONE, metaState=0, flags=0x0, edgeFlags=0x0, pointerCount=1, historySize=0, eventTime=455810, downTime=455727, deviceId=4, source=0x5002, displayId=0, eventId=959197035 }
07-23 03:36:37.124 D/TaplEvents( 1171): Main / start: startAppShortcutOrInfoActivity
07-23 03:36:37.125 D/CompatibilityChangeReporter(  546): Compat change id reported: 265464455; UID 10128; state: DISABLED
07-23 03:36:37.125 D/audioserver(  419): FGS Logger Transaction failed
07-23 03:36:37.125 D/CompatibilityChangeReporter(  546): Compat change id reported: 265452344; UID 10128; state: DISABLED
07-23 03:36:37.125 D/audioserver(  419): -129
07-23 03:36:37.125 D/CompatibilityChangeReporter(  546): Compat change id reported: 266124927; UID 10128; state: DISABLED
07-23 03:36:37.126 D/CompatibilityChangeReporter(  546): Compat change id reported: 265451093; UID 10128; state: DISABLED
07-23 03:36:37.126 D/CompatibilityChangeReporter(  546): Compat change id reported: 265456536; UID 10128; state: DISABLED
07-23 03:36:37.126 D/CompatibilityChangeReporter(  546): Compat change id reported: 255940284; UID 10128; state: DISABLED
07-23 03:36:37.126 D/CompatibilityChangeReporter(  546): Compat change id reported: 236283604; UID 10128; state: DISABLED
07-23 03:36:37.126 D/CompatibilityChangeReporter(  546): Compat change id reported: 263959004; UID 10128; state: DISABLED
07-23 03:36:37.126 D/CompatibilityChangeReporter(  546): Compat change id reported: 264304459; UID 10128; state: DISABLED
07-23 03:36:37.126 D/CompatibilityChangeReporter(  546): Compat change id reported: 264301586; UID 10128; state: DISABLED
07-23 03:36:37.127 D/CompatibilityChangeReporter(  546): Compat change id reported: 254631730; UID 10128; state: DISABLED
07-23 03:36:37.127 D/CompatibilityChangeReporter(  546): Compat change id reported: 273509367; UID 10128; state: DISABLED
07-23 03:36:37.127 D/CompatibilityChangeReporter(  546): Compat change id reported: 263259275; UID 10128; state: DISABLED
07-23 03:36:37.127 D/CompatibilityChangeReporter(  546): Compat change id reported: 174042980; UID 10128; state: DISABLED
07-23 03:36:37.127 D/CompatibilityChangeReporter(  546): Compat change id reported: 174042936; UID 10128; state: DISABLED
07-23 03:36:37.127 D/CompatibilityChangeReporter(  546): Compat change id reported: 181136395; UID 10128; state: DISABLED
07-23 03:36:37.128 D/AudioFlinger(  419): mixer(0x77e31a10a930) throttle end: throttle time(36)
07-23 03:36:37.130 D/CompatibilityChangeReporter(  546): Compat change id reported: 194480991; UID 10128; state: ENABLED
07-23 03:36:37.131 D/CompatibilityChangeReporter(  546): Compat change id reported: 184838306; UID 10128; state: DISABLED
07-23 03:36:37.131 D/CompatibilityChangeReporter(  546): Compat change id reported: 185004937; UID 10128; state: DISABLED
07-23 03:36:37.131 D/CompatibilityChangeReporter(  546): Compat change id reported: 197654537; UID 10128; state: ENABLED
07-23 03:36:37.132 V/SplashScreenExceptionList(  546): SplashScreen checking exception for package com.google.android.dialer (target sdk:33) -> false
07-23 03:36:37.132 D/CompatibilityChangeReporter(  546): Compat change id reported: 205907456; UID 10128; state: ENABLED
07-23 03:36:37.133 V/WindowManagerShell(  886): Transition requested: android.os.BinderProxy@fc9032f TransitionRequestInfo { type = OPEN, triggerTask = TaskInfo{userId=0 taskId=14 displayId=0 isRunning=true baseIntent=Intent { act=android.intent.action.MAIN cat=[android.intent.category.LAUNCHER] flg=0x10200000 cmp=com.google.android.dialer/.extensions.GoogleDialtactsActivity } baseActivity=ComponentInfo{com.google.android.dialer/com.android.dialer.main.impl.MainActivity} topActivity=ComponentInfo{com.google.android.dialer/com.android.dialer.main.impl.MainActivity} origActivity=ComponentInfo{com.google.android.dialer/com.google.android.dialer.extensions.GoogleDialtactsActivity} realActivity=ComponentInfo{com.google.android.dialer/com.android.dialer.main.impl.MainActivity} numActivities=1 lastActiveTime=455821 supportsMultiWindow=true resizeMode=2 isResizeable=true minWidth=-1 minHeight=-1 defaultMinSize=220 token=WCT{android.window.IWindowContainerToken$Stub$Proxy@ce8dd3c} topActivityType=1 pictureInPictureParams=null shouldDockBigOverlays=false launchIntoPipHostTaskId=-1 lastParentTaskIdBeforePip=-1 displayCutoutSafeInsets=Rect(0, 128 - 0, 0) topActivityInfo=ActivityInfo{af6aac5 com.google.android.dialer.extensions.GoogleDialtactsActivity} launchCookies=[android.os.BinderProxy@c6cec1a] positionInParent=Point(0, 0) parentTaskId=-1 isFocused=false isVisible=false isVisibleRequested=false isSleeping=false topActivityInSizeCompat=false topActivityEligibleForLetterboxEducation= false topActivityLetterboxed= false isFromDoubleTap= false topActivityLetterboxVerticalPosition= -1 topActivityLetterboxHorizontalPosition= -1 topActivityLetterboxWidth=-1 topActivityLetterboxHeight=-1 locusId=null displayAreaFeatureId=1 cameraCompatControlState=hidden}, remoteTransition = RemoteTransition { remoteTransition = android.window.IRemoteTransition$Stub$Proxy@6ca34b, appThread = android.app.IApplicationThread$Stub$Proxy@f049128, debugName = QuickstepLaunch }, displayChange = null }
07-23 03:36:37.134 V/WindowManagerShell(  886): RemoteTransition directly requested for android.os.BinderProxy@fc9032f: RemoteTransition { remoteTransition = android.window.IRemoteTransition$Stub$Proxy@6ca34b, appThread = android.app.IApplicationThread$Stub$Proxy@f049128, debugName = QuickstepLaunch }
07-23 03:36:37.134 D/CompatibilityChangeReporter(  546): Compat change id reported: 194833441; UID 10128; state: ENABLED
07-23 03:36:37.134 I/ActivityTaskManager(  546): START u0 {act=android.intent.action.MAIN cat=[android.intent.category.LAUNCHER] flg=0x10200000 cmp=com.google.android.dialer/.extensions.GoogleDialtactsActivity bnds=[76,1873][249,2068]} with LAUNCH_SINGLE_TASK from uid 10168 (BAL_ALLOW_ALLOWLISTED_COMPONENT) result code=0
07-23 03:36:37.135 D/CompatibilityChangeReporter(  546): Compat change id reported: 168419799; UID 10128; state: DISABLED
07-23 03:36:37.135 D/CompatibilityChangeReporter(  546): Compat change id reported: 273564678; UID 10128; state: DISABLED
07-23 03:36:37.138 D/ActivityManager(  546): quick sync unfreeze 2801 for 1
07-23 03:36:37.138 D/SplashScreenView(  886): Build android.window.SplashScreenView{c5ad0b3 V.E...... ......ID 0,0-0,0}
07-23 03:36:37.138 D/SplashScreenView(  886): Icon: view: android.widget.ImageView{bb39670 V.ED..... ......I. 0,0-0,0 #10204f0 android:id/splashscreen_icon_view} drawable: com.android.wm.shell.startingsurface.SplashscreenIconDrawableFactory$ImmobileIconDrawable@ded5de9 size: 504
07-23 03:36:37.138 D/SplashScreenView(  886): Branding: view: android.view.View{be42a6e G.ED..... ......I. 0,0-0,0 #10204ef android:id/splashscreen_branding_view} drawable: null size w: 0 h: 0
07-23 03:36:37.163 E/OpenGLRenderer(  886): Unable to match the desired swap behavior.
07-23 03:36:37.165 D/ActivityManager(  546): sync unfroze 2801 com.google.android.dialer for 1
07-23 03:36:37.166 D/OomAdjuster(  546): Not killing cached processes
07-23 03:36:37.166 W/ProcessStats(  546): Tracking association SourceState{885494d com.google.android.googlequicksearchbox:search/10132 BTop #11076} whose proc state 2 is better than process ProcessState{a0e1551 com.google.android.googlequicksearchbox:interactor/10132 pkg=com.google.android.googlequicksearchbox} proc state 4 (4 skipped)
07-23 03:36:37.167 D/libEGL  ( 2801): loaded /vendor/lib64/egl/libEGL_emulation.so
07-23 03:36:37.168 D/libEGL  ( 2801): loaded /vendor/lib64/egl/libGLESv1_CM_emulation.so
07-23 03:36:37.168 D/libEGL  ( 2801): loaded /vendor/lib64/egl/libGLESv2_emulation.so
07-23 03:36:37.169 I/BpBinder(  422): onLastStrongRef automatically unlinking death recipients: 
07-23 03:36:37.176 D/AudioFlinger(  419): mixer(0x77e31a10a930) throttle end: throttle time(33)
07-23 03:36:37.178 V/WindowManagerShell(  886): onTransitionReady android.os.BinderProxy@fc9032f: {id=24 t=OPEN f=0x0 trk=0 r=[0@Point(0, 0)] c=[{WCT{android.window.IWindowContainerToken$Stub$Proxy@9731946} m=OPEN f=NONE leash=Surface(name=Task=14)/@0x825a32b sb=Rect(0, 0 - 1080, 2400) eb=Rect(0, 0 - 1080, 2400) d=0},{WCT{android.window.IWindowContainerToken$Stub$Proxy@9d94707} m=TO_BACK f=SHOW_WALLPAPER leash=Surface(name=Task=1)/@0xdffc388 sb=Rect(0, 0 - 1080, 2400) eb=Rect(0, 0 - 1080, 2400) d=0}]}
07-23 03:36:37.178 V/WindowManagerShell(  886): Playing animation for (#24)android.os.BinderProxy@fc9032f@0
07-23 03:36:37.178 V/WindowManagerShell(  886):  try firstHandler com.android.wm.shell.transition.DefaultMixedHandler@e19b8be
07-23 03:36:37.178 V/WindowManagerShell(  886):  Delegate animation for #24 to RemoteTransition { remoteTransition = android.window.IRemoteTransition$Stub$Proxy@6ca34b, appThread = android.app.IApplicationThread$Stub$Proxy@f049128, debugName = QuickstepLaunch }
07-23 03:36:37.179 V/WindowManagerShell(  886):  animated by firstHandler
07-23 03:36:37.181 W/BatteryExternalStatsWorker(  546): error reading Bluetooth stats: 11
07-23 03:36:37.182 V/WindowManager(  546): Sent Transition #24 createdAt=07-23 03:36:37.130 via request=TransitionRequestInfo { type = OPEN, triggerTask = TaskInfo{userId=0 taskId=14 displayId=0 isRunning=true baseIntent=Intent { act=android.intent.action.MAIN cat=[android.intent.category.LAUNCHER] flg=0x10200000 cmp=com.google.android.dialer/.extensions.GoogleDialtactsActivity } baseActivity=ComponentInfo{com.google.android.dialer/com.android.dialer.main.impl.MainActivity} topActivity=ComponentInfo{com.google.android.dialer/com.android.dialer.main.impl.MainActivity} origActivity=ComponentInfo{com.google.android.dialer/com.google.android.dialer.extensions.GoogleDialtactsActivity} realActivity=ComponentInfo{com.google.android.dialer/com.android.dialer.main.impl.MainActivity} numActivities=1 lastActiveTime=455821 supportsMultiWindow=true resizeMode=2 isResizeable=true minWidth=-1 minHeight=-1 defaultMinSize=220 token=WCT{RemoteToken{ea0812c Task{8f71301 #14 type=standard A=10128:com.google.android.dialer}}} topActivityType=1 pictureInPictureParams=null shouldDockBigOverlays=false launchIntoPipHostTaskId=-1 lastParentTaskIdBeforePip=-1 displayCutoutSafeInsets=Rect(0, 128 - 0, 0) topActivityInfo=ActivityInfo{73d898a com.google.android.dialer.extensions.GoogleDialtactsActivity} launchCookies=[android.os.BinderProxy@fd7cbfb] positionInParent=Point(0, 0) parentTaskId=-1 isFocused=false isVisible=false isVisibleRequested=false isSleeping=false topActivityInSizeCompat=false topActivityEligibleForLetterboxEducation= false topActivityLetterboxed= false isFromDoubleTap= false topActivityLetterboxVerticalPosition= -1 topActivityLetterboxHorizontalPosition= -1 topActivityLetterboxWidth=-1 topActivityLetterboxHeight=-1 locusId=null displayAreaFeatureId=1 cameraCompatControlState=hidden}, remoteTransition = RemoteTransition { remoteTransition = android.window.IRemoteTransition$Stub$Proxy@e2a8418, appThread = android.app.IApplicationThread$Stub$Proxy@ee9be71, debugName = QuickstepLaunch }, displayChange = null }
07-23 03:36:37.182 V/WindowManager(  546):     startWCT=WindowContainerTransaction { changes = {} hops = [] errorCallbackToken=null taskFragmentOrganizer=null }
07-23 03:36:37.182 V/WindowManager(  546):     info={id=24 t=OPEN f=0x0 trk=0 r=[0@Point(0, 0)] c=[{WCT{RemoteToken{ea0812c Task{8f71301 #14 type=standard A=10128:com.google.android.dialer}}} m=OPEN f=NONE leash=Surface(name=Task=14)/@0x5622139 sb=Rect(0, 0 - 1080, 2400) eb=Rect(0, 0 - 1080, 2400) d=0},{WCT{RemoteToken{562a417 Task{8e83295 #1 type=home}}} m=TO_BACK f=SHOW_WALLPAPER leash=Surface(name=Task=1)/@0x3b9d35c sb=Rect(0, 0 - 1080, 2400) eb=Rect(0, 0 - 1080, 2400) d=0}]}
07-23 03:36:37.187 D/TelephonyManager(  546): requestModemActivityInfo: Sending result to app: ModemActivityInfo{ mTimestamp=455872 mSleepTimeMs=0 mIdleTimeMs=455865 mActivityStatsTechSpecificInfo=[{mRat=UNKNOWN,mFrequencyRange=UNKNOWN,mTxTimeMs[]=[0, 0, 0, 0, 0],mRxTimeMs=0}]}
07-23 03:36:37.196 D/AppCompatDelegate( 2801): Checking for metadata for AppLocalesMetadataHolderService : Service not found
07-23 03:36:37.216 I/DialerMainActivityPeer( 2801): com.android.dialer.main.impl.MainActivityPeer.onCreate:456 onCreate
07-23 03:36:37.216 D/ActivityManager(  546): sync unfroze 2317 com.google.android.contacts for 3
07-23 03:36:37.216 W/DialerRevertedFlagsDetector( 2801): com.android.dialer.compat.directboot.RevertedFlagsDetector.interacted:108 All flags are using default values for unknown reasons.
07-23 03:36:37.216 I/DialerSupportUiListener( 2801): com.android.dialer.common.concurrent.SupportUiListener.create:83 creating new SupportUiListener for Query PromotionManager
07-23 03:36:37.216 I/DialerSupportUiListener( 2801): com.android.dialer.common.concurrent.SupportUiListener.create:83 creating new SupportUiListener for device-compatibility
07-23 03:36:37.217 I/DialerSupportUiListener( 2801): com.android.dialer.common.concurrent.SupportUiListener.create:83 creating new SupportUiListener for Query last phone number
07-23 03:36:37.218 I/DialerSupportUiListener( 2801): com.android.dialer.common.concurrent.SupportUiListener.create:83 creating new SupportUiListener for Missed call observer
07-23 03:36:37.219 I/DialerLogcatLoggingBindings( 2801): com.android.dialer.logging.logcat.LogcatLoggingBindings.logImpression:46 Impression: REVERTED_FLAGS_DETECTOR_STALE_UNKNOWN
07-23 03:36:37.220 I/netd    (  356): tetherGetStats() -> {[]} <0.48ms>
07-23 03:36:37.221 D/KernelCpuUidUserSysTimeReader(  546): Removing uids 99001-99001
07-23 03:36:37.222 W/CpuPowerCalculator(  546): UID 10192 CPU freq # mismatch: Power Profile # 2 actual # 8
07-23 03:36:37.222 W/CpuPowerCalculator(  546): UID 10192 CPU freq # mismatch: Power Profile # 2 actual # 8
07-23 03:36:37.222 W/CpuPowerCalculator(  546): UID 10192 CPU freq # mismatch: Power Profile # 2 actual # 8
07-23 03:36:37.222 W/CpuPowerCalculator(  546): UID 10187 CPU freq # mismatch: Power Profile # 2 actual # 8
07-23 03:36:37.222 W/CpuPowerCalculator(  546): UID 10187 CPU freq # mismatch: Power Profile # 2 actual # 8
07-23 03:36:37.222 W/CpuPowerCalculator(  546): UID 10187 CPU freq # mismatch: Power Profile # 2 actual # 8
07-23 03:36:37.222 W/CpuPowerCalculator(  546): UID 10184 CPU freq # mismatch: Power Profile # 2 actual # 8
07-23 03:36:37.222 W/CpuPowerCalculator(  546): UID 10184 CPU freq # mismatch: Power Profile # 2 actual # 8
07-23 03:36:37.222 W/CpuPowerCalculator(  546): UID 10184 CPU freq # mismatch: Power Profile # 2 actual # 8
07-23 03:36:37.222 W/CpuPowerCalculator(  546): UID 10184 CPU freq # mismatch: Power Profile # 2 actual # 8
07-23 03:36:37.222 W/CpuPowerCalculator(  546): UID 10180 CPU freq # mismatch: Power Profile # 2 actual # 8
07-23 03:36:37.222 W/CpuPowerCalculator(  546): UID 10180 CPU freq # mismatch: Power Profile # 2 actual # 8
07-23 03:36:37.223 W/CpuPowerCalculator(  546): UID 10180 CPU freq # mismatch: Power Profile # 2 actual # 8
07-23 03:36:37.223 W/CpuPowerCalculator(  546): UID 10179 CPU freq # mismatch: Power Profile # 2 actual # 8
07-23 03:36:37.223 W/CpuPowerCalculator(  546): UID 10179 CPU freq # mismatch: Power Profile # 2 actual # 8
07-23 03:36:37.223 W/CpuPowerCalculator(  546): UID 10179 CPU freq # mismatch: Power Profile # 2 actual # 8
07-23 03:36:37.223 W/CpuPowerCalculator(  546): UID 10179 CPU freq # mismatch: Power Profile # 2 actual # 8
07-23 03:36:37.223 W/CpuPowerCalculator(  546): UID 10179 CPU freq # mismatch: Power Profile # 2 actual # 8
07-23 03:36:37.223 W/CpuPowerCalculator(  546): UID 10178 CPU freq # mismatch: Power Profile # 2 actual # 8
07-23 03:36:37.223 W/CpuPowerCalculator(  546): UID 10178 CPU freq # mismatch: Power Profile # 2 actual # 8
07-23 03:36:37.223 W/CpuPowerCalculator(  546): UID 10178 CPU freq # mismatch: Power Profile # 2 actual # 8
07-23 03:36:37.223 W/CpuPowerCalculator(  546): UID 10178 CPU freq # mismatch: Power Profile # 2 actual # 8
07-23 03:36:37.223 W/CpuPowerCalculator(  546): UID 10178 CPU freq # mismatch: Power Profile # 2 actual # 8
07-23 03:36:37.224 W/CpuPowerCalculator(  546): UID 10176 CPU freq # mismatch: Power Profile # 2 actual # 8
07-23 03:36:37.224 W/CpuPowerCalculator(  546): UID 10176 CPU freq # mismatch: Power Profile # 2 actual # 8
07-23 03:36:37.224 W/CpuPowerCalculator(  546): UID 10176 CPU freq # mismatch: Power Profile # 2 actual # 8
07-23 03:36:37.224 W/CpuPowerCalculator(  546): UID 10170 CPU freq # mismatch: Power Profile # 2 actual # 8
07-23 03:36:37.224 W/CpuPowerCalculator(  546): UID 10170 CPU freq # mismatch: Power Profile # 2 actual # 8
07-23 03:36:37.224 W/CpuPowerCalculator(  546): UID 10169 CPU freq # mismatch: Power Profile # 2 actual # 8
07-23 03:36:37.224 W/CpuPowerCalculator(  546): UID 10169 CPU freq # mismatch: Power Profile # 2 actual # 8
07-23 03:36:37.224 W/CpuPowerCalculator(  546): UID 10169 CPU freq # mismatch: Power Profile # 2 actual # 8
07-23 03:36:37.224 W/CpuPowerCalculator(  546): UID 10168 CPU freq # mismatch: Power Profile # 2 actual # 8
07-23 03:36:37.224 W/CpuPowerCalculator(  546): UID 10168 CPU freq # mismatch: Power Profile # 2 actual # 8
07-23 03:36:37.224 W/CpuPowerCalculator(  546): UID 10168 CPU freq # mismatch: Power Profile # 2 actual # 8
07-23 03:36:37.224 W/CpuPowerCalculator(  546): UID 10168 CPU freq # mismatch: Power Profile # 2 actual # 8
07-23 03:36:37.225 W/CpuPowerCalculator(  546): UID 10166 CPU freq # mismatch: Power Profile # 2 actual # 8
07-23 03:36:37.225 W/CpuPowerCalculator(  546): UID 10166 CPU freq # mismatch: Power Profile # 2 actual # 8
07-23 03:36:37.225 W/CpuPowerCalculator(  546): UID 10163 CPU freq # mismatch: Power Profile # 2 actual # 8
07-23 03:36:37.225 W/CpuPowerCalculator(  546): UID 10163 CPU freq # mismatch: Power Profile # 2 actual # 8
07-23 03:36:37.225 W/CpuPowerCalculator(  546): UID 10163 CPU freq # mismatch: Power Profile # 2 actual # 8
07-23 03:36:37.225 W/CpuPowerCalculator(  546): UID 10161 CPU freq # mismatch: Power Profile # 2 actual # 8
07-23 03:36:37.225 W/CpuPowerCalculator(  546): UID 10161 CPU freq # mismatch: Power Profile # 2 actual # 8
07-23 03:36:37.225 W/CpuPowerCalculator(  546): UID 10161 CPU freq # mismatch: Power Profile # 2 actual # 8
07-23 03:36:37.225 W/CpuPowerCalculator(  546): UID 10158 CPU freq # mismatch: Power Profile # 2 actual # 8
07-23 03:36:37.225 W/CpuPowerCalculator(  546): UID 10158 CPU freq # mismatch: Power Profile # 2 actual # 8
07-23 03:36:37.225 W/CpuPowerCalculator(  546): UID 10158 CPU freq # mismatch: Power Profile # 2 actual # 8
07-23 03:36:37.225 W/CpuPowerCalculator(  546): UID 10156 CPU freq # mismatch: Power Profile # 2 actual # 8
07-23 03:36:37.225 W/CpuPowerCalculator(  546): UID 10156 CPU freq # mismatch: Power Profile # 2 actual # 8
07-23 03:36:37.225 W/CpuPowerCalculator(  546): UID 10156 CPU freq # mismatch: Power Profile # 2 actual # 8
07-23 03:36:37.225 W/CpuPowerCalculator(  546): UID 10156 CPU freq # mismatch: Power Profile # 2 actual # 8
07-23 03:36:37.225 W/CpuPowerCalculator(  546): UID 10154 CPU freq # mismatch: Power Profile # 2 actual # 8
07-23 03:36:37.225 W/CpuPowerCalculator(  546): UID 10154 CPU freq # mismatch: Power Profile # 2 actual # 8
07-23 03:36:37.225 W/CpuPowerCalculator(  546): UID 10154 CPU freq # mismatch: Power Profile # 2 actual # 8
07-23 03:36:37.225 W/CpuPowerCalculator(  546): UID 10154 CPU freq # mismatch: Power Profile # 2 actual # 8
07-23 03:36:37.225 W/CpuPowerCalculator(  546): UID 10150 CPU freq # mismatch: Power Profile # 2 actual # 8
07-23 03:36:37.226 W/CpuPowerCalculator(  546): UID 10150 CPU freq # mismatch: Power Profile # 2 actual # 8
07-23 03:36:37.226 W/CpuPowerCalculator(  546): UID 10150 CPU freq # mismatch: Power Profile # 2 actual # 8
07-23 03:36:37.226 W/CpuPowerCalculator(  546): UID 10150 CPU freq # mismatch: Power Profile # 2 actual # 8
07-23 03:36:37.226 W/CpuPowerCalculator(  546): UID 10149 CPU freq # mismatch: Power Profile # 2 actual # 8
07-23 03:36:37.226 W/CpuPowerCalculator(  546): UID 10149 CPU freq # mismatch: Power Profile # 2 actual # 8
07-23 03:36:37.226 W/CpuPowerCalculator(  546): UID 10149 CPU freq # mismatch: Power Profile # 2 actual # 8
07-23 03:36:37.226 W/CpuPowerCalculator(  546): UID 10145 CPU freq # mismatch: Power Profile # 2 actual # 8
07-23 03:36:37.226 W/CpuPowerCalculator(  546): UID 10145 CPU freq # mismatch: Power Profile # 2 actual # 8
07-23 03:36:37.226 W/CpuPowerCalculator(  546): UID 10145 CPU freq # mismatch: Power Profile # 2 actual # 8
07-23 03:36:37.226 W/CpuPowerCalculator(  546): UID 10145 CPU freq # mismatch: Power Profile # 2 actual # 8
07-23 03:36:37.226 W/CpuPowerCalculator(  546): UID 10143 CPU freq # mismatch: Power Profile # 2 actual # 8
07-23 03:36:37.226 W/CpuPowerCalculator(  546): UID 10143 CPU freq # mismatch: Power Profile # 2 actual # 8
07-23 03:36:37.226 W/CpuPowerCalculator(  546): UID 10143 CPU freq # mismatch: Power Profile # 2 actual # 8
07-23 03:36:37.226 W/CpuPowerCalculator(  546): UID 10143 CPU freq # mismatch: Power Profile # 2 actual # 8
07-23 03:36:37.226 W/CpuPowerCalculator(  546): UID 10142 CPU freq # mismatch: Power Profile # 2 actual # 8
07-23 03:36:37.226 W/CpuPowerCalculator(  546): UID 10142 CPU freq # mismatch: Power Profile # 2 actual # 8
07-23 03:36:37.227 W/CpuPowerCalculator(  546): UID 10142 CPU freq # mismatch: Power Profile # 2 actual # 8
07-23 03:36:37.227 W/CpuPowerCalculator(  546): UID 10139 CPU freq # mismatch: Power Profile # 2 actual # 8
07-23 03:36:37.227 W/CpuPowerCalculator(  546): UID 10139 CPU freq # mismatch: Power Profile # 2 actual # 8
07-23 03:36:37.227 W/CpuPowerCalculator(  546): UID 10139 CPU freq # mismatch: Power Profile # 2 actual # 8
07-23 03:36:37.227 W/CpuPowerCalculator(  546): UID 10139 CPU freq # mismatch: Power Profile # 2 actual # 8
07-23 03:36:37.227 W/CpuPowerCalculator(  546): UID 10138 CPU freq # mismatch: Power Profile # 2 actual # 8
07-23 03:36:37.227 W/CpuPowerCalculator(  546): UID 10138 CPU freq # mismatch: Power Profile # 2 actual # 8
07-23 03:36:37.227 W/CpuPowerCalculator(  546): UID 10138 CPU freq # mismatch: Power Profile # 2 actual # 8
07-23 03:36:37.227 D/BtGatt.ScanManager( 1088): uid 10130 isForeground true scanMode -1
07-23 03:36:37.227 W/CpuPowerCalculator(  546): UID 10133 CPU freq # mismatch: Power Profile # 2 actual # 8
07-23 03:36:37.227 D/BtGatt.ScanManager( 1088): uid 10130 isForeground true scanMode -1
07-23 03:36:37.227 W/CpuPowerCalculator(  546): UID 10133 CPU freq # mismatch: Power Profile # 2 actual # 8
07-23 03:36:37.227 W/CpuPowerCalculator(  546): UID 10133 CPU freq # mismatch: Power Profile # 2 actual # 8
07-23 03:36:37.227 W/CpuPowerCalculator(  546): UID 10132 CPU freq # mismatch: Power Profile # 2 actual # 8
07-23 03:36:37.227 W/CpuPowerCalculator(  546): UID 10132 CPU freq # mismatch: Power Profile # 2 actual # 8
