07-23 03:37:02.806 D/BoundBrokerSvc( 5521): onUnbind: Intent { act=com.google.android.gms.inappreach.service.START dat=chimera-action:/... cmp=com.google.android.gms/.chimera.GmsApiService }
07-23 03:37:06.693 I/wpa_supplicant(  874): wlan0: CTRL-EVENT-BEACON-LOSS 
07-23 03:37:09.883 D/StatusBarIconController(  886): ignoring old pipeline callbacks, because the new mobile icons are enabled
07-23 03:37:10.384 D/ActivityManager(  546): freezing 892 com.google.android.permissioncontroller
07-23 03:37:14.628 I/wpa_supplicant(  874): wlan0: CTRL-EVENT-BEACON-LOSS 
07-23 03:37:19.883 D/StatusBarIconController(  886): ignoring old pipeline callbacks, because the new mobile icons are enabled
07-23 03:37:20.063 D/androidtc(  546): Initializing SystemTextClassifier, type = System
07-23 03:37:20.064 I/AiAiTextClassifier( 1771): onCreateTextClassificationSession = TextClassificationSessionId {e50d0dfc-a86b-486e-9fdd-7f8a02536eb7}
07-23 03:37:20.065 I/AiAiTranslate( 1771): C2T - not in a conversation
07-23 03:37:20.065 I/ClipboardListener(  886): Clipboard overlay suppressed.
07-23 03:37:20.066 I/AiAiTextClassifier( 1771): GenerateLinks did not find valid links, returning empty result
07-23 03:37:20.067 I/AiAiTextClassifier( 1771): GenerateLinks did not find valid links, returning empty result
07-23 03:37:20.068 I/ClipboardListener(  886): Clipboard overlay suppressed.
07-23 03:37:22.565 I/wpa_supplicant(  874): wlan0: CTRL-EVENT-BEACON-LOSS 
07-23 03:37:29.883 D/StatusBarIconController(  886): ignoring old pipeline callbacks, because the new mobile icons are enabled
07-23 03:37:29.902 D/EGL_emulation(  886): app_time_stats: avg=15007.83ms min=153.71ms max=29861.95ms count=2
07-23 03:37:30.501 I/wpa_supplicant(  874): wlan0: CTRL-EVENT-BEACON-LOSS 
07-23 03:37:37.222 W/BatteryExternalStatsWorker(  546): error reading Bluetooth stats: 11
07-23 03:37:38.693 I/wpa_supplicant(  874): wlan0: CTRL-EVENT-BEACON-LOSS 
07-23 03:37:38.913 D/WifiNl80211Manager(  546): Scan result ready event
07-23 03:37:38.913 D/WifiNative(  546): Scan result ready event
07-23 03:37:39.883 D/StatusBarIconController(  886): ignoring old pipeline callbacks, because the new mobile icons are enabled
07-23 03:37:46.628 I/wpa_supplicant(  874): wlan0: CTRL-EVENT-BEACON-LOSS 
07-23 03:37:48.687 D/StatusBarIconController(  886): ignoring old pipeline callback because the new wifi icon is enabled
07-23 03:37:49.883 D/StatusBarIconController(  886): ignoring old pipeline callbacks, because the new mobile icons are enabled
07-23 03:37:54.565 I/wpa_supplicant(  874): wlan0: CTRL-EVENT-BEACON-LOSS 
07-23 03:37:54.695 D/StatusBarIconController(  886): ignoring old pipeline callback because the new wifi icon is enabled
07-23 03:37:59.883 D/StatusBarIconController(  886): ignoring old pipeline callbacks, because the new mobile icons are enabled
07-23 03:38:00.040 I/AiAiEcho( 1771): Predicting[0]: 
07-23 03:38:00.040 I/AiAiEcho( 1771): EchoTargets: 
07-23 03:38:00.040 I/AiAiEcho( 1771): Filtered by AiAi flag check: 
07-23 03:38:00.040 I/AiAiEcho( 1771): Ranked targets strategy: SORT, count: 0, ranking metadata: 
07-23 03:38:00.040 D/EGL_emulation(  886): app_time_stats: avg=30138.02ms min=30138.02ms max=30138.02ms count=1
07-23 03:38:00.040 I/AiAiEcho( 1771): #postPredictionTargets: Sending updates to UISurface lockscreen with targets# 0 (types=[])
07-23 03:38:00.053 W/PageIndicator(  886): Total number of pages invalid: 0. Assuming 1 page.
07-23 03:38:02.501 I/wpa_supplicant(  874): wlan0: CTRL-EVENT-BEACON-LOSS 
07-23 03:38:09.883 D/StatusBarIconController(  886): ignoring old pipeline callbacks, because the new mobile icons are enabled
07-23 03:38:10.693 I/wpa_supplicant(  874): wlan0: CTRL-EVENT-BEACON-LOSS 
07-23 03:38:18.856 I/wpa_supplicant(  874): wlan0: CTRL-EVENT-BEACON-LOSS 
07-23 03:38:19.883 D/StatusBarIconController(  886): ignoring old pipeline callbacks, because the new mobile icons are enabled
07-23 03:38:22.286 D/OomAdjuster(  546): Not killing cached processes
07-23 03:38:22.325 D/ActivityManager(  546): sync unfroze 2801 com.google.android.dialer for 6
07-23 03:38:22.326 D/ActivityManager(  546): sync unfroze 2006 android.process.acore for 6
07-23 03:38:22.328 D/ConnectivityService(  546): requestNetwork for uid/pid:10128/2801 activeRequest: null callbackRequest: 183 [NetworkRequest [ REQUEST id=184, [ Capabilities: INTERNET&NOT_RESTRICTED&TRUSTED&NOT_VCN_MANAGED Uid: 10128 RequestorUid: 10128 RequestorPkg: com.google.android.dialer UnderlyingNetworks: Null] ]] callback flags: 0 order: 2147483647
07-23 03:38:22.330 D/WifiNetworkFactory(  546): got request NetworkRequest [ REQUEST id=184, [ Capabilities: INTERNET&NOT_RESTRICTED&TRUSTED&NOT_VCN_MANAGED Uid: 10128 RequestorUid: 10128 RequestorPkg: com.google.android.dialer UnderlyingNetworks: Null] ]
07-23 03:38:22.330 D/UntrustedWifiNetworkFactory(  546): got request NetworkRequest [ REQUEST id=184, [ Capabilities: INTERNET&NOT_RESTRICTED&TRUSTED&NOT_VCN_MANAGED Uid: 10128 RequestorUid: 10128 RequestorPkg: com.google.android.dialer UnderlyingNetworks: Null] ]
07-23 03:38:22.331 D/OemPaidWifiNetworkFactory(  546): got request NetworkRequest [ REQUEST id=184, [ Capabilities: INTERNET&NOT_RESTRICTED&TRUSTED&NOT_VCN_MANAGED Uid: 10128 RequestorUid: 10128 RequestorPkg: com.google.android.dialer UnderlyingNetworks: Null] ]
07-23 03:38:22.331 D/MultiInternetWifiNetworkFactory(  546): got request NetworkRequest [ REQUEST id=184, [ Capabilities: INTERNET&NOT_RESTRICTED&TRUSTED&NOT_VCN_MANAGED Uid: 10128 RequestorUid: 10128 RequestorPkg: com.google.android.dialer UnderlyingNetworks: Null] ]
07-23 03:38:22.332 W/ProcessStats(  546): Tracking association SourceState{885494d com.google.android.googlequicksearchbox:search/10132 BTop #11266} whose proc state 2 is better than process ProcessState{a0e1551 com.google.android.googlequicksearchbox:interactor/10132 pkg=com.google.android.googlequicksearchbox} proc state 4 (15 skipped)
07-23 03:38:22.332 I/ChimeraConfigurator( 5521): Starting update, reason: 4 urgentFeatures: vision.ocr:-1
07-23 03:38:22.334 I/BgTaskExecutorImpl( 1828): Starting EXCLUSIVE background task UPLOAD_ASSISTANT_DEVICE_SETTINGS.
07-23 03:38:22.334 D/ConnectivityService(  546): NetReassign [184 : null → 100] [c 0] [a 0] [i 5]
07-23 03:38:22.335 W/TimedProcessReaper( 2801): Memory state is: 230
07-23 03:38:22.337 I/DialerConstellationSyncWorker( 2801): com.android.dialer.businessvoice.control.worker.ConstellationSyncWorker.startWork:66 starting work
07-23 03:38:22.340 I/DialerCountryCodeProvider( 2801): com.android.dialer.businessvoice.verifiedcall.impl.i18n.CountryCodeProvider.getSimCountryCodeInternal:85 returning Redacted-2-chars
07-23 03:38:22.340 I/DialerCachedVerifiedNumberProvider( 2801): com.android.dialer.businessvoice.verifiedcall.impl.constellation.CachedVerifiedNumberProvider.refreshConstellationInfo:190 Retrieving constellation info and refreshing the cache.
07-23 03:38:22.343 I/NetworkRecognitionRnr( 1828): Using pair HTTP connection
07-23 03:38:22.344 W/LocationOracle( 1828): getBestLocation(): no location is available
07-23 03:38:22.346 I/A       ( 1828): [Upload] Connected
07-23 03:38:22.350 W/CronetNetworkRqstWrppr( 1828): Upload request without a content type.
07-23 03:38:22.350 I/ChimeraConfigurator( 5521): Detected pending changes for urgent request: [vision.ocr]. Pending module sets: container:2318189190800+mlkit.ocr.common,tflite_dynamite:2605805025100800+tflite_dynamite,vision_ocr:2316024025100000+vision.ocr
07-23 03:38:22.351 D/BtGatt.ScanManager( 1088): uid 10130 isForeground true scanMode -1
07-23 03:38:22.351 D/BtGatt.ScanManager( 1088): uid 10130 isForeground true scanMode -1
07-23 03:38:22.355 I/GmsDebugLogger( 5521): [73] 1801
07-23 03:38:22.357 W/ZappDownloader( 5521): No successful module downloads for requested features [vision.ocr].
07-23 03:38:22.357 I/GmsDebugLogger( 5521): [30] [VisionOcrDynamite.integ:231602402100000],[TfliteDynamiteDynamite.integ:260580502100800],[MlkitOcrCommon.optional:231818100800]
07-23 03:38:22.358 W/LocationOracle( 1828): No location returned by GMS core getLastLocation()
07-23 03:38:22.359 E/A       ( 1828): onError
07-23 03:38:22.359 E/A       ( 1828): com.google.android.apps.gsa.shared.speech.a.m: errorCode: 65561, engine: 2
07-23 03:38:22.359 E/A       ( 1828): 	at com.google.android.apps.gsa.staticplugins.dc.a.e.a(PG:3)
07-23 03:38:22.359 E/A       ( 1828): 	at com.google.android.apps.gsa.s3.n.hh(PG:1)
07-23 03:38:22.359 E/A       ( 1828): 	at com.google.cd.g.a.f.e(PG:2)
07-23 03:38:22.359 E/A       ( 1828): 	at com.google.android.apps.gsa.speech.k.a.g.d(PG:22)
07-23 03:38:22.359 E/A       ( 1828): 	at com.google.android.apps.gsa.speech.k.a.g.ks(PG:6)
07-23 03:38:22.359 E/A       ( 1828): 	at com.google.android.apps.gsa.s3.o.e(PG:14)
07-23 03:38:22.359 E/A       ( 1828): 	at com.google.android.apps.gsa.s3.p.run(PG:1)
07-23 03:38:22.359 E/A       ( 1828): 	at java.util.concurrent.Executors$RunnableAdapter.call(Executors.java:487)
07-23 03:38:22.359 E/A       ( 1828): 	at java.util.concurrent.FutureTask.run(FutureTask.java:264)
07-23 03:38:22.359 E/A       ( 1828): 	at com.google.android.apps.gsa.shared.util.c.a.e.run(PG:2)
07-23 03:38:22.359 E/A       ( 1828): 	at com.google.android.apps.gsa.shared.util.c.a.bi.run(PG:1)
07-23 03:38:22.359 E/A       ( 1828): 	at com.google.android.apps.gsa.shared.util.c.a.bi.run(PG:1)
07-23 03:38:22.359 E/A       ( 1828): 	at java.util.concurrent.ThreadPoolExecutor.runWorker(ThreadPoolExecutor.java:1145)
07-23 03:38:22.359 E/A       ( 1828): 	at java.util.concurrent.ThreadPoolExecutor$Worker.run(ThreadPoolExecutor.java:644)
07-23 03:38:22.359 E/A       ( 1828): 	at java.lang.Thread.run(Thread.java:1012)
07-23 03:38:22.359 E/A       ( 1828): 	at com.google.android.apps.gsa.shared.util.c.a.l.run(PG:5)
07-23 03:38:22.359 E/A       ( 1828): Caused by: com.google.android.apps.gsa.shared.speech.a.o: errorCode: 65586, engine: 2
07-23 03:38:22.359 E/A       ( 1828): 	... 15 more
07-23 03:38:22.359 E/A       ( 1828): Caused by: com.google.android.apps.gsa.shared.speech.a.k: errorCode: 401, engine: 2
07-23 03:38:22.359 E/A       ( 1828): 	at com.google.android.apps.gsa.assistant.shared.n.h.a(PG:5)
07-23 03:38:22.359 E/A       ( 1828): 	at com.google.android.apps.gsa.s3.producers.j.hE(PG:2)
07-23 03:38:22.359 E/A       ( 1828): 	at com.google.android.apps.gsa.speech.k.a.g.d(PG:16)
07-23 03:38:22.359 E/A       ( 1828): 	... 12 more
07-23 03:38:22.359 I/NetworkRecognitionRnr( 1828): Using pair HTTP connection
07-23 03:38:22.361 I/A       ( 1828): [Upload] Connected
07-23 03:38:22.362 W/A       ( 1828): Failed to sync device settings.
07-23 03:38:22.362 I/A       ( 1828): Retrying to sync device settings.
07-23 03:38:22.363 W/ChimeraConfigService( 5521): Retry attempt was throttled. [CONTEXT service_id=264 ]
07-23 03:38:22.363 I/GmsDebugLogger( 5521): [83] 1 [vision.ocr]
07-23 03:38:22.366 W/Vision  ( 5521): Request for optional module download of ocr failed. Request again.
07-23 03:38:22.366 W/Vision  ( 5521): Would have logged:
07-23 03:38:22.366 W/Vision  ( 5521): # dsae@37884fe7
07-23 03:38:22.366 I/Vision  ( 5521): Schedule retrying download ocr at 561054 with backoff 320 seconds
07-23 03:38:22.367 D/BoundBrokerSvc( 5521): onBind: Intent { act=com.google.android.gms.common.BIND_SHARED_PREFS pkg=com.google.android.gms }
07-23 03:38:22.367 D/BoundBrokerSvc( 5521): Loading bound service for intent: Intent { act=com.google.android.gms.common.BIND_SHARED_PREFS pkg=com.google.android.gms }
07-23 03:38:22.372 D/BoundBrokerSvc( 5521): onUnbind: Intent { act=com.google.android.gms.common.BIND_SHARED_PREFS pkg=com.google.android.gms }
07-23 03:38:22.372 E/constellation( 5521): [api_verify_phone_operation] Failed to generate Client Signature
07-23 03:38:22.372 E/constellation( 5521): acwp: Stored private key deleted
07-23 03:38:22.372 E/constellation( 5521): 	at acos.e(:com.google.android.gms@231818047@23.18.18 (190800-535401451):4)
07-23 03:38:22.372 E/constellation( 5521): 	at acos.d(:com.google.android.gms@231818047@23.18.18 (190800-535401451):1)
07-23 03:38:22.372 E/constellation( 5521): 	at acoa.c(:com.google.android.gms@231818047@23.18.18 (190800-535401451):22)
07-23 03:38:22.372 E/constellation( 5521): 	at acoa.f(:com.google.android.gms@231818047@23.18.18 (190800-535401451):12)
07-23 03:38:22.372 E/constellation( 5521): 	at avsy.eo(:com.google.android.gms@231818047@23.18.18 (190800-535401451):1)
07-23 03:38:22.372 E/constellation( 5521): 	at avtf.run(:com.google.android.gms@231818047@23.18.18 (190800-535401451):14)
07-23 03:38:22.372 E/constellation( 5521): 	at dfhf.run(:com.google.android.gms@231818047@23.18.18 (190800-535401451):2)
07-23 03:38:22.372 E/constellation( 5521): 	at aced.c(:com.google.android.gms@231818047@23.18.18 (190800-535401451):6)
07-23 03:38:22.372 E/constellation( 5521): 	at aced.run(:com.google.android.gms@231818047@23.18.18 (190800-535401451):7)
07-23 03:38:22.372 E/constellation( 5521): 	at java.util.concurrent.ThreadPoolExecutor.runWorker(ThreadPoolExecutor.java:1145)
07-23 03:38:22.372 E/constellation( 5521): 	at java.util.concurrent.ThreadPoolExecutor$Worker.run(ThreadPoolExecutor.java:644)
07-23 03:38:22.372 E/constellation( 5521): 	at acjn.run(:com.google.android.gms@231818047@23.18.18 (190800-535401451):0)
07-23 03:38:22.372 E/constellation( 5521): 	at java.lang.Thread.run(Thread.java:1012)
07-23 03:38:22.373 W/DialerVerifiedNumberProvider( 2801): com.android.dialer.businessvoice.verifiedcall.impl.constellation.VerifiedNumberProvider.lambda$getConstellationResponse$1:155 Failed to get constellation token.
07-23 03:38:22.373 W/DialerVerifiedNumberProvider( 2801): nkq: 5004: 
07-23 03:38:22.373 W/DialerVerifiedNumberProvider( 2801): 	at nov.au(PG:1)
07-23 03:38:22.373 W/DialerVerifiedNumberProvider( 2801): 	at nnf.g(PG:2)
07-23 03:38:22.373 W/DialerVerifiedNumberProvider( 2801): 	at npo.a(Unknown Source:2)
07-23 03:38:22.373 W/DialerVerifiedNumberProvider( 2801): 	at npy.dm(PG:9)
07-23 03:38:22.373 W/DialerVerifiedNumberProvider( 2801): 	at ncz.onTransact(PG:4)
07-23 03:38:22.373 W/DialerVerifiedNumberProvider( 2801): 	at android.os.Binder.execTransactInternal(Binder.java:1344)
07-23 03:38:22.373 W/DialerVerifiedNumberProvider( 2801): 	at android.os.Binder.execTransact(Binder.java:1275)
07-23 03:38:22.375 W/DialerConstellationSyncWorker( 2801): com.android.dialer.businessvoice.control.worker.ConstellationSyncWorker.lambda$syncConstellation$2:110 Constellation api request failed, status code: 5004
07-23 03:38:22.375 I/WM-WorkerWrapper( 2801): Worker result RETRY for Work [ id=934b8205-ed91-44c5-8c8d-8ee0c608c38b, tags={ com.google.apps.tiktok.contrib.work.TikTokListenableWorker, TikTokWorker#com.android.dialer.businessvoice.control.worker.ConstellationSyncWorker } ]
07-23 03:38:22.376 W/JobScheduler(  546): Job didn't exist in JobStore: 13c2bb3 #u0a132/-353 com.google.android.googlequicksearchbox/com.google.android.apps.gsa.tasks.BackgroundTasksJobService
07-23 03:38:22.380 W/JobScheduler(  546): Job didn't exist in JobStore: 3ad3522 #u0a128/19 com.google.android.dialer/androidx.work.impl.background.systemjob.SystemJobService
07-23 03:38:24.367 D/ConnectivityService(  546): requestNetwork for uid/pid:10132/1828 activeRequest: null callbackRequest: 185 [NetworkRequest [ REQUEST id=185, [ Transports: CELLULAR Capabilities: INTERNET&NOT_RESTRICTED&TRUSTED&NOT_VPN&NOT_VCN_MANAGED Uid: 10132 RequestorUid: 10132 RequestorPkg: com.google.android.googlequicksearchbox UnderlyingNetworks: Null] ]] callback flags: 0 order: 2147483647
07-23 03:38:24.370 I/netd    (  356): networkSetPermissionForNetwork(101, 0) <2.01ms>
07-23 03:38:24.371 D/ConnectivityService(  546): NetReassign [185 : null → 101] [c 0] [a 3] [i 0]
07-23 03:38:24.371 D/ConnectivityService(  546): reportNetworkConnectivity(100, false) by 10132
07-23 03:38:24.372 D/NetworkMonitor/100( 1044): Forcing reevaluation for UID 10132. Dns signal count: 0
07-23 03:38:24.373 D/TrafficStats( 1044): tagSocket(6) with statsTag=0xffffff81, statsUid=-1
07-23 03:38:24.373 D/TrafficStats( 1044): tagSocket(68) with statsTag=0xffffff81, statsUid=-1
07-23 03:38:24.374 D/TrafficStats( 1044): tagSocket(6) with statsTag=0xffffff81, statsUid=-1
07-23 03:38:24.374 D/TrafficStats( 1044): tagSocket(68) with statsTag=0xffffff81, statsUid=-1
07-23 03:38:24.375 I/resolv  (  356): ResNSendHandler::run: 0 / {100 983140 100 983140 1073 1}
07-23 03:38:24.375 I/resolv  (  356): ResNSendHandler::run: 0 / {100 983140 100 983140 1073 1}
07-23 03:38:24.380 I/resolv  (  356): ResNSendHandler::run: 0 / {100 983140 100 983140 1073 1}
07-23 03:38:24.380 I/resolv  (  356): ResNSendHandler::run: 0 / {100 983140 100 983140 1073 1}
07-23 03:38:24.617 I/resolv  (  356): res_nsend: used send_dg 48 terrno: 0
07-23 03:38:24.617 I/resolv  (  356): res_nsend: used send_dg 63 terrno: 0
07-23 03:38:24.617 I/resolv  (  356): res_nsend: used send_dg 75 terrno: 0
07-23 03:38:24.617 I/resolv  (  356): res_nsend: used send_dg 105 terrno: 0
07-23 03:38:24.618 D/TrafficStats( 1044): tagSocket(6) with statsTag=0xffffffff, statsUid=-1
07-23 03:38:24.619 D/TrafficStats( 1044): tagSocket(6) with statsTag=0xffffffff, statsUid=-1
07-23 03:38:24.619 D/NetworkMonitor/100( 1044): PROBE_DNS www.google.com 245ms OK 192.0.0.88
07-23 03:38:24.619 D/TrafficStats( 1044): tagSocket(6) with statsTag=0xffffffff, statsUid=-1
07-23 03:38:24.620 I/resolv  (  356): GetAddrInfoHandler::run: {100 983140 100 983140 1073 1}
07-23 03:38:24.620 I/resolv  (  356): res_nmkquery: (QUERY, IN, A)
07-23 03:38:24.620 I/resolv  (  356): res_nmkquery: (QUERY, IN, AAAA)
07-23 03:38:24.621 I/resolv  (  356): resolv_cache_lookup: FOUND IN CACHE entry=0x7b9e2a6698f0
07-23 03:38:24.621 D/NetworkMonitor/100( 1044): PROBE_DNS connectivitycheck.gstatic.com 247ms OK 142.251.133.195,2800:3f0:4001:80d::2003
07-23 03:38:24.621 I/resolv  (  356): doQuery: rcode=3, ancount=0, return value=105
07-23 03:38:24.621 I/resolv  (  356): resolv_cache_lookup: FOUND IN CACHE entry=0x7b9faa665530
07-23 03:38:24.621 I/resolv  (  356): doQuery: rcode=0, ancount=1, return value=48
07-23 03:38:24.622 I/resolv  (  356): GetAddrInfoHandler::run: {100 983140 100 983140 1073 1}
07-23 03:38:24.622 D/TrafficStats( 1044): tagSocket(68) with statsTag=0xffffff81, statsUid=-1
07-23 03:38:24.622 I/resolv  (  356): res_nmkquery: (QUERY, IN, AAAA)
07-23 03:38:24.622 I/resolv  (  356): res_nmkquery: (QUERY, IN, A)
07-23 03:38:24.623 I/resolv  (  356): resolv_cache_lookup: FOUND IN CACHE entry=0x7b9e7a66b350
07-23 03:38:24.623 I/resolv  (  356): doQuery: rcode=0, ancount=1, return value=63
07-23 03:38:24.623 I/resolv  (  356): resolv_cache_lookup: FOUND IN CACHE entry=0x7b9e7a66bdd0
07-23 03:38:24.623 I/resolv  (  356): doQuery: rcode=0, ancount=1, return value=75
07-23 03:38:24.623 D/TrafficStats( 1044): tagSocket(6) with statsTag=0xffffff81, statsUid=-1
07-23 03:38:24.734 D/StatusBarIconController(  886): ignoring old pipeline callback because the new wifi icon is enabled
07-23 03:38:25.636 D/NetworkMonitor/100( 1044): PROBE_HTTP http://connectivitycheck.gstatic.com/generate_204 time=1014ms ret=204 request={Connection=[close], User-Agent=[Mozilla/5.0 (X11; Linux x86_64) AppleWebKit/537.36 (KHTML, like Gecko) Chrome/60.0.3112.32 Safari/537.36]} headers={null=[HTTP/1.1 204 No Content], Connection=[close], Content-Length=[0], Cross-Origin-Resource-Policy=[cross-origin], Date=[Thu, 23 Jul 2026 03:38:24 GMT], X-Android-Received-Millis=[1784777905635], X-Android-Response-Source=[NETWORK 204], X-Android-Selected-Protocol=[http/1.1], X-Android-Sent-Millis=[1784777905127]}
07-23 03:38:25.720 D/NetworkMonitor/100( 1044): PROBE_HTTPS https://www.google.com/generate_204 time=1100ms ret=204 request={Connection=[close], User-Agent=[Mozilla/5.0 (X11; Linux x86_64) AppleWebKit/537.36 (KHTML, like Gecko) Chrome/60.0.3112.32 Safari/537.36]} headers={null=[HTTP/1.1 204 No Content], Alt-Svc=[h3=":443"; ma=2592000,h3-29=":443"; ma=2592000], Connection=[close], Content-Length=[0], Cross-Origin-Resource-Policy=[cross-origin], Date=[Thu, 23 Jul 2026 03:38:25 GMT], X-Android-Received-Millis=[1784777905719], X-Android-Response-Source=[NETWORK 204], X-Android-Selected-Protocol=[http/1.1], X-Android-Sent-Millis=[1784777905636]}
07-23 03:38:25.721 D/NetworkMonitor/100( 1044): isCaptivePortal: isSuccessful()=true isPortal()=false RedirectUrl=null isPartialConnectivity()=false Time=1348ms
07-23 03:38:25.721 D/ConnectivityService(  546): [100 WIFI] validation passed
07-23 03:38:26.793 I/wpa_supplicant(  874): wlan0: CTRL-EVENT-BEACON-LOSS 
07-23 03:38:27.297 W/A       ( 1828): [Download] response code: 400
07-23 03:38:29.377 D/OomAdjuster(  546): Not killing cached processes
07-23 03:38:29.883 D/StatusBarIconController(  886): ignoring old pipeline callbacks, because the new mobile icons are enabled
07-23 03:38:30.743 D/StatusBarIconController(  886): ignoring old pipeline callback because the new wifi icon is enabled
07-23 03:38:32.385 D/ActivityManager(  546): freezing 2801 com.google.android.dialer
07-23 03:38:32.385 D/ActivityManager(  546): freezing 2006 android.process.acore
07-23 03:38:35.076 I/wpa_supplicant(  874): wlan0: CTRL-EVENT-BEACON-LOSS 
07-23 03:38:37.370 D/OomAdjuster(  546): Not killing cached processes
07-23 03:38:37.370 W/ProcessStats(  546): Tracking association SourceState{a2cc397 com.google.android.apps.nexuslauncher/10168 BTop #11304} whose proc state 2 is better than process ProcessState{ab901f7 com.google.android.googlequicksearchbox:search/10132 pkg=com.google.android.googlequicksearchbox} proc state 14 (85 skipped)
07-23 03:38:37.389 D/BtGatt.ScanManager( 1088): uid 10130 isForeground true scanMode -1
07-23 03:38:37.389 D/BtGatt.ScanManager( 1088): uid 10130 isForeground true scanMode -1
07-23 03:38:39.884 D/StatusBarIconController(  886): ignoring old pipeline callbacks, because the new mobile icons are enabled
07-23 03:38:43.057 I/wpa_supplicant(  874): wlan0: CTRL-EVENT-BEACON-LOSS 
07-23 03:38:49.883 D/StatusBarIconController(  886): ignoring old pipeline callbacks, because the new mobile icons are enabled
07-23 03:38:51.309 I/wpa_supplicant(  874): wlan0: CTRL-EVENT-BEACON-LOSS 
07-23 03:38:59.245 I/wpa_supplicant(  874): wlan0: CTRL-EVENT-BEACON-LOSS 
07-23 03:38:59.883 D/StatusBarIconController(  886): ignoring old pipeline callbacks, because the new mobile icons are enabled
07-23 03:39:00.020 I/AiAiEcho( 1771): Predicting[0]: 
07-23 03:39:00.020 I/AiAiEcho( 1771): EchoTargets: 
07-23 03:39:00.020 I/AiAiEcho( 1771): Filtered by AiAi flag check: 
07-23 03:39:00.020 I/AiAiEcho( 1771): Ranked targets strategy: SORT, count: 0, ranking metadata: 
07-23 03:39:00.021 I/AiAiEcho( 1771): #postPredictionTargets: Sending updates to UISurface lockscreen with targets# 0 (types=[])
07-23 03:39:00.039 W/PageIndicator(  886): Total number of pages invalid: 0. Assuming 1 page.
07-23 03:39:00.040 D/EGL_emulation(  886): app_time_stats: avg=59999.81ms min=59999.81ms max=59999.81ms count=1
07-23 03:39:04.369 D/ConnectivityService(  546): releasing NetworkRequest [ REQUEST id=185, [ Transports: CELLULAR Capabilities: INTERNET&NOT_RESTRICTED&TRUSTED&NOT_VPN&NOT_VCN_MANAGED Uid: 10132 RequestorUid: 10132 RequestorPkg: com.google.android.googlequicksearchbox UnderlyingNetworks: Null] ] (release request)
07-23 03:39:04.370 I/ConnectivityService(  546): Update capabilities for net 101 : -FOREGROUND
07-23 03:39:04.372 D/KernelCpuUidUserSysTimeReader(  546): Removing uids 99002-99002
07-23 03:39:04.372 I/netd    (  356): networkSetPermissionForNetwork(101, 1) <1.79ms>
07-23 03:39:07.225 I/wpa_supplicant(  874): wlan0: CTRL-EVENT-BEACON-LOSS 
07-23 03:39:09.884 D/StatusBarIconController(  886): ignoring old pipeline callbacks, because the new mobile icons are enabled
07-23 03:39:09.902 D/EGL_emulation(  886): app_time_stats: avg=9862.07ms min=9862.07ms max=9862.07ms count=1
07-23 03:39:13.866 I/AlarmManager( 5478): setExactAndAllowWhileIdle [name: GCM_HB_ALARM type: 2 triggerAtMillis: 1172553]
07-23 03:39:13.867 I/AlarmManager( 5478): setExactAndAllowWhileIdle [name: GCM_HB_ALARM type: 2 triggerAtMillis: 1172555]
07-23 03:39:13.868 D/OomAdjuster(  546): Not killing cached processes
07-23 03:39:15.416 I/wpa_supplicant(  874): wlan0: CTRL-EVENT-BEACON-LOSS 
07-23 03:39:15.802 D/StatusBarIconController(  886): ignoring old pipeline callback because the new wifi icon is enabled
07-23 03:39:18.578 W/healthd (    0): battery l=100 v=5000 t=25.0 h=2 st=4 c=900000 fc=3000000 cc=10 chg=
07-23 03:39:19.883 D/StatusBarIconController(  886): ignoring old pipeline callbacks, because the new mobile icons are enabled
07-23 03:39:23.353 I/wpa_supplicant(  874): wlan0: CTRL-EVENT-BEACON-LOSS 
07-23 03:39:24.814 D/StatusBarIconController(  886): ignoring old pipeline callback because the new wifi icon is enabled
07-23 03:39:29.883 D/StatusBarIconController(  886): ignoring old pipeline callbacks, because the new mobile icons are enabled
07-23 03:39:31.288 I/wpa_supplicant(  874): wlan0: CTRL-EVENT-BEACON-LOSS 
07-23 03:39:39.228 I/wpa_supplicant(  874): wlan0: CTRL-EVENT-BEACON-LOSS 
07-23 03:39:39.884 D/StatusBarIconController(  886): ignoring old pipeline callbacks, because the new mobile icons are enabled
07-23 03:39:39.901 D/EGL_emulation(  886): app_time_stats: avg=29999.03ms min=29999.03ms max=29999.03ms count=1
07-23 03:39:41.644 I/PhenotypeProcessReaper( 1569): Memory state is: 200
07-23 03:39:42.838 D/StatusBarIconController(  886): ignoring old pipeline callback because the new wifi icon is enabled
07-23 03:39:45.241 D/ControlsListingControllerImpl(  886): Subscribing callback, service count: 0
07-23 03:39:45.242 D/ControlsListingControllerImpl(  886): Unsubscribing callback
07-23 03:39:45.842 D/StatusBarIconController(  886): ignoring old pipeline callback because the new wifi icon is enabled
07-23 03:39:47.420 I/wpa_supplicant(  874): wlan0: CTRL-EVENT-BEACON-LOSS 
07-23 03:39:49.884 D/StatusBarIconController(  886): ignoring old pipeline callbacks, because the new mobile icons are enabled
07-23 03:39:55.356 I/wpa_supplicant(  874): wlan0: CTRL-EVENT-BEACON-LOSS 
07-23 03:39:59.884 D/StatusBarIconController(  886): ignoring old pipeline callbacks, because the new mobile icons are enabled
07-23 03:40:00.003 I/AiAiEcho( 1771): Predicting[0]: 
07-23 03:40:00.003 I/AiAiEcho( 1771): EchoTargets: 
07-23 03:40:00.003 I/AiAiEcho( 1771): Filtered by AiAi flag check: 
07-23 03:40:00.003 I/AiAiEcho( 1771): Ranked targets strategy: SORT, count: 0, ranking metadata: 
07-23 03:40:00.003 I/AiAiEcho( 1771): #postPredictionTargets: Sending updates to UISurface lockscreen with targets# 0 (types=[])
07-23 03:40:00.020 W/PageIndicator(  886): Total number of pages invalid: 0. Assuming 1 page.
07-23 03:40:00.022 D/EGL_emulation(  886): app_time_stats: avg=20120.23ms min=20120.23ms max=20120.23ms count=1
07-23 03:40:03.292 I/wpa_supplicant(  874): wlan0: CTRL-EVENT-BEACON-LOSS 
07-23 03:40:09.884 D/StatusBarIconController(  886): ignoring old pipeline callbacks, because the new mobile icons are enabled
07-23 03:40:11.484 I/wpa_supplicant(  874): wlan0: CTRL-EVENT-BEACON-LOSS 
07-23 03:40:18.917 D/WifiNl80211Manager(  546): Scan result ready event
07-23 03:40:18.917 D/WifiNative(  546): Scan result ready event
07-23 03:40:19.884 D/StatusBarIconController(  886): ignoring old pipeline callbacks, because the new mobile icons are enabled
07-23 03:40:23.189 I/PhenotypeProcessReaper( 5521): Memory state is: 125
07-23 03:40:23.321 I/PhenotypeProcessReaper( 5478): Memory state is: 125
07-23 03:40:24.938 I/ActivityManager(  546): Killing 2706:com.google.android.apps.wallpaper/u0a161 (adj 965): empty #17
07-23 03:40:24.938 I/ActivityManager(  546): Killing 1815:com.google.android.apps.youtube.music/u0a156 (adj 975): empty #18
07-23 03:40:24.938 I/ActivityManager(  546): Killing 4079:com.google.android.gm/u0a143 (adj 935): empty #19
07-23 03:40:24.938 I/ActivityManager(  546): Killing 1869:com.google.android.youtube/u0a139 (adj 935): empty #20
07-23 03:40:24.939 I/ActivityManager(  546): Killing 2987:com.google.android.tts/u0a145 (adj 945): empty #21
07-23 03:40:24.939 I/ActivityManager(  546): Killing 3065:com.android.chrome/u0a149 (adj 945): empty #22
07-23 03:40:24.939 I/ActivityManager(  546): Killing 5864:com.google.android.webview/u0a133 (adj 995): empty #23
07-23 03:40:24.939 I/ActivityManager(  546): Killing 3447:com.google.android.rkpdapp/u0a184 (adj 999): empty #24
07-23 03:40:24.939 I/ActivityManager(  546): Killing 3936:com.google.android.configupdater/u0a129 (adj 999): empty #25
07-23 03:40:24.939 I/ActivityManager(  546): Killing 2225:com.google.android.partnersetup/u0a124 (adj 955): empty #26
07-23 03:40:24.939 I/ActivityManager(  546): Killing 4975:com.google.android.webview:webview_apk/u0a133 (adj 999): empty #27
07-23 03:40:24.939 I/ActivityManager(  546): Killing 4426:com.google.android.marvin.talkback/u0a138 (adj 955): empty #28
07-23 03:40:24.939 I/ActivityManager(  546): Killing 4414:com.google.android.healthconnect.controller/u0a170 (adj 999): empty #29
07-23 03:40:24.939 I/ActivityManager(  546): Killing 1360:com.google.android.cellbroadcastreceiver/u0a187 (adj 999): empty #30
07-23 03:40:24.940 I/ActivityManager(  546): Killing 3500:com.android.traceur/u0a116 (adj 999): empty #31
07-23 03:40:24.940 I/ActivityManager(  546): Killing 4393:com.android.emergency/u0a166 (adj 999): empty #32
07-23 03:40:24.940 I/ActivityManager(  546): Killing 3120:com.google.android.documentsui/u0a98 (adj 999): empty #33
07-23 03:40:24.945 I/ActivityManager(  546): Killing 4017:com.google.android.packageinstaller/u0a94 (adj 999): empty #34
07-23 03:40:24.945 I/ActivityManager(  546): Killing 1688:com.google.android.devicelockcontroller/u0a180 (adj 999): empty #35
07-23 03:40:24.945 I/ActivityManager(  546): Killing 3898:com.android.shell/2000 (adj 999): empty #36
07-23 03:40:24.945 I/ActivityManager(  546): Killing 2137:com.android.imsserviceentitlement/u0a117 (adj 999): empty #37
07-23 03:40:24.945 I/ActivityManager(  546): Killing 3776:com.android.dynsystem:dynsystem/1000 (adj 999): empty #38
07-23 03:40:24.945 I/ActivityManager(  546): Killing 3748:com.android.dynsystem/1000 (adj 999): empty #39
07-23 03:40:24.945 I/ActivityManager(  546): Killing 3665:com.android.camera2/u0a142 (adj 999): empty #40
07-23 03:40:24.946 I/ActivityManager(  546): Killing 1991:com.android.managedprovisioning/u0a99 (adj 999): empty #41
07-23 03:40:24.946 I/ActivityManager(  546): Killing 3598:com.google.android.onetimeinitializer/u0a125 (adj 999): empty #42
07-23 03:40:24.946 I/ActivityManager(  546): Killing 2870:com.android.carrierdefaultapp/u0a108 (adj 999): empty #43
07-23 03:40:24.946 I/ActivityManager(  546): Killing 2575:com.android.externalstorage/u0a85 (adj 999): empty #44
07-23 03:40:24.946 I/ActivityManager(  546): Killing 2000:com.android.printspooler/u0a106 (adj 999): empty #45
07-23 03:40:24.946 I/ActivityManager(  546): Killing 1539:com.android.carrierconfig/u0a163 (adj 999): empty #46
07-23 03:40:24.946 I/ActivityManager(  546): Killing 2794:com.android.localtransport/1000 (adj 999): empty #47
07-23 03:40:24.947 I/ActivityManager(  546): Killing 1412:com.android.cellbroadcastreceiver/u0a91 (adj 999): empty #48
07-23 03:40:24.947 I/ActivityManager(  546): Killing 1910:com.google.android.googlesdksetup/u0a158 (adj 999): empty #49
07-23 03:40:24.947 I/ActivityManager(  546): Killing 1930:com.android.keychain/1000 (adj 999): empty #50
07-23 03:40:24.947 I/ActivityManager(  546): Killing 1213:com.android.bluetooth/1002 (adj 999): empty #51
07-23 03:40:24.948 I/libprocessgroup(  546): Successfully killed process cgroup uid 10161 pid 2706 in 8ms
07-23 03:40:24.959 D/ActivityManager(  546): sync unfroze 4420 com.google.android.apps.messaging for 6
07-23 03:40:24.967 I/NetworkScheduler.Stats( 5478): Task com.google.android.gms/com.google.android.gms.tapandpay.gcmtask.TapAndPayGcmTaskService started execution. cause:4 exec_start_elapsed_seconds: 683 [CONTEXT service_id=218 ]
07-23 03:40:24.978 I/Zygote  (  357): Process 2870 exited due to signal 9 (Killed)
07-23 03:40:24.978 I/Zygote  (  357): Process 3776 exited due to signal 9 (Killed)
07-23 03:40:24.978 D/DisplayManagerService(  546): Drop pending events for gone uid 10108
07-23 03:40:24.979 I/Zygote  (  357): Process 3500 exited due to signal 9 (Killed)
07-23 03:40:24.981 W/TimedProcessReaper( 4420): Memory state is: 230
07-23 03:40:24.981 I/Zygote  (  357): Process 5864 exited due to signal 9 (Killed)
07-23 03:40:24.987 W/ProcessStats(  546): Tracking association SourceState{885494d com.google.android.googlequicksearchbox:search/10132 BTop #11318} whose proc state 2 is better than process ProcessState{a0e1551 com.google.android.googlequicksearchbox:interactor/10132 pkg=com.google.android.googlequicksearchbox} proc state 4 (1 skipped)
07-23 03:40:24.987 V/NFC     ( 5478): this device does not have NFC support
07-23 03:40:24.988 W/TapAndPay( 5478): NfcAdapter is null while obtaining CardEmulation instance. [CONTEXT service_id=79 ]
07-23 03:40:24.988 W/TapAndPay( 5478): java.lang.NullPointerException: NfcAdapter is null
07-23 03:40:24.988 W/TapAndPay( 5478): 	at android.nfc.cardemulation.CardEmulation.getInstance(CardEmulation.java:152)
07-23 03:40:24.988 W/TapAndPay( 5478): 	at cdoy.<init>(:com.google.android.gms@231818047@23.18.18 (190800-535401451):0)
07-23 03:40:24.988 W/TapAndPay( 5478): 	at com.google.android.gms.tapandpay.hce.task.TapAndPayAidRegistrationTaskOperation.a(:com.google.android.gms@231818047@23.18.18 (190800-535401451):5)
07-23 03:40:24.988 W/TapAndPay( 5478): 	at com.google.android.gms.tapandpay.gcmtask.TapAndPayGcmTaskChimeraService.a(:com.google.android.gms@231818047@23.18.18 (190800-535401451):4)
07-23 03:40:24.988 W/TapAndPay( 5478): 	at avzs.call(:com.google.android.gms@231818047@23.18.18 (190800-535401451):4)
07-23 03:40:24.988 W/TapAndPay( 5478): 	at java.util.concurrent.FutureTask.run(FutureTask.java:264)
07-23 03:40:24.988 W/TapAndPay( 5478): 	at aced.c(:com.google.android.gms@231818047@23.18.18 (190800-535401451):6)
07-23 03:40:24.988 W/TapAndPay( 5478): 	at aced.run(:com.google.android.gms@231818047@23.18.18 (190800-535401451):7)
07-23 03:40:24.988 W/TapAndPay( 5478): 	at java.util.concurrent.ThreadPoolExecutor.runWorker(ThreadPoolExecutor.java:1145)
07-23 03:40:24.988 W/TapAndPay( 5478): 	at java.util.concurrent.ThreadPoolExecutor$Worker.run(ThreadPoolExecutor.java:644)
07-23 03:40:24.988 W/TapAndPay( 5478): 	at acjn.run(:com.google.android.gms@231818047@23.18.18 (190800-535401451):0)
07-23 03:40:24.988 W/TapAndPay( 5478): 	at java.lang.Thread.run(Thread.java:1012)
07-23 03:40:24.991 D/DisplayManagerService(  546): Drop pending events for gone uid 10116
07-23 03:40:24.993 I/NetworkScheduler.Stats( 5478): Task com.google.android.gms/com.google.android.gms.auth.account.be.legacy.AuthCronService started execution. cause:4 exec_start_elapsed_seconds: 683 [CONTEXT service_id=218 ]
07-23 03:40:24.993 I/Bugle   ( 4420): BroadcastReceiverAsyncWorkTracker: Acknowledging broadcast of bdxy@6e65d95
07-23 03:40:24.993 I/Zygote  (  357): Process 2706 exited due to signal 9 (Killed)
07-23 03:40:24.993 I/Zygote  (  357): Process 4079 exited due to signal 9 (Killed)
07-23 03:40:24.994 D/DisplayManagerService(  546): Drop pending events for gone uid 10161
07-23 03:40:24.997 D/DisplayManagerService(  546): Drop pending events for gone uid 10143
07-23 03:40:25.000 I/libprocessgroup(  546): Successfully killed process cgroup uid 10156 pid 1815 in 0ms
07-23 03:40:25.004 I/NetworkScheduler.Stats( 5478): Task com.google.android.gms/com.google.android.gms.tapandpay.gcmtask.TapAndPayGcmTaskService finished executing. cause:4 result: 3 elapsed_millis: 41 uptime_millis: 41 exec_start_elapsed_seconds: 683 [CONTEXT service_id=218 ]
07-23 03:40:25.007 D/DisplayManagerService(  546): Drop pending events for gone uid 10106
07-23 03:40:25.010 I/Zygote  (  357): Process 2000 exited due to signal 9 (Killed)
07-23 03:40:25.013 D/ActivityManager(  546): sync unfroze 2527 com.google.android.gms.unstable for 6
07-23 03:40:25.017 D/ConnectivityService(  546): requestNetwork for uid/pid:10131/4420 activeRequest: null callbackRequest: 186 [NetworkRequest [ REQUEST id=187, [ Capabilities: INTERNET&NOT_RESTRICTED&TRUSTED&NOT_VCN_MANAGED Uid: 10131 RequestorUid: 10131 RequestorPkg: com.google.android.apps.messaging UnderlyingNetworks: Null] ]] callback flags: 0 order: 2147483647
07-23 03:40:25.018 D/WifiNetworkFactory(  546): got request NetworkRequest [ REQUEST id=187, [ Capabilities: INTERNET&NOT_RESTRICTED&TRUSTED&NOT_VCN_MANAGED Uid: 10131 RequestorUid: 10131 RequestorPkg: com.google.android.apps.messaging UnderlyingNetworks: Null] ]
07-23 03:40:25.018 D/UntrustedWifiNetworkFactory(  546): got request NetworkRequest [ REQUEST id=187, [ Capabilities: INTERNET&NOT_RESTRICTED&TRUSTED&NOT_VCN_MANAGED Uid: 10131 RequestorUid: 10131 RequestorPkg: com.google.android.apps.messaging UnderlyingNetworks: Null] ]
07-23 03:40:25.018 D/OemPaidWifiNetworkFactory(  546): got request NetworkRequest [ REQUEST id=187, [ Capabilities: INTERNET&NOT_RESTRICTED&TRUSTED&NOT_VCN_MANAGED Uid: 10131 RequestorUid: 10131 RequestorPkg: com.google.android.apps.messaging UnderlyingNetworks: Null] ]
07-23 03:40:25.018 D/MultiInternetWifiNetworkFactory(  546): got request NetworkRequest [ REQUEST id=187, [ Capabilities: INTERNET&NOT_RESTRICTED&TRUSTED&NOT_VCN_MANAGED Uid: 10131 RequestorUid: 10131 RequestorPkg: com.google.android.apps.messaging UnderlyingNetworks: Null] ]
07-23 03:40:25.018 D/ConnectivityService(  546): NetReassign [187 : null → 100] [c 0] [a 0] [i 1]
07-23 03:40:25.018 I/PhenotypeProcessReaper( 2527): Memory state is: 125
07-23 03:40:25.025 I/Zygote  (  357): Process 3665 exited due to signal 9 (Killed)
07-23 03:40:25.027 I/Zygote  (  357): Process 1412 exited due to signal 9 (Killed)
07-23 03:40:25.029 D/MddListenableWorkerFactory( 4420): createWorker for class: com.google.android.apps.messaging.rcsprovisioning.RcsProvisioningListenableWorker
07-23 03:40:25.029 I/Zygote  (  357): Process 2987 exited due to signal 9 (Killed)
07-23 03:40:25.031 D/DisplayManagerService(  546): Drop pending events for gone uid 10142
07-23 03:40:25.025 I/binder  (    0): undelivered transaction 571716, process died.
07-23 03:40:25.030 I/binder  (    0): undelivered transaction 597762, process died.
07-23 03:40:25.031 I/binder  (    0): undelivered transaction 598901, process died.
07-23 03:40:25.031 I/binder  (    0): undelivered transaction 625899, process died.
07-23 03:40:25.032 I/binder  (    0): undelivered transaction 643191, process died.
07-23 03:40:25.032 I/binder  (    0): undelivered transaction 558116, process died.
07-23 03:40:25.031 I/BugleRcsWorker( 4420): [seqId=5][workId=fe62bd47-bab5-4f36-bfb8-eac500858944] RCS provisioning task has started
07-23 03:40:25.033 I/Zygote  (  357): Process 4017 exited due to signal 9 (Killed)
07-23 03:40:25.036 I/Zygote  (  357): Process 1991 exited due to signal 9 (Killed)
07-23 03:40:25.036 I/Zygote  (  357): Process 1815 exited due to signal 9 (Killed)
07-23 03:40:25.037 D/ConnectivityService(  546): releasing NetworkRequest [ REQUEST id=62, [ Capabilities: INTERNET&NOT_RESTRICTED&TRUSTED&NOT_VCN_MANAGED Uid: 10156 RequestorUid: 10156 RequestorPkg: com.google.android.apps.youtube.music UnderlyingNetworks: Null] ] (release request)
07-23 03:40:25.038 I/Zygote  (  357): Process 1688 exited due to signal 9 (Killed)
07-23 03:40:25.038 I/Zygote  (  357): Process 2575 exited due to signal 9 (Killed)
07-23 03:40:25.039 I/Zygote  (  357): Process 3120 exited due to signal 9 (Killed)
07-23 03:40:25.033 I/binder  (    0): undelivered transaction 625046, process died.
07-23 03:40:25.034 I/binder  (    0): undelivered transaction 643285, process died.
07-23 03:40:25.035 I/binder  (    0): undelivered transaction 653327, process died.
07-23 03:40:25.035 I/binder  (    0): undelivered transaction 660453, process died.
07-23 03:40:25.040 D/DisplayManagerService(  546): Drop pending events for gone uid 10091
07-23 03:40:25.040 I/Zygote  (  357): Process 3898 exited due to signal 9 (Killed)
07-23 03:40:25.040 I/libprocessgroup(  546): Successfully killed process cgroup uid 10143 pid 4079 in 0ms
07-23 03:40:25.040 I/Zygote  (  357): Process 3598 exited due to signal 9 (Killed)
07-23 03:40:25.041 I/Zygote  (  357): Process 2225 exited due to signal 9 (Killed)
07-23 03:40:25.041 I/libprocessgroup(  546): Successfully killed process cgroup uid 10139 pid 1869 in 0ms
07-23 03:40:25.041 I/Zygote  (  357): Process 1213 exited due to signal 9 (Killed)
07-23 03:40:25.041 I/Zygote  (  357): Process 4975 exited due to signal 9 (Killed)
07-23 03:40:25.041 D/ConnectivityService(  546): releasing NetworkRequest [ REQUEST id=65, [ Capabilities: INTERNET&NOT_RESTRICTED&TRUSTED&NOT_VCN_MANAGED Uid: 10156 RequestorUid: 10156 RequestorPkg: com.google.android.apps.youtube.music UnderlyingNetworks: Null] ] (release request)
07-23 03:40:25.041 D/ConnectivityService(  546): releasing NetworkRequest [ REQUEST id=73, [ Capabilities: INTERNET&NOT_RESTRICTED&TRUSTED&NOT_VCN_MANAGED Uid: 10156 RequestorUid: 10156 RequestorPkg: com.google.android.apps.youtube.music UnderlyingNetworks: Null] ] (release request)
07-23 03:40:25.042 I/MediaSessionStack(  546): removeSession | record: com.google.android.apps.youtube.music/YouTube playerlib (userId=0)
07-23 03:40:25.042 I/StatusBarManagerService(  546): binder died for pkg=com.google.android.googlesdksetup
07-23 03:40:25.043 V/MediaPlayerList( 1088): onActiveSessionsChanged: number of controllers: 1
07-23 03:40:25.043 I/Zygote  (  357): Process 1910 exited due to signal 9 (Killed)
07-23 03:40:25.043 I/Zygote  (  357): Process 3447 exited due to signal 9 (Killed)
07-23 03:40:25.043 I/Zygote  (  357): Process 3936 exited due to signal 9 (Killed)
07-23 03:40:25.043 I/Zygote  (  357): Process 4414 exited due to signal 9 (Killed)
07-23 03:40:25.043 I/Zygote  (  357): Process 4426 exited due to signal 9 (Killed)
07-23 03:40:25.043 I/Zygote  (  357): Process 1360 exited due to signal 9 (Killed)
07-23 03:40:25.044 D/MediaPlayerList( 1088): onActiveSessionsChanged: controller: com.google.android.googlequicksearchbox
07-23 03:40:25.044 I/BugleRcsWorker( 4420): [seqId=5][workId=fe62bd47-bab5-4f36-bfb8-eac500858944] Starting StateMachine, trigger is STATE_MACHINE_RETRY
07-23 03:40:25.044 I/BugleRcsEngine( 4420): [159] brfq.d: (PEv2-SM-Bugle-246775202): start PEv2, trigger is STATE_MACHINE_RETRY, workerId is fe62bd47-bab5-4f36-bfb8-eac500858944 [null]
07-23 03:40:25.044 I/Zygote  (  357): Process 3748 exited due to signal 9 (Killed)
07-23 03:40:25.045 I/Zygote  (  357): Process 2137 exited due to signal 9 (Killed)
07-23 03:40:25.045 I/BugleRcsEngine( 4420): [159] broo.g: Created new RcsProvisioningProtoDataStorage for sim redacted-pii:sim_id[chars:20,last3:897]
07-23 03:40:25.045 I/Zygote  (  357): Process 1930 exited due to signal 9 (Killed)
07-23 03:40:25.045 I/Zygote  (  357): Process 1539 exited due to signal 9 (Killed)
07-23 03:40:25.045 I/Zygote  (  357): Process 4393 exited due to signal 9 (Killed)
07-23 03:40:25.045 I/Zygote  (  357): Process 2794 exited due to signal 9 (Killed)
07-23 03:40:25.046 I/Zygote  (  357): Process 3065 exited due to signal 9 (Killed)
07-23 03:40:25.046 D/ConnectivityService(  546): releasing NetworkRequest [ REQUEST id=43, [ Capabilities: INTERNET&NOT_RESTRICTED&TRUSTED&NOT_VCN_MANAGED Uid: 10139 RequestorUid: 10139 RequestorPkg: com.google.android.youtube UnderlyingNetworks: Null] ] (release request)
07-23 03:40:25.046 I/MediaSessionStack(  546): removeSession | record: com.google.android.youtube/YouTube playerlib (userId=0)
07-23 03:40:25.046 D/ConnectivityService(  546): releasing NetworkRequest [ REQUEST id=45, [ Capabilities: INTERNET&NOT_RESTRICTED&TRUSTED&NOT_VCN_MANAGED Uid: 10139 RequestorUid: 10139 RequestorPkg: com.google.android.youtube UnderlyingNetworks: Null] ] (release request)
07-23 03:40:25.046 D/ConnectivityService(  546): releasing NetworkRequest [ REQUEST id=57, [ Capabilities: INTERNET&NOT_RESTRICTED&TRUSTED&NOT_VCN_MANAGED Uid: 10139 RequestorUid: 10139 RequestorPkg: com.google.android.youtube UnderlyingNetworks: Null] ] (release request)
07-23 03:40:25.047 D/DisplayManagerService(  546): Drop pending events for gone uid 10145
07-23 03:40:25.047 D/ConnectivityService(  546): releasing NetworkRequest [ REQUEST id=60, [ Capabilities: INTERNET&NOT_RESTRICTED&TRUSTED&NOT_VCN_MANAGED Uid: 10139 RequestorUid: 10139 RequestorPkg: com.google.android.youtube UnderlyingNetworks: Null] ] (release request)
07-23 03:40:25.047 I/Zygote  (  357): Process 1869 exited due to signal 9 (Killed)
07-23 03:40:25.047 D/ConnectivityService(  546): releasing NetworkRequest [ REQUEST id=76, [ Capabilities: INTERNET&NOT_RESTRICTED&TRUSTED&NOT_VCN_MANAGED Uid: 10139 RequestorUid: 10139 RequestorPkg: com.google.android.youtube UnderlyingNetworks: Null] ] (release request)
07-23 03:40:25.047 I/MediaPlayerList( 1088): sendMediaUpdate: Creating a one item queue for a player with no queue
07-23 03:40:25.048 D/MediaPlayerList( 1088): sendMediaUpdate state=PlaybackState {state=NONE(0), position=0, buffered position=0, speed=0.0, updated=40550, actions=2409991, custom actions=[Action:mName='Rewind 10 seconds, mIcon=2131234345, mExtras=null, Action:mName='Fast forward 30 second, mIcon=2131234125, mExtras=null, Action:mName='Skip to next episode, mIcon=2131234405, mExtras=null], active item id=-1, error=null}
07-23 03:40:25.048 I/BugleRcsEngine( 4420): [159] brnl.h: No RCS Configuration was found in Bugle for simID: redacted-pii:sim_id[chars:20,last3:897]
07-23 03:40:25.048 I/libprocessgroup(  546): Successfully killed process cgroup uid 10145 pid 2987 in 0ms
07-23 03:40:25.048 I/BugleRcsEngine( 4420): [159] brfq.d: (PEv2-SM-Bugle-246775202): start [null]
07-23 03:40:25.049 I/libprocessgroup(  546): Successfully killed process cgroup uid 10149 pid 3065 in 0ms
07-23 03:40:25.049 I/libprocessgroup(  546): Successfully killed process cgroup uid 10133 pid 5864 in 0ms
07-23 03:40:25.049 I/libprocessgroup(  546): Successfully killed process cgroup uid 10184 pid 3447 in 0ms
07-23 03:40:25.049 I/libprocessgroup(  546): Successfully killed process cgroup uid 10129 pid 3936 in 0ms
07-23 03:40:25.049 I/libprocessgroup(  546): Successfully killed process cgroup uid 10124 pid 2225 in 0ms
07-23 03:40:25.049 I/libprocessgroup(  546): Successfully killed process cgroup uid 10133 pid 4975 in 0ms
07-23 03:40:25.049 I/BugleRcsEngine( 4420): [160] brfq.d: (PEv2-SM-Bugle-246775202): Enter EnabledState [null]
07-23 03:40:25.050 W/MediaControlGattService( 1088): Feature PLAYER_NAME(BIT 1) support: true
07-23 03:40:25.050 W/MediaControlGattService( 1088): Feature PLAYER_NAME(BIT 1) support: true
07-23 03:40:25.050 W/MediaControlGattService( 1088): Feature MEDIA_STATE(BIT 17) support: true
07-23 03:40:25.050 V/MediaPlayerList( 1088): onActiveSessionsChanged: number of controllers: 1
07-23 03:40:25.051 D/MediaPlayerList( 1088): onActiveSessionsChanged: controller: com.google.android.googlequicksearchbox
07-23 03:40:25.053 W/BugleRcsEngine( 4420): [160] bpxc.w: Unable to send diagnostic log
07-23 03:40:25.052 I/libprocessgroup(  546): Successfully killed process cgroup uid 10138 pid 4426 in 0ms
07-23 03:40:25.054 D/DisplayManagerService(  546): Drop pending events for gone uid 10098
07-23 03:40:25.055 I/libprocessgroup(  546): Successfully killed process cgroup uid 10170 pid 4414 in 0ms
07-23 03:40:25.055 I/libprocessgroup(  546): Successfully killed process cgroup uid 10187 pid 1360 in 0ms
07-23 03:40:25.055 I/BugleRcsEngine( 4420): [160] brds.c: Sending ProvisioningEvent to Bugle [Send Provisioning Session ID (18)], redacted-pii:[chars:65]
07-23 03:40:25.056 I/BugleRcsEngine( 4420): [160] bsgz.b: EngineBroadcaster: Broadcasting provisioning intent com.google.android.ims.provisioning.engine.provisioningEventAction to Bugle with extras redacted-pii:[chars:223] from source PROVISIONING_EVENT
07-23 03:40:25.057 I/MediaPlayerList( 1088): sendMediaUpdate: Creating a one item queue for a player with no queue
07-23 03:40:25.057 D/MediaPlayerList( 1088): sendMediaUpdate state=PlaybackState {state=NONE(0), position=0, buffered position=0, speed=0.0, updated=40550, actions=2409991, custom actions=[Action:mName='Rewind 10 seconds, mIcon=2131234345, mExtras=null, Action:mName='Fast forward 30 second, mIcon=2131234125, mExtras=null, Action:mName='Skip to next episode, mIcon=2131234405, mExtras=null], active item id=-1, error=null}
07-23 03:40:25.057 D/AvrcpTargetJni( 1088): sendMediaUpdateNative
07-23 03:40:25.057 I/bt_stack( 1088): [INFO:avrcp_service.cc(515)] virtual void bluetooth::avrcp::AvrcpService::SendMediaUpdate(bool, bool, bool) track_changed=0 :  play_state=0 :  queue=0
07-23 03:40:25.057 V/MediaPlayerList( 1088): onActiveSessionsChanged: number of controllers: 1
07-23 03:40:25.058 D/DisplayManagerService(  546): Drop pending events for gone uid 10156
07-23 03:40:25.059 D/MediaPlayerList( 1088): onActiveSessionsChanged: controller: com.google.android.googlequicksearchbox
07-23 03:40:25.060 I/MediaPlayerList( 1088): sendMediaUpdate: Creating a one item queue for a player with no queue
07-23 03:40:25.060 D/MediaPlayerList( 1088): sendMediaUpdate state=PlaybackState {state=NONE(0), position=0, buffered position=0, speed=0.0, updated=40550, actions=2409991, custom actions=[Action:mName='Rewind 10 seconds, mIcon=2131234345, mExtras=null, Action:mName='Fast forward 30 second, mIcon=2131234125, mExtras=null, Action:mName='Skip to next episode, mIcon=2131234405, mExtras=null], active item id=-1, error=null}
07-23 03:40:25.060 W/MediaControlGattService( 1088): Feature PLAYER_NAME(BIT 1) support: true
07-23 03:40:25.060 W/MediaControlGattService( 1088): Feature PLAYER_NAME(BIT 1) support: true
07-23 03:40:25.060 I/libprocessgroup(  546): Successfully killed process cgroup uid 10116 pid 3500 in 0ms
07-23 03:40:25.060 W/MediaControlGattService( 1088): Feature MEDIA_STATE(BIT 17) support: true
